D:\dsh\work\scaleup\scripts\spectral_lm_torch.py:510: UserWarning: The given NumPy array is not writable, and PyTorch does not support non-writable tensors. This means writing to this tensor will result in undefined behavior. You may want to copy the array to protect its data or make it writable before converting it to a tensor. This type of warning will be suppressed for the rest of this program. (Triggered internally at C:\actions-runner\_work\pytorch\pytorch\pytorch\torch\csrc\utils\tensor_numpy.cpp:212.)
  self.train = torch.as_tensor(np.ascontiguousarray(corpus.train), device=device)
== run s3_fnet_T512_d384_L6_s0_lr0.8 | corpus 100.0MB vocab=206 | params=7178496 (mix=0 active=0) | cuda torch.float32
[s3_fnet_T512_d384_L6_s0_lr0.8] step      0  train 0.0000  val 5.3662  acc 0.0652  (0s)
[s3_fnet_T512_d384_L6_s0_lr0.8] step    250  train 3.7955  val 3.5421  acc 0.1342  (26s)
[s3_fnet_T512_d384_L6_s0_lr0.8] step    500  train 3.4464  val 3.3079  acc 0.1557  (50s)
[s3_fnet_T512_d384_L6_s0_lr0.8] step    750  train 3.3075  val 3.1759  acc 0.1736  (75s)
[s3_fnet_T512_d384_L6_s0_lr0.8] step   1000  train 3.2142  val 3.1530  acc 0.1827  (101s)
[s3_fnet_T512_d384_L6_s0_lr0.8] step   1250  train 3.1227  val 3.0254  acc 0.2088  (127s)
[s3_fnet_T512_d384_L6_s0_lr0.8] step   1500  train 3.0194  val 2.9380  acc 0.2198  (152s)
[s3_fnet_T512_d384_L6_s0_lr0.8] step   1750  train 2.9658  val 2.8638  acc 0.2388  (178s)
[s3_fnet_T512_d384_L6_s0_lr0.8] step   2000  train 2.9055  val 2.8398  acc 0.2459  (204s)
[s3_fnet_T512_d384_L6_s0_lr0.8] step   2250  train 2.8373  val 2.7583  acc 0.2513  (230s)
[s3_fnet_T512_d384_L6_s0_lr0.8] step   2500  train 2.8040  val 2.7341  acc 0.2638  (256s)
[s3_fnet_T512_d384_L6_s0_lr0.8] step   2750  train 2.7773  val 2.6885  acc 0.2720  (281s)
[s3_fnet_T512_d384_L6_s0_lr0.8] step   3000  train 2.7409  val 2.6890  acc 0.2759  (307s)
[s3_fnet_T512_d384_L6_s0_lr0.8] step   3250  train 2.7094  val 2.6538  acc 0.2820  (333s)
[s3_fnet_T512_d384_L6_s0_lr0.8] step   3500  train 2.6815  val 2.6060  acc 0.2884  (359s)
[s3_fnet_T512_d384_L6_s0_lr0.8] step   3750  train 2.6684  val 2.5880  acc 0.2921  (384s)
[s3_fnet_T512_d384_L6_s0_lr0.8] step   4000  train 2.6436  val 2.5843  acc 0.2997  (410s)
[s3_fnet_T512_d384_L6_s0_lr0.8] step   4250  train 2.6363  val 2.5646  acc 0.2904  (436s)
[s3_fnet_T512_d384_L6_s0_lr0.8] step   4500  train 2.6175  val 2.5399  acc 0.3033  (461s)
[s3_fnet_T512_d384_L6_s0_lr0.8] step   4750  train 2.6095  val 2.5337  acc 0.3079  (487s)
[s3_fnet_T512_d384_L6_s0_lr0.8] step   5000  train 2.5851  val 2.5205  acc 0.3053  (513s)
[s3_fnet_T512_d384_L6_s0_lr0.8] step   5250  train 2.5747  val 2.4876  acc 0.3178  (539s)
[s3_fnet_T512_d384_L6_s0_lr0.8] step   5500  train 2.5601  val 2.5036  acc 0.3200  (564s)
[s3_fnet_T512_d384_L6_s0_lr0.8] step   5750  train 2.5507  val 2.4678  acc 0.3188  (590s)
[s3_fnet_T512_d384_L6_s0_lr0.8] step   6000  train 2.5371  val 2.4823  acc 0.3199  (616s)
[s3_fnet_T512_d384_L6_s0_lr0.8] step   6250  train 2.5308  val 2.4608  acc 0.3246  (642s)
[s3_fnet_T512_d384_L6_s0_lr0.8] step   6500  train 2.5181  val 2.4303  acc 0.3287  (667s)
[s3_fnet_T512_d384_L6_s0_lr0.8] step   6750  train 2.5148  val 2.4269  acc 0.3304  (693s)
[s3_fnet_T512_d384_L6_s0_lr0.8] step   7000  train 2.5096  val 2.4153  acc 0.3368  (719s)
[s3_fnet_T512_d384_L6_s0_lr0.8] step   7250  train 2.5010  val 2.4151  acc 0.3279  (745s)
[s3_fnet_T512_d384_L6_s0_lr0.8] step   7500  train 2.4961  val 2.4071  acc 0.3308  (771s)
[s3_fnet_T512_d384_L6_s0_lr0.8] step   7750  train 2.4697  val 2.3966  acc 0.3339  (796s)
[s3_fnet_T512_d384_L6_s0_lr0.8] step   8000  train 2.4547  val 2.3880  acc 0.3395  (822s)
[s3_fnet_T512_d384_L6_s0_lr0.8] step   8250  train 2.4468  val 2.3727  acc 0.3458  (848s)
[s3_fnet_T512_d384_L6_s0_lr0.8] step   8500  train 2.4316  val 2.3499  acc 0.3491  (874s)
[s3_fnet_T512_d384_L6_s0_lr0.8] step   8750  train 2.4161  val 2.3384  acc 0.3563  (900s)
[s3_fnet_T512_d384_L6_s0_lr0.8] step   9000  train 2.3952  val 2.3276  acc 0.3626  (925s)
[s3_fnet_T512_d384_L6_s0_lr0.8] step   9250  train 2.3967  val 2.3191  acc 0.3604  (951s)
[s3_fnet_T512_d384_L6_s0_lr0.8] step   9500  train 2.3793  val 2.2981  acc 0.3701  (977s)
[s3_fnet_T512_d384_L6_s0_lr0.8] step   9750  train 2.3606  val 2.2932  acc 0.3750  (1003s)
[s3_fnet_T512_d384_L6_s0_lr0.8] zero-shot T=128  val 6.4518  acc 0.1121
[s3_fnet_T512_d384_L6_s0_lr0.8] zero-shot T=256  val 3.8650  acc 0.1707
[s3_fnet_T512_d384_L6_s0_lr0.8] zero-shot T=512  val 2.2934  acc 0.3675
[s3_fnet_T512_d384_L6_s0_lr0.8] zero-shot T=1024  val 4.3690  acc 0.1114
[s3_fnet_T512_d384_L6_s0_lr0.8] done in 1029s; best val 2.2864  (9.72 steps/s)
