D:\dsh\work\scaleup\scripts\spectral_lm_torch.py:510: UserWarning: The given NumPy array is not writable, and PyTorch does not support non-writable tensors. This means writing to this tensor will result in undefined behavior. You may want to copy the array to protect its data or make it writable before converting it to a tensor. This type of warning will be suppressed for the rest of this program. (Triggered internally at C:\actions-runner\_work\pytorch\pytorch\pytorch\torch\csrc\utils\tensor_numpy.cpp:212.)
  self.train = torch.as_tensor(np.ascontiguousarray(corpus.train), device=device)
== run s3_gated_T512_d384_L6_s0_lr0.8 | corpus 100.0MB vocab=206 | params=11316480 (mix=4137984 active=1184256) | cuda torch.float32
[s3_gated_T512_d384_L6_s0_lr0.8] step      0  train 0.0000  val 5.3455  acc 0.0086  (1s)
[s3_gated_T512_d384_L6_s0_lr0.8] step    250  train 12.9961  val 20.1624  acc 0.0178  (30s)
[s3_gated_T512_d384_L6_s0_lr0.8] step    500  train 33.1017  val 4.1442  acc 0.1313  (58s)
[s3_gated_T512_d384_L6_s0_lr0.8] step    750  train 49.9994  val 7.5868  acc 0.0581  (87s)
[s3_gated_T512_d384_L6_s0_lr0.8] step   1000  train 31.3313  val 21.8334  acc 0.0852  (115s)
[s3_gated_T512_d384_L6_s0_lr0.8] step   1250  train 13.3052  val 6.5752  acc 0.0896  (144s)
[s3_gated_T512_d384_L6_s0_lr0.8] step   1500  train 7.4507  val 5.2430  acc 0.0626  (172s)
[s3_gated_T512_d384_L6_s0_lr0.8] step   1750  train 7.2023  val 8.9280  acc 0.0934  (201s)
[s3_gated_T512_d384_L6_s0_lr0.8] step   2000  train 6.8326  val 9.5060  acc 0.0284  (230s)
[s3_gated_T512_d384_L6_s0_lr0.8] step   2250  train 9.1214  val 3.8391  acc 0.1075  (258s)
[s3_gated_T512_d384_L6_s0_lr0.8] step   2500  train 5.4968  val 6.8770  acc 0.0213  (287s)
[s3_gated_T512_d384_L6_s0_lr0.8] step   2750  train 5.7172  val 4.4093  acc 0.0654  (316s)
[s3_gated_T512_d384_L6_s0_lr0.8] step   3000  train 7.7599  val 3.6636  acc 0.1307  (344s)
[s3_gated_T512_d384_L6_s0_lr0.8] step   3250  train 5.8194  val 3.6202  acc 0.1081  (373s)
[s3_gated_T512_d384_L6_s0_lr0.8] step   3500  train 4.7965  val 3.5600  acc 0.1313  (402s)
[s3_gated_T512_d384_L6_s0_lr0.8] step   3750  train 4.4649  val 3.5685  acc 0.1079  (430s)
[s3_gated_T512_d384_L6_s0_lr0.8] step   4000  train 4.1960  val 4.1272  acc 0.0371  (459s)
[s3_gated_T512_d384_L6_s0_lr0.8] step   4250  train 3.7085  val 3.5643  acc 0.1313  (487s)
[s3_gated_T512_d384_L6_s0_lr0.8] step   4500  train 3.6328  val 3.5221  acc 0.1313  (516s)
[s3_gated_T512_d384_L6_s0_lr0.8] step   4750  train 3.5711  val 3.5091  acc 0.1313  (544s)
[s3_gated_T512_d384_L6_s0_lr0.8] step   5000  train 3.5573  val 3.5273  acc 0.1313  (573s)
[s3_gated_T512_d384_L6_s0_lr0.8] step   5250  train 3.5642  val 3.5133  acc 0.1313  (601s)
[s3_gated_T512_d384_L6_s0_lr0.8] step   5500  train 3.5392  val 3.5129  acc 0.1313  (630s)
[s3_gated_T512_d384_L6_s0_lr0.8] step   5750  train 3.5367  val 3.5251  acc 0.1313  (658s)
[s3_gated_T512_d384_L6_s0_lr0.8] step   6000  train 3.5669  val 3.5058  acc 0.1313  (687s)
[s3_gated_T512_d384_L6_s0_lr0.8] step   6250  train 3.5327  val 3.5110  acc 0.1313  (715s)
[s3_gated_T512_d384_L6_s0_lr0.8] step   6500  train 3.5495  val 3.5109  acc 0.1313  (744s)
[s3_gated_T512_d384_L6_s0_lr0.8] step   6750  train 3.5419  val 3.5092  acc 0.1313  (772s)
[s3_gated_T512_d384_L6_s0_lr0.8] step   7000  train 3.5313  val 3.5042  acc 0.1313  (801s)
[s3_gated_T512_d384_L6_s0_lr0.8] step   7250  train 3.5475  val 3.5213  acc 0.1313  (829s)
[s3_gated_T512_d384_L6_s0_lr0.8] step   7500  train 3.5329  val 3.5158  acc 0.1313  (858s)
[s3_gated_T512_d384_L6_s0_lr0.8] step   7750  train 3.5442  val 3.5304  acc 0.1071  (886s)
[s3_gated_T512_d384_L6_s0_lr0.8] step   8000  train 3.5184  val 3.5053  acc 0.1313  (915s)
[s3_gated_T512_d384_L6_s0_lr0.8] step   8250  train 3.5260  val 3.5077  acc 0.1313  (944s)
[s3_gated_T512_d384_L6_s0_lr0.8] step   8500  train 3.5329  val 3.5186  acc 0.1313  (972s)
[s3_gated_T512_d384_L6_s0_lr0.8] step   8750  train 3.5261  val 3.5034  acc 0.1313  (1001s)
[s3_gated_T512_d384_L6_s0_lr0.8] step   9000  train 3.5313  val 3.5009  acc 0.1313  (1029s)
[s3_gated_T512_d384_L6_s0_lr0.8] step   9250  train 3.5212  val 3.5121  acc 0.1313  (1058s)
[s3_gated_T512_d384_L6_s0_lr0.8] step   9500  train 3.5171  val 3.5041  acc 0.1313  (1086s)
[s3_gated_T512_d384_L6_s0_lr0.8] step   9750  train 3.5265  val 3.5027  acc 0.1313  (1115s)
[s3_gated_T512_d384_L6_s0_lr0.8] zero-shot T=128  val 3.5182  acc 0.1417
[s3_gated_T512_d384_L6_s0_lr0.8] zero-shot T=256  val 3.4998  acc 0.1376
[s3_gated_T512_d384_L6_s0_lr0.8] zero-shot T=512  val 3.4631  acc 0.1372
[s3_gated_T512_d384_L6_s0_lr0.8] zero-shot T=1024  val 3.6247  acc 0.1166
[s3_gated_T512_d384_L6_s0_lr0.8] done in 1144s; best val 3.5009  (8.74 steps/s)
