D:\dsh\work\scaleup\scripts\spectral_lm_torch.py:510: UserWarning: The given NumPy array is not writable, and PyTorch does not support non-writable tensors. This means writing to this tensor will result in undefined behavior. You may want to copy the array to protect its data or make it writable before converting it to a tensor. This type of warning will be suppressed for the rest of this program. (Triggered internally at C:\actions-runner\_work\pytorch\pytorch\pytorch\torch\csrc\utils\tensor_numpy.cpp:212.)
  self.train = torch.as_tensor(np.ascontiguousarray(corpus.train), device=device)
== run lnbug_on_spectral_T256_d192_L4_s0_lr0.8 | corpus 100.0MB vocab=206 | params=2014464 (mix=787968 active=198144) | cuda torch.float32
[lnbug_on_spectral_T256_d192_L4_s0_lr0.8] step      0  train 0.0000  val 5.3701  acc 0.0016  (0s)
[lnbug_on_spectral_T256_d192_L4_s0_lr0.8] step    250  train 3.6508  val 3.3934  acc 0.1729  (7s)
[lnbug_on_spectral_T256_d192_L4_s0_lr0.8] step    500  train 3.1648  val 2.8481  acc 0.2840  (14s)
[lnbug_on_spectral_T256_d192_L4_s0_lr0.8] step    750  train 2.6949  val 2.5845  acc 0.3256  (21s)
[lnbug_on_spectral_T256_d192_L4_s0_lr0.8] step   1000  train 2.5182  val 2.4099  acc 0.3577  (28s)
[lnbug_on_spectral_T256_d192_L4_s0_lr0.8] step   1250  train 2.3317  val 2.2226  acc 0.3986  (35s)
[lnbug_on_spectral_T256_d192_L4_s0_lr0.8] step   1500  train 2.1356  val 2.0501  acc 0.4429  (42s)
[lnbug_on_spectral_T256_d192_L4_s0_lr0.8] step   1750  train 2.0006  val 1.9380  acc 0.4708  (49s)
[lnbug_on_spectral_T256_d192_L4_s0_lr0.8] step   2000  train 1.9067  val 1.8616  acc 0.4992  (57s)
[lnbug_on_spectral_T256_d192_L4_s0_lr0.8] step   2250  train 1.8379  val 1.8094  acc 0.5064  (64s)
[lnbug_on_spectral_T256_d192_L4_s0_lr0.8] step   2500  train 1.7835  val 1.7590  acc 0.5148  (71s)
[lnbug_on_spectral_T256_d192_L4_s0_lr0.8] step   2750  train 1.7353  val 1.6942  acc 0.5367  (78s)
[lnbug_on_spectral_T256_d192_L4_s0_lr0.8] step   3000  train 1.6962  val 1.6800  acc 0.5323  (85s)
[lnbug_on_spectral_T256_d192_L4_s0_lr0.8] step   3250  train 1.6474  val 1.6273  acc 0.5544  (92s)
[lnbug_on_spectral_T256_d192_L4_s0_lr0.8] step   3500  train 1.6218  val 1.6182  acc 0.5493  (99s)
[lnbug_on_spectral_T256_d192_L4_s0_lr0.8] step   3750  train 1.5992  val 1.5847  acc 0.5568  (106s)
[lnbug_on_spectral_T256_d192_L4_s0_lr0.8] step   4000  train 1.5669  val 1.5266  acc 0.5801  (113s)
[lnbug_on_spectral_T256_d192_L4_s0_lr0.8] step   4250  train 1.5467  val 1.5148  acc 0.5870  (120s)
[lnbug_on_spectral_T256_d192_L4_s0_lr0.8] step   4500  train 1.5153  val 1.4786  acc 0.5869  (127s)
[lnbug_on_spectral_T256_d192_L4_s0_lr0.8] step   4750  train 1.5099  val 1.4800  acc 0.5870  (134s)
[lnbug_on_spectral_T256_d192_L4_s0_lr0.8] step   5000  train 1.4726  val 1.4512  acc 0.6004  (141s)
[lnbug_on_spectral_T256_d192_L4_s0_lr0.8] step   5250  train 1.4551  val 1.4280  acc 0.6042  (148s)
[lnbug_on_spectral_T256_d192_L4_s0_lr0.8] step   5500  train 1.4325  val 1.4288  acc 0.6054  (155s)
[lnbug_on_spectral_T256_d192_L4_s0_lr0.8] step   5750  train 1.4212  val 1.3971  acc 0.6093  (162s)
[lnbug_on_spectral_T256_d192_L4_s0_lr0.8] step   6000  train 1.4089  val 1.3698  acc 0.6190  (169s)
[lnbug_on_spectral_T256_d192_L4_s0_lr0.8] step   6250  train 1.3945  val 1.3897  acc 0.6199  (176s)
[lnbug_on_spectral_T256_d192_L4_s0_lr0.8] step   6500  train 1.3798  val 1.3496  acc 0.6239  (183s)
[lnbug_on_spectral_T256_d192_L4_s0_lr0.8] step   6750  train 1.3751  val 1.3341  acc 0.6261  (190s)
[lnbug_on_spectral_T256_d192_L4_s0_lr0.8] step   7000  train 1.3553  val 1.3236  acc 0.6271  (197s)
[lnbug_on_spectral_T256_d192_L4_s0_lr0.8] step   7250  train 1.3412  val 1.2955  acc 0.6471  (204s)
[lnbug_on_spectral_T256_d192_L4_s0_lr0.8] step   7500  train 1.3222  val 1.2881  acc 0.6402  (211s)
[lnbug_on_spectral_T256_d192_L4_s0_lr0.8] step   7750  train 1.3053  val 1.2800  acc 0.6505  (218s)
[lnbug_on_spectral_T256_d192_L4_s0_lr0.8] step   8000  train 1.3072  val 1.2665  acc 0.6517  (225s)
[lnbug_on_spectral_T256_d192_L4_s0_lr0.8] step   8250  train 1.2780  val 1.2568  acc 0.6590  (232s)
[lnbug_on_spectral_T256_d192_L4_s0_lr0.8] step   8500  train 1.2673  val 1.2539  acc 0.6485  (239s)
[lnbug_on_spectral_T256_d192_L4_s0_lr0.8] step   8750  train 1.2657  val 1.2330  acc 0.6611  (246s)
[lnbug_on_spectral_T256_d192_L4_s0_lr0.8] step   9000  train 1.2474  val 1.2168  acc 0.6618  (253s)
[lnbug_on_spectral_T256_d192_L4_s0_lr0.8] step   9250  train 1.2408  val 1.2248  acc 0.6599  (260s)
[lnbug_on_spectral_T256_d192_L4_s0_lr0.8] step   9500  train 1.2324  val 1.2039  acc 0.6690  (267s)
[lnbug_on_spectral_T256_d192_L4_s0_lr0.8] step   9750  train 1.2234  val 1.1998  acc 0.6675  (274s)
[lnbug_on_spectral_T256_d192_L4_s0_lr0.8] zero-shot T=128  val 3.2358  acc 0.2134
[lnbug_on_spectral_T256_d192_L4_s0_lr0.8] zero-shot T=256  val 1.2066  acc 0.6637
[lnbug_on_spectral_T256_d192_L4_s0_lr0.8] zero-shot T=512  val 3.2989  acc 0.2099
[lnbug_on_spectral_T256_d192_L4_s0_lr0.8] zero-shot T=1024  val 3.7581  acc 0.1438
[lnbug_on_spectral_T256_d192_L4_s0_lr0.8] done in 282s; best val 1.1874  (35.48 steps/s)
