D:\dsh\work\scaleup\scripts\spectral_lm_torch.py:510: UserWarning: The given NumPy array is not writable, and PyTorch does not support non-writable tensors. This means writing to this tensor will result in undefined behavior. You may want to copy the array to protect its data or make it writable before converting it to a tensor. This type of warning will be suppressed for the rest of this program. (Triggered internally at C:\actions-runner\_work\pytorch\pytorch\pytorch\torch\csrc\utils\tensor_numpy.cpp:212.)
  self.train = torch.as_tensor(np.ascontiguousarray(corpus.train), device=device)
== run s2_spectral_T256_d192_L4_s0_lr0.8 | corpus 100.0MB vocab=206 | params=2014464 (mix=787968 active=198144) | cuda torch.float32
[s2_spectral_T256_d192_L4_s0_lr0.8] step      0  train 0.0000  val 5.3738  acc 0.0088  (0s)
[s2_spectral_T256_d192_L4_s0_lr0.8] step    250  train 3.6383  val 3.3563  acc 0.1678  (7s)
[s2_spectral_T256_d192_L4_s0_lr0.8] step    500  train 3.1154  val 2.7645  acc 0.2967  (13s)
[s2_spectral_T256_d192_L4_s0_lr0.8] step    750  train 2.6588  val 2.5224  acc 0.3318  (20s)
[s2_spectral_T256_d192_L4_s0_lr0.8] step   1000  train 2.4810  val 2.3420  acc 0.3751  (26s)
[s2_spectral_T256_d192_L4_s0_lr0.8] step   1250  train 2.2582  val 2.1470  acc 0.4159  (33s)
[s2_spectral_T256_d192_L4_s0_lr0.8] step   1500  train 2.1032  val 1.9758  acc 0.4578  (39s)
[s2_spectral_T256_d192_L4_s0_lr0.8] step   1750  train 1.9870  val 1.9164  acc 0.4729  (46s)
[s2_spectral_T256_d192_L4_s0_lr0.8] step   2000  train 1.8906  val 1.8469  acc 0.4980  (53s)
[s2_spectral_T256_d192_L4_s0_lr0.8] step   2250  train 1.8260  val 1.7816  acc 0.5193  (59s)
[s2_spectral_T256_d192_L4_s0_lr0.8] step   2500  train 1.7768  val 1.7402  acc 0.5206  (66s)
[s2_spectral_T256_d192_L4_s0_lr0.8] step   2750  train 1.7261  val 1.6816  acc 0.5385  (72s)
[s2_spectral_T256_d192_L4_s0_lr0.8] step   3000  train 1.6853  val 1.6516  acc 0.5350  (79s)
[s2_spectral_T256_d192_L4_s0_lr0.8] step   3250  train 1.6376  val 1.6253  acc 0.5557  (85s)
[s2_spectral_T256_d192_L4_s0_lr0.8] step   3500  train 1.6099  val 1.6020  acc 0.5657  (92s)
[s2_spectral_T256_d192_L4_s0_lr0.8] step   3750  train 1.5905  val 1.5643  acc 0.5734  (98s)
[s2_spectral_T256_d192_L4_s0_lr0.8] step   4000  train 1.5548  val 1.5341  acc 0.5780  (105s)
[s2_spectral_T256_d192_L4_s0_lr0.8] step   4250  train 1.5358  val 1.5111  acc 0.5833  (111s)
[s2_spectral_T256_d192_L4_s0_lr0.8] step   4500  train 1.5020  val 1.4939  acc 0.5872  (118s)
[s2_spectral_T256_d192_L4_s0_lr0.8] step   4750  train 1.4938  val 1.4750  acc 0.5827  (125s)
[s2_spectral_T256_d192_L4_s0_lr0.8] step   5000  train 1.4608  val 1.4433  acc 0.5967  (131s)
[s2_spectral_T256_d192_L4_s0_lr0.8] step   5250  train 1.4415  val 1.4093  acc 0.6006  (138s)
[s2_spectral_T256_d192_L4_s0_lr0.8] step   5500  train 1.4184  val 1.3975  acc 0.6192  (144s)
[s2_spectral_T256_d192_L4_s0_lr0.8] step   5750  train 1.4013  val 1.4011  acc 0.6062  (151s)
[s2_spectral_T256_d192_L4_s0_lr0.8] step   6000  train 1.3896  val 1.3714  acc 0.6175  (157s)
[s2_spectral_T256_d192_L4_s0_lr0.8] step   6250  train 1.3798  val 1.3663  acc 0.6310  (164s)
[s2_spectral_T256_d192_L4_s0_lr0.8] step   6500  train 1.3583  val 1.3338  acc 0.6278  (171s)
[s2_spectral_T256_d192_L4_s0_lr0.8] step   6750  train 1.3535  val 1.3280  acc 0.6359  (179s)
[s2_spectral_T256_d192_L4_s0_lr0.8] step   7000  train 1.3351  val 1.3239  acc 0.6333  (204s)
[s2_spectral_T256_d192_L4_s0_lr0.8] step   7250  train 1.3200  val 1.2900  acc 0.6446  (228s)
[s2_spectral_T256_d192_L4_s0_lr0.8] step   7500  train 1.2999  val 1.2681  acc 0.6541  (253s)
[s2_spectral_T256_d192_L4_s0_lr0.8] step   7750  train 1.2859  val 1.2806  acc 0.6454  (278s)
[s2_spectral_T256_d192_L4_s0_lr0.8] step   8000  train 1.2846  val 1.2539  acc 0.6528  (302s)
[s2_spectral_T256_d192_L4_s0_lr0.8] step   8250  train 1.2537  val 1.2236  acc 0.6642  (327s)
[s2_spectral_T256_d192_L4_s0_lr0.8] step   8500  train 1.2430  val 1.2263  acc 0.6593  (344s)
[s2_spectral_T256_d192_L4_s0_lr0.8] step   8750  train 1.2409  val 1.2202  acc 0.6674  (366s)
[s2_spectral_T256_d192_L4_s0_lr0.8] step   9000  train 1.2224  val 1.1952  acc 0.6648  (390s)
[s2_spectral_T256_d192_L4_s0_lr0.8] step   9250  train 1.2134  val 1.1858  acc 0.6672  (415s)
[s2_spectral_T256_d192_L4_s0_lr0.8] step   9500  train 1.2052  val 1.1615  acc 0.6736  (440s)
[s2_spectral_T256_d192_L4_s0_lr0.8] step   9750  train 1.1940  val 1.1592  acc 0.6751  (465s)
[s2_spectral_T256_d192_L4_s0_lr0.8] zero-shot T=128  val 3.1781  acc 0.2176
[s2_spectral_T256_d192_L4_s0_lr0.8] zero-shot T=256  val 1.1453  acc 0.6824
[s2_spectral_T256_d192_L4_s0_lr0.8] zero-shot T=512  val 3.6329  acc 0.2063
[s2_spectral_T256_d192_L4_s0_lr0.8] zero-shot T=1024  val 3.9697  acc 0.1432
[s2_spectral_T256_d192_L4_s0_lr0.8] done in 490s; best val 1.1439  (20.40 steps/s)
