D:\dsh\work\scaleup\scripts\spectral_lm_torch.py:510: UserWarning: The given NumPy array is not writable, and PyTorch does not support non-writable tensors. This means writing to this tensor will result in undefined behavior. You may want to copy the array to protect its data or make it writable before converting it to a tensor. This type of warning will be suppressed for the rest of this program. (Triggered internally at C:\actions-runner\_work\pytorch\pytorch\pytorch\torch\csrc\utils\tensor_numpy.cpp:212.)
  self.train = torch.as_tensor(np.ascontiguousarray(corpus.train), device=device)
== run s2_fnet_T256_d192_L4_s0_lr0.8 | corpus 100.0MB vocab=206 | params=1226496 (mix=0 active=0) | cuda torch.float32
[s2_fnet_T256_d192_L4_s0_lr0.8] step      0  train 0.0000  val 5.3174  acc 0.0591  (0s)
[s2_fnet_T256_d192_L4_s0_lr0.8] step    250  train 3.7026  val 3.3990  acc 0.1524  (22s)
[s2_fnet_T256_d192_L4_s0_lr0.8] step    500  train 3.2777  val 3.1946  acc 0.1942  (45s)
[s2_fnet_T256_d192_L4_s0_lr0.8] step    750  train 3.1420  val 3.0498  acc 0.2175  (67s)
[s2_fnet_T256_d192_L4_s0_lr0.8] step   1000  train 3.0494  val 2.9712  acc 0.2271  (88s)
[s2_fnet_T256_d192_L4_s0_lr0.8] step   1250  train 2.9570  val 2.9044  acc 0.2397  (111s)
[s2_fnet_T256_d192_L4_s0_lr0.8] step   1500  train 2.8756  val 2.8055  acc 0.2645  (133s)
[s2_fnet_T256_d192_L4_s0_lr0.8] step   1750  train 2.8036  val 2.7474  acc 0.2669  (155s)
[s2_fnet_T256_d192_L4_s0_lr0.8] step   2000  train 2.7568  val 2.7267  acc 0.2694  (177s)
[s2_fnet_T256_d192_L4_s0_lr0.8] step   2250  train 2.7230  val 2.6880  acc 0.2864  (199s)
[s2_fnet_T256_d192_L4_s0_lr0.8] step   2500  train 2.7020  val 2.6671  acc 0.2898  (221s)
[s2_fnet_T256_d192_L4_s0_lr0.8] step   2750  train 2.6743  val 2.6478  acc 0.2956  (243s)
[s2_fnet_T256_d192_L4_s0_lr0.8] step   3000  train 2.6483  val 2.6061  acc 0.3058  (265s)
[s2_fnet_T256_d192_L4_s0_lr0.8] step   3250  train 2.6052  val 2.5741  acc 0.3116  (287s)
[s2_fnet_T256_d192_L4_s0_lr0.8] step   3500  train 2.5828  val 2.5276  acc 0.3297  (309s)
[s2_fnet_T256_d192_L4_s0_lr0.8] step   3750  train 2.5664  val 2.5570  acc 0.3298  (332s)
[s2_fnet_T256_d192_L4_s0_lr0.8] step   4000  train 2.5346  val 2.5113  acc 0.3306  (354s)
[s2_fnet_T256_d192_L4_s0_lr0.8] step   4250  train 2.5210  val 2.5041  acc 0.3281  (376s)
[s2_fnet_T256_d192_L4_s0_lr0.8] step   4500  train 2.5028  val 2.4834  acc 0.3430  (398s)
[s2_fnet_T256_d192_L4_s0_lr0.8] step   4750  train 2.4924  val 2.4802  acc 0.3399  (420s)
[s2_fnet_T256_d192_L4_s0_lr0.8] step   5000  train 2.4676  val 2.4304  acc 0.3476  (442s)
[s2_fnet_T256_d192_L4_s0_lr0.8] step   5250  train 2.4604  val 2.4343  acc 0.3461  (464s)
[s2_fnet_T256_d192_L4_s0_lr0.8] step   5500  train 2.4415  val 2.4522  acc 0.3582  (486s)
[s2_fnet_T256_d192_L4_s0_lr0.8] step   5750  train 2.4318  val 2.4021  acc 0.3493  (500s)
[s2_fnet_T256_d192_L4_s0_lr0.8] step   6000  train 2.4231  val 2.3961  acc 0.3569  (521s)
[s2_fnet_T256_d192_L4_s0_lr0.8] step   6250  train 2.4065  val 2.3849  acc 0.3576  (543s)
[s2_fnet_T256_d192_L4_s0_lr0.8] step   6500  train 2.4034  val 2.3745  acc 0.3670  (565s)
[s2_fnet_T256_d192_L4_s0_lr0.8] step   6750  train 2.3993  val 2.3734  acc 0.3552  (586s)
[s2_fnet_T256_d192_L4_s0_lr0.8] step   7000  train 2.3759  val 2.3443  acc 0.3624  (608s)
[s2_fnet_T256_d192_L4_s0_lr0.8] step   7250  train 2.3579  val 2.3321  acc 0.3724  (630s)
[s2_fnet_T256_d192_L4_s0_lr0.8] step   7500  train 2.3563  val 2.3323  acc 0.3730  (651s)
[s2_fnet_T256_d192_L4_s0_lr0.8] step   7750  train 2.3397  val 2.3153  acc 0.3767  (673s)
[s2_fnet_T256_d192_L4_s0_lr0.8] step   8000  train 2.3419  val 2.3157  acc 0.3740  (695s)
[s2_fnet_T256_d192_L4_s0_lr0.8] step   8250  train 2.3124  val 2.2915  acc 0.3885  (716s)
[s2_fnet_T256_d192_L4_s0_lr0.8] step   8500  train 2.3058  val 2.3116  acc 0.3758  (738s)
[s2_fnet_T256_d192_L4_s0_lr0.8] step   8750  train 2.3075  val 2.2848  acc 0.3841  (760s)
[s2_fnet_T256_d192_L4_s0_lr0.8] step   9000  train 2.2996  val 2.2660  acc 0.3905  (782s)
[s2_fnet_T256_d192_L4_s0_lr0.8] step   9250  train 2.2861  val 2.2666  acc 0.3881  (803s)
[s2_fnet_T256_d192_L4_s0_lr0.8] step   9500  train 2.2780  val 2.2507  acc 0.3894  (820s)
[s2_fnet_T256_d192_L4_s0_lr0.8] step   9750  train 2.2638  val 2.2419  acc 0.3935  (838s)
[s2_fnet_T256_d192_L4_s0_lr0.8] done in 860s; best val 2.2326  (11.63 steps/s)
