D:\dsh\work\scaleup\scripts\spectral_lm_torch.py:510: UserWarning: The given NumPy array is not writable, and PyTorch does not support non-writable tensors. This means writing to this tensor will result in undefined behavior. You may want to copy the array to protect its data or make it writable before converting it to a tensor. This type of warning will be suppressed for the rest of this program. (Triggered internally at C:\actions-runner\_work\pytorch\pytorch\pytorch\torch\csrc\utils\tensor_numpy.cpp:212.)
  self.train = torch.as_tensor(np.ascontiguousarray(corpus.train), device=device)
== run s3_attn_T512_d384_L6_s0_lr0.8 | corpus 100.0MB vocab=206 | params=10726656 (mix=3548160 active=3548160) | cuda torch.float32
[s3_attn_T512_d384_L6_s0_lr0.8] step      0  train 0.0000  val 5.5419  acc 0.0002  (1s)
[s3_attn_T512_d384_L6_s0_lr0.8] step    250  train 4.0459  val 3.8506  acc 0.0547  (52s)
[s3_attn_T512_d384_L6_s0_lr0.8] step    500  train 3.6027  val 3.5318  acc 0.1313  (102s)
[s3_attn_T512_d384_L6_s0_lr0.8] step    750  train 3.5993  val 3.5313  acc 0.1313  (153s)
[s3_attn_T512_d384_L6_s0_lr0.8] step   1000  train 3.5822  val 3.5715  acc 0.1313  (203s)
[s3_attn_T512_d384_L6_s0_lr0.8] step   1250  train 3.5593  val 3.5260  acc 0.1313  (254s)
[s3_attn_T512_d384_L6_s0_lr0.8] step   1500  train 3.5357  val 3.5186  acc 0.0912  (305s)
[s3_attn_T512_d384_L6_s0_lr0.8] step   1750  train 3.5268  val 3.4315  acc 0.1361  (355s)
[s3_attn_T512_d384_L6_s0_lr0.8] step   2000  train 3.3859  val 3.2552  acc 0.1515  (406s)
[s3_attn_T512_d384_L6_s0_lr0.8] step   2250  train 3.1645  val 3.0237  acc 0.1957  (539s)
[s3_attn_T512_d384_L6_s0_lr0.8] step   2500  train 2.8864  val 2.5682  acc 0.3055  (728s)
[s3_attn_T512_d384_L6_s0_lr0.8] step   2750  train 2.4476  val 2.2470  acc 0.3739  (918s)
[s3_attn_T512_d384_L6_s0_lr0.8] step   3000  train 2.2671  val 2.2174  acc 0.3872  (1107s)
[s3_attn_T512_d384_L6_s0_lr0.8] step   3250  train 2.2483  val 2.2988  acc 0.3834  (1297s)
[s3_attn_T512_d384_L6_s0_lr0.8] step   3500  train 2.3872  val 2.5823  acc 0.3167  (1486s)
[s3_attn_T512_d384_L6_s0_lr0.8] step   3750  train 2.9809  val 3.2627  acc 0.1961  (1676s)
[s3_attn_T512_d384_L6_s0_lr0.8] step   4000  train 3.3158  val 3.2704  acc 0.1393  (1865s)
[s3_attn_T512_d384_L6_s0_lr0.8] step   4250  train 3.3130  val 3.3506  acc 0.1317  (2055s)
