D:\dsh\work\scaleup\scripts\spectral_lm_torch.py:510: UserWarning: The given NumPy array is not writable, and PyTorch does not support non-writable tensors. This means writing to this tensor will result in undefined behavior. You may want to copy the array to protect its data or make it writable before converting it to a tensor. This type of warning will be suppressed for the rest of this program. (Triggered internally at C:\actions-runner\_work\pytorch\pytorch\pytorch\torch\csrc\utils\tensor_numpy.cpp:212.)
  self.train = torch.as_tensor(np.ascontiguousarray(corpus.train), device=device)
== run s2_stencil_T256_d192_L4_s0_lr0.8 | corpus 100.0MB vocab=206 | params=1230336 (mix=3840 active=3840) | cuda torch.float32
[s2_stencil_T256_d192_L4_s0_lr0.8] step      0  train 0.0000  val 5.3717  acc 0.0070  (0s)
[s2_stencil_T256_d192_L4_s0_lr0.8] step    250  train 3.4952  val 2.7825  acc 0.3118  (24s)
[s2_stencil_T256_d192_L4_s0_lr0.8] step    500  train 2.4404  val 2.2029  acc 0.4114  (48s)
[s2_stencil_T256_d192_L4_s0_lr0.8] step    750  train 2.0327  val 1.8794  acc 0.4905  (71s)
[s2_stencil_T256_d192_L4_s0_lr0.8] step   1000  train 1.8178  val 1.7697  acc 0.5212  (95s)
[s2_stencil_T256_d192_L4_s0_lr0.8] step   1250  train 1.7103  val 1.6483  acc 0.5471  (118s)
[s2_stencil_T256_d192_L4_s0_lr0.8] step   1500  train 1.6344  val 1.5799  acc 0.5752  (138s)
[s2_stencil_T256_d192_L4_s0_lr0.8] step   1750  train 1.5720  val 1.5406  acc 0.5864  (144s)
[s2_stencil_T256_d192_L4_s0_lr0.8] step   2000  train 1.5222  val 1.4786  acc 0.6021  (150s)
[s2_stencil_T256_d192_L4_s0_lr0.8] step   2250  train 1.4809  val 1.4335  acc 0.6158  (157s)
[s2_stencil_T256_d192_L4_s0_lr0.8] step   2500  train 1.4493  val 1.4154  acc 0.6125  (163s)
[s2_stencil_T256_d192_L4_s0_lr0.8] step   2750  train 1.4133  val 1.3701  acc 0.6309  (169s)
[s2_stencil_T256_d192_L4_s0_lr0.8] step   3000  train 1.3830  val 1.3431  acc 0.6297  (175s)
[s2_stencil_T256_d192_L4_s0_lr0.8] step   3250  train 1.3533  val 1.3246  acc 0.6469  (182s)
[s2_stencil_T256_d192_L4_s0_lr0.8] step   3500  train 1.3319  val 1.3252  acc 0.6414  (188s)
[s2_stencil_T256_d192_L4_s0_lr0.8] step   3750  train 1.3165  val 1.2729  acc 0.6516  (194s)
[s2_stencil_T256_d192_L4_s0_lr0.8] step   4000  train 1.2935  val 1.2589  acc 0.6566  (201s)
[s2_stencil_T256_d192_L4_s0_lr0.8] step   4250  train 1.2895  val 1.2477  acc 0.6553  (207s)
[s2_stencil_T256_d192_L4_s0_lr0.8] step   4500  train 1.2565  val 1.2217  acc 0.6630  (227s)
[s2_stencil_T256_d192_L4_s0_lr0.8] step   4750  train 1.2567  val 1.2167  acc 0.6601  (250s)
[s2_stencil_T256_d192_L4_s0_lr0.8] step   5000  train 1.2264  val 1.2092  acc 0.6711  (274s)
[s2_stencil_T256_d192_L4_s0_lr0.8] step   5250  train 1.2214  val 1.1850  acc 0.6705  (298s)
[s2_stencil_T256_d192_L4_s0_lr0.8] step   5500  train 1.1974  val 1.1810  acc 0.6738  (322s)
[s2_stencil_T256_d192_L4_s0_lr0.8] step   5750  train 1.1886  val 1.1669  acc 0.6766  (345s)
[s2_stencil_T256_d192_L4_s0_lr0.8] step   6000  train 1.1782  val 1.1466  acc 0.6923  (369s)
[s2_stencil_T256_d192_L4_s0_lr0.8] step   6250  train 1.1715  val 1.1361  acc 0.6892  (393s)
[s2_stencil_T256_d192_L4_s0_lr0.8] step   6500  train 1.1651  val 1.1124  acc 0.6962  (417s)
[s2_stencil_T256_d192_L4_s0_lr0.8] step   6750  train 1.1543  val 1.1152  acc 0.6847  (441s)
[s2_stencil_T256_d192_L4_s0_lr0.8] step   7000  train 1.1400  val 1.1050  acc 0.6959  (464s)
[s2_stencil_T256_d192_L4_s0_lr0.8] step   7250  train 1.1285  val 1.0868  acc 0.6960  (488s)
[s2_stencil_T256_d192_L4_s0_lr0.8] step   7500  train 1.1146  val 1.0763  acc 0.6960  (512s)
[s2_stencil_T256_d192_L4_s0_lr0.8] step   7750  train 1.1056  val 1.0783  acc 0.6990  (536s)
[s2_stencil_T256_d192_L4_s0_lr0.8] step   8000  train 1.1054  val 1.0406  acc 0.7051  (560s)
[s2_stencil_T256_d192_L4_s0_lr0.8] step   8250  train 1.0730  val 1.0484  acc 0.7120  (583s)
[s2_stencil_T256_d192_L4_s0_lr0.8] step   8500  train 1.0695  val 1.0490  acc 0.7063  (607s)
[s2_stencil_T256_d192_L4_s0_lr0.8] step   8750  train 1.0679  val 1.0355  acc 0.7097  (631s)
[s2_stencil_T256_d192_L4_s0_lr0.8] step   9000  train 1.0523  val 1.0258  acc 0.7160  (655s)
[s2_stencil_T256_d192_L4_s0_lr0.8] step   9250  train 1.0464  val 1.0212  acc 0.7128  (679s)
[s2_stencil_T256_d192_L4_s0_lr0.8] step   9500  train 1.0423  val 1.0117  acc 0.7194  (702s)
[s2_stencil_T256_d192_L4_s0_lr0.8] step   9750  train 1.0284  val 1.0075  acc 0.7188  (726s)
[s2_stencil_T256_d192_L4_s0_lr0.8] zero-shot T=128  val 1.1380  acc 0.6737
[s2_stencil_T256_d192_L4_s0_lr0.8] zero-shot T=256  val 1.0203  acc 0.7152
[s2_stencil_T256_d192_L4_s0_lr0.8] zero-shot T=512  val 0.9643  acc 0.7302
[s2_stencil_T256_d192_L4_s0_lr0.8] zero-shot T=1024  val 1.7377  acc 0.5809
[s2_stencil_T256_d192_L4_s0_lr0.8] done in 742s; best val 0.9958  (13.48 steps/s)
