D:\dsh\work\scaleup\scripts\spectral_lm_torch.py:510: UserWarning: The given NumPy array is not writable, and PyTorch does not support non-writable tensors. This means writing to this tensor will result in undefined behavior. You may want to copy the array to protect its data or make it writable before converting it to a tensor. This type of warning will be suppressed for the rest of this program. (Triggered internally at C:\actions-runner\_work\pytorch\pytorch\pytorch\torch\csrc\utils\tensor_numpy.cpp:212.)
  self.train = torch.as_tensor(np.ascontiguousarray(corpus.train), device=device)
== run s1_spectral_T128_d96_L3_s0_lr0.8 | corpus 100.0MB vocab=206 | params=539232 (mix=295488 active=37440) | cuda torch.float32
[s1_spectral_T128_d96_L3_s0_lr0.8] step      0  train 0.0000  val 5.3650  acc 0.0009  (0s)
[s1_spectral_T128_d96_L3_s0_lr0.8] step    250  train 3.5874  val 3.1659  acc 0.2124  (4s)
[s1_spectral_T128_d96_L3_s0_lr0.8] step    500  train 2.8892  val 2.6260  acc 0.3125  (9s)
[s1_spectral_T128_d96_L3_s0_lr0.8] step    750  train 2.4429  val 2.3251  acc 0.3841  (14s)
[s1_spectral_T128_d96_L3_s0_lr0.8] step   1000  train 2.2011  val 2.0976  acc 0.4299  (19s)
[s1_spectral_T128_d96_L3_s0_lr0.8] step   1250  train 2.0346  val 1.9284  acc 0.4716  (24s)
[s1_spectral_T128_d96_L3_s0_lr0.8] step   1500  train 1.9296  val 1.8696  acc 0.4753  (29s)
[s1_spectral_T128_d96_L3_s0_lr0.8] step   1750  train 1.8588  val 1.7745  acc 0.5044  (33s)
[s1_spectral_T128_d96_L3_s0_lr0.8] step   2000  train 1.7997  val 1.7279  acc 0.4920  (38s)
[s1_spectral_T128_d96_L3_s0_lr0.8] step   2250  train 1.7674  val 1.7095  acc 0.5162  (43s)
[s1_spectral_T128_d96_L3_s0_lr0.8] step   2500  train 1.7230  val 1.6602  acc 0.5271  (48s)
[s1_spectral_T128_d96_L3_s0_lr0.8] step   2750  train 1.6720  val 1.5986  acc 0.5560  (53s)
[s1_spectral_T128_d96_L3_s0_lr0.8] step   3000  train 1.6539  val 1.6270  acc 0.5297  (58s)
[s1_spectral_T128_d96_L3_s0_lr0.8] step   3250  train 1.6139  val 1.6169  acc 0.5332  (63s)
[s1_spectral_T128_d96_L3_s0_lr0.8] step   3500  train 1.5988  val 1.5604  acc 0.5612  (68s)
[s1_spectral_T128_d96_L3_s0_lr0.8] step   3750  train 1.5717  val 1.5244  acc 0.5733  (73s)
[s1_spectral_T128_d96_L3_s0_lr0.8] step   4000  train 1.5565  val 1.5397  acc 0.5672  (77s)
[s1_spectral_T128_d96_L3_s0_lr0.8] step   4250  train 1.5474  val 1.4854  acc 0.5740  (82s)
[s1_spectral_T128_d96_L3_s0_lr0.8] step   4500  train 1.5190  val 1.4808  acc 0.5870  (87s)
[s1_spectral_T128_d96_L3_s0_lr0.8] step   4750  train 1.5144  val 1.4266  acc 0.5957  (92s)
[s1_spectral_T128_d96_L3_s0_lr0.8] step   5000  train 1.4846  val 1.4581  acc 0.5891  (97s)
[s1_spectral_T128_d96_L3_s0_lr0.8] step   5250  train 1.4828  val 1.4160  acc 0.6018  (102s)
[s1_spectral_T128_d96_L3_s0_lr0.8] step   5500  train 1.4540  val 1.4182  acc 0.5944  (107s)
[s1_spectral_T128_d96_L3_s0_lr0.8] step   5750  train 1.4458  val 1.3985  acc 0.6044  (112s)
[s1_spectral_T128_d96_L3_s0_lr0.8] step   6000  train 1.4358  val 1.3641  acc 0.6187  (116s)
[s1_spectral_T128_d96_L3_s0_lr0.8] step   6250  train 1.4152  val 1.3728  acc 0.6034  (121s)
[s1_spectral_T128_d96_L3_s0_lr0.8] step   6500  train 1.4193  val 1.3532  acc 0.6199  (126s)
[s1_spectral_T128_d96_L3_s0_lr0.8] step   6750  train 1.4089  val 1.3539  acc 0.6192  (131s)
[s1_spectral_T128_d96_L3_s0_lr0.8] step   7000  train 1.3976  val 1.3410  acc 0.6191  (136s)
[s1_spectral_T128_d96_L3_s0_lr0.8] step   7250  train 1.3785  val 1.3302  acc 0.6238  (141s)
[s1_spectral_T128_d96_L3_s0_lr0.8] step   7500  train 1.3737  val 1.3068  acc 0.6244  (145s)
[s1_spectral_T128_d96_L3_s0_lr0.8] step   7750  train 1.3614  val 1.3109  acc 0.6243  (150s)
[s1_spectral_T128_d96_L3_s0_lr0.8] step   8000  train 1.3505  val 1.2898  acc 0.6315  (155s)
[s1_spectral_T128_d96_L3_s0_lr0.8] step   8250  train 1.3339  val 1.2841  acc 0.6386  (160s)
[s1_spectral_T128_d96_L3_s0_lr0.8] step   8500  train 1.3319  val 1.2783  acc 0.6325  (165s)
[s1_spectral_T128_d96_L3_s0_lr0.8] step   8750  train 1.3218  val 1.2565  acc 0.6490  (170s)
[s1_spectral_T128_d96_L3_s0_lr0.8] step   9000  train 1.3210  val 1.2366  acc 0.6450  (175s)
[s1_spectral_T128_d96_L3_s0_lr0.8] step   9250  train 1.3031  val 1.2274  acc 0.6567  (180s)
[s1_spectral_T128_d96_L3_s0_lr0.8] step   9500  train 1.2981  val 1.2316  acc 0.6583  (185s)
[s1_spectral_T128_d96_L3_s0_lr0.8] step   9750  train 1.2970  val 1.2262  acc 0.6539  (189s)
[s1_spectral_T128_d96_L3_s0_lr0.8] zero-shot T=128  val 1.3279  acc 0.6403
[s1_spectral_T128_d96_L3_s0_lr0.8] zero-shot T=256  val 3.4417  acc 0.2066
[s1_spectral_T128_d96_L3_s0_lr0.8] zero-shot T=512  val 3.7553  acc 0.1674
[s1_spectral_T128_d96_L3_s0_lr0.8] zero-shot T=1024  val 4.2848  acc 0.1275
[s1_spectral_T128_d96_L3_s0_lr0.8] done in 195s; best val 1.2243  (51.31 steps/s)
