D:\dsh\work\scaleup\scripts\spectral_lm_torch.py:510: UserWarning: The given NumPy array is not writable, and PyTorch does not support non-writable tensors. This means writing to this tensor will result in undefined behavior. You may want to copy the array to protect its data or make it writable before converting it to a tensor. This type of warning will be suppressed for the rest of this program. (Triggered internally at C:\actions-runner\_work\pytorch\pytorch\pytorch\torch\csrc\utils\tensor_numpy.cpp:212.)
  self.train = torch.as_tensor(np.ascontiguousarray(corpus.train), device=device)
== run s1_stencil_T128_d96_L3_s0_lr0.8 | corpus 100.0MB vocab=206 | params=245184 (mix=1440 active=1440) | cuda torch.float32
[s1_stencil_T128_d96_L3_s0_lr0.8] step      0  train 0.0000  val 5.3759  acc 0.0009  (0s)
[s1_stencil_T128_d96_L3_s0_lr0.8] step    250  train 3.3661  val 2.5362  acc 0.3494  (4s)
[s1_stencil_T128_d96_L3_s0_lr0.8] step    500  train 2.2934  val 1.9945  acc 0.4653  (9s)
[s1_stencil_T128_d96_L3_s0_lr0.8] step    750  train 1.9416  val 1.8251  acc 0.5175  (13s)
[s1_stencil_T128_d96_L3_s0_lr0.8] step   1000  train 1.8011  val 1.6897  acc 0.5342  (18s)
[s1_stencil_T128_d96_L3_s0_lr0.8] step   1250  train 1.6939  val 1.5969  acc 0.5538  (23s)
[s1_stencil_T128_d96_L3_s0_lr0.8] step   1500  train 1.6270  val 1.5476  acc 0.5570  (27s)
[s1_stencil_T128_d96_L3_s0_lr0.8] step   1750  train 1.5839  val 1.4956  acc 0.5778  (32s)
[s1_stencil_T128_d96_L3_s0_lr0.8] step   2000  train 1.5481  val 1.4327  acc 0.6121  (37s)
[s1_stencil_T128_d96_L3_s0_lr0.8] step   2250  train 1.5184  val 1.4402  acc 0.6022  (41s)
[s1_stencil_T128_d96_L3_s0_lr0.8] step   2500  train 1.4964  val 1.3874  acc 0.6152  (46s)
[s1_stencil_T128_d96_L3_s0_lr0.8] step   2750  train 1.4444  val 1.3798  acc 0.6138  (51s)
[s1_stencil_T128_d96_L3_s0_lr0.8] step   3000  train 1.4340  val 1.3920  acc 0.6105  (55s)
[s1_stencil_T128_d96_L3_s0_lr0.8] step   3250  train 1.4087  val 1.3643  acc 0.6071  (60s)
[s1_stencil_T128_d96_L3_s0_lr0.8] step   3500  train 1.4011  val 1.3319  acc 0.6217  (65s)
[s1_stencil_T128_d96_L3_s0_lr0.8] step   3750  train 1.3741  val 1.3208  acc 0.6333  (70s)
[s1_stencil_T128_d96_L3_s0_lr0.8] step   4000  train 1.3613  val 1.3259  acc 0.6345  (74s)
[s1_stencil_T128_d96_L3_s0_lr0.8] step   4250  train 1.3605  val 1.3167  acc 0.6244  (79s)
[s1_stencil_T128_d96_L3_s0_lr0.8] step   4500  train 1.3374  val 1.3139  acc 0.6358  (84s)
[s1_stencil_T128_d96_L3_s0_lr0.8] step   4750  train 1.3354  val 1.2693  acc 0.6259  (88s)
[s1_stencil_T128_d96_L3_s0_lr0.8] step   5000  train 1.3052  val 1.2544  acc 0.6479  (93s)
[s1_stencil_T128_d96_L3_s0_lr0.8] step   5250  train 1.3083  val 1.2452  acc 0.6515  (98s)
[s1_stencil_T128_d96_L3_s0_lr0.8] step   5500  train 1.2827  val 1.2398  acc 0.6484  (103s)
[s1_stencil_T128_d96_L3_s0_lr0.8] step   5750  train 1.2814  val 1.2365  acc 0.6432  (107s)
[s1_stencil_T128_d96_L3_s0_lr0.8] step   6000  train 1.2706  val 1.1948  acc 0.6557  (112s)
[s1_stencil_T128_d96_L3_s0_lr0.8] step   6250  train 1.2462  val 1.2055  acc 0.6450  (117s)
[s1_stencil_T128_d96_L3_s0_lr0.8] step   6500  train 1.2486  val 1.1803  acc 0.6652  (121s)
[s1_stencil_T128_d96_L3_s0_lr0.8] step   6750  train 1.2473  val 1.1866  acc 0.6603  (126s)
[s1_stencil_T128_d96_L3_s0_lr0.8] step   7000  train 1.2378  val 1.1660  acc 0.6632  (131s)
[s1_stencil_T128_d96_L3_s0_lr0.8] step   7250  train 1.2248  val 1.1641  acc 0.6586  (135s)
[s1_stencil_T128_d96_L3_s0_lr0.8] step   7500  train 1.2166  val 1.1543  acc 0.6704  (140s)
[s1_stencil_T128_d96_L3_s0_lr0.8] step   7750  train 1.2037  val 1.1411  acc 0.6704  (145s)
[s1_stencil_T128_d96_L3_s0_lr0.8] step   8000  train 1.2003  val 1.1347  acc 0.6754  (150s)
[s1_stencil_T128_d96_L3_s0_lr0.8] step   8250  train 1.1834  val 1.1126  acc 0.6783  (154s)
[s1_stencil_T128_d96_L3_s0_lr0.8] step   8500  train 1.1788  val 1.1280  acc 0.6840  (159s)
[s1_stencil_T128_d96_L3_s0_lr0.8] step   8750  train 1.1749  val 1.1120  acc 0.6811  (164s)
[s1_stencil_T128_d96_L3_s0_lr0.8] step   9000  train 1.1717  val 1.1102  acc 0.6923  (168s)
[s1_stencil_T128_d96_L3_s0_lr0.8] step   9250  train 1.1512  val 1.1102  acc 0.6839  (173s)
[s1_stencil_T128_d96_L3_s0_lr0.8] step   9500  train 1.1553  val 1.1064  acc 0.6824  (178s)
[s1_stencil_T128_d96_L3_s0_lr0.8] step   9750  train 1.1513  val 1.0967  acc 0.6880  (183s)
[s1_stencil_T128_d96_L3_s0_lr0.8] zero-shot T=128  val 1.2007  acc 0.6562
[s1_stencil_T128_d96_L3_s0_lr0.8] zero-shot T=256  val 1.1408  acc 0.6899
[s1_stencil_T128_d96_L3_s0_lr0.8] zero-shot T=512  val 1.4025  acc 0.6336
[s1_stencil_T128_d96_L3_s0_lr0.8] zero-shot T=1024  val 2.6617  acc 0.4396
[s1_stencil_T128_d96_L3_s0_lr0.8] done in 187s; best val 1.0871  (53.38 steps/s)
