D:\dsh\work\scaleup\scripts\spectral_lm_torch.py:510: UserWarning: The given NumPy array is not writable, and PyTorch does not support non-writable tensors. This means writing to this tensor will result in undefined behavior. You may want to copy the array to protect its data or make it writable before converting it to a tensor. This type of warning will be suppressed for the rest of this program. (Triggered internally at C:\actions-runner\_work\pytorch\pytorch\pytorch\torch\csrc\utils\tensor_numpy.cpp:212.)
  self.train = torch.as_tensor(np.ascontiguousarray(corpus.train), device=device)
== run s3_stencil_T512_d384_L6_s0_lr0.8 | corpus 100.0MB vocab=206 | params=7190016 (mix=11520 active=11520) | cuda torch.float32
[s3_stencil_T512_d384_L6_s0_lr0.8] step      0  train 0.0000  val 5.3456  acc 0.0078  (1s)
[s3_stencil_T512_d384_L6_s0_lr0.8] step    250  train 3.8975  val 3.6476  acc 0.0539  (101s)
[s3_stencil_T512_d384_L6_s0_lr0.8] step    500  train 3.2068  val 2.5950  acc 0.3053  (201s)
[s3_stencil_T512_d384_L6_s0_lr0.8] step    750  train 2.4023  val 2.1277  acc 0.4229  (301s)
[s3_stencil_T512_d384_L6_s0_lr0.8] step   1000  train 2.0814  val 1.8864  acc 0.4862  (401s)
[s3_stencil_T512_d384_L6_s0_lr0.8] step   1250  train 1.9034  val 1.7539  acc 0.5061  (500s)
[s3_stencil_T512_d384_L6_s0_lr0.8] step   1500  train 1.7544  val 1.6558  acc 0.5435  (600s)
[s3_stencil_T512_d384_L6_s0_lr0.8] step   1750  train 1.6792  val 1.5663  acc 0.5604  (700s)
[s3_stencil_T512_d384_L6_s0_lr0.8] step   2000  train 1.6054  val 1.5003  acc 0.5746  (799s)
[s3_stencil_T512_d384_L6_s0_lr0.8] step   2250  train 1.5277  val 1.4357  acc 0.6021  (899s)
[s3_stencil_T512_d384_L6_s0_lr0.8] step   2500  train 1.4825  val 1.3891  acc 0.6156  (999s)
[s3_stencil_T512_d384_L6_s0_lr0.8] step   2750  train 1.4214  val 1.3339  acc 0.6191  (1099s)
[s3_stencil_T512_d384_L6_s0_lr0.8] step   3000  train 1.3921  val 1.3010  acc 0.6326  (1198s)
[s3_stencil_T512_d384_L6_s0_lr0.8] step   3250  train 1.3417  val 1.2588  acc 0.6496  (1298s)
[s3_stencil_T512_d384_L6_s0_lr0.8] step   3500  train 1.2951  val 1.2380  acc 0.6548  (1398s)
[s3_stencil_T512_d384_L6_s0_lr0.8] step   3750  train 1.2710  val 1.1918  acc 0.6706  (1497s)
[s3_stencil_T512_d384_L6_s0_lr0.8] step   4000  train 1.2392  val 1.2296  acc 0.6542  (1597s)
[s3_stencil_T512_d384_L6_s0_lr0.8] step   4250  train 1.2174  val 1.1436  acc 0.6843  (1697s)
[s3_stencil_T512_d384_L6_s0_lr0.8] step   4500  train 1.1967  val 1.1285  acc 0.6848  (1797s)
[s3_stencil_T512_d384_L6_s0_lr0.8] step   4750  train 1.1784  val 1.1174  acc 0.6853  (1896s)
[s3_stencil_T512_d384_L6_s0_lr0.8] step   5000  train 1.1365  val 1.1045  acc 0.6973  (1996s)
[s3_stencil_T512_d384_L6_s0_lr0.8] step   5250  train 1.1184  val 1.0643  acc 0.6963  (2096s)
[s3_stencil_T512_d384_L6_s0_lr0.8] step   5500  train 1.1041  val 1.0495  acc 0.7032  (2196s)
[s3_stencil_T512_d384_L6_s0_lr0.8] step   5750  train 1.0906  val 1.0215  acc 0.7130  (2295s)
[s3_stencil_T512_d384_L6_s0_lr0.8] step   6000  train 1.0711  val 1.0295  acc 0.7104  (2395s)
[s3_stencil_T512_d384_L6_s0_lr0.8] step   6250  train 1.0467  val 0.9908  acc 0.7245  (2495s)
[s3_stencil_T512_d384_L6_s0_lr0.8] step   6500  train 1.0535  val 0.9869  acc 0.7208  (2594s)
[s3_stencil_T512_d384_L6_s0_lr0.8] step   6750  train 1.0318  val 0.9680  acc 0.7280  (2694s)
[s3_stencil_T512_d384_L6_s0_lr0.8] step   7000  train 1.0246  val 0.9497  acc 0.7359  (2794s)
[s3_stencil_T512_d384_L6_s0_lr0.8] step   7250  train 1.0078  val 0.9432  acc 0.7310  (2893s)
[s3_stencil_T512_d384_L6_s0_lr0.8] step   7500  train 0.9977  val 0.9256  acc 0.7375  (2993s)
[s3_stencil_T512_d384_L6_s0_lr0.8] step   7750  train 0.9723  val 0.9226  acc 0.7411  (3092s)
[s3_stencil_T512_d384_L6_s0_lr0.8] step   8000  train 0.9558  val 0.9015  acc 0.7510  (3192s)
[s3_stencil_T512_d384_L6_s0_lr0.8] step   8250  train 0.9561  val 0.8858  acc 0.7475  (3292s)
[s3_stencil_T512_d384_L6_s0_lr0.8] step   8500  train 0.9360  val 0.8802  acc 0.7455  (3391s)
[s3_stencil_T512_d384_L6_s0_lr0.8] step   8750  train 0.9197  val 0.8695  acc 0.7559  (3491s)
[s3_stencil_T512_d384_L6_s0_lr0.8] step   9000  train 0.9076  val 0.8627  acc 0.7530  (3591s)
[s3_stencil_T512_d384_L6_s0_lr0.8] step   9250  train 0.9024  val 0.8544  acc 0.7639  (3690s)
[s3_stencil_T512_d384_L6_s0_lr0.8] step   9500  train 0.8910  val 0.8484  acc 0.7610  (3790s)
[s3_stencil_T512_d384_L6_s0_lr0.8] step   9750  train 0.8845  val 0.8449  acc 0.7622  (3889s)
[s3_stencil_T512_d384_L6_s0_lr0.8] zero-shot T=128  val 1.0552  acc 0.7112
[s3_stencil_T512_d384_L6_s0_lr0.8] zero-shot T=256  val 0.8580  acc 0.7651
[s3_stencil_T512_d384_L6_s0_lr0.8] zero-shot T=512  val 0.7814  acc 0.7821
[s3_stencil_T512_d384_L6_s0_lr0.8] zero-shot T=1024  val 1.0243  acc 0.7175
[s3_stencil_T512_d384_L6_s0_lr0.8] done in 3991s; best val 0.8263  (2.51 steps/s)
