D:\dsh\work\scaleup\scripts\spectral_lm_torch.py:510: UserWarning: The given NumPy array is not writable, and PyTorch does not support non-writable tensors. This means writing to this tensor will result in undefined behavior. You may want to copy the array to protect its data or make it writable before converting it to a tensor. This type of warning will be suppressed for the rest of this program. (Triggered internally at C:\actions-runner\_work\pytorch\pytorch\pytorch\torch\csrc\utils\tensor_numpy.cpp:212.)
  self.train = torch.as_tensor(np.ascontiguousarray(corpus.train), device=device)
== run s1_fnet_T128_d96_L3_s0_lr0.8 | corpus 100.0MB vocab=206 | params=243744 (mix=0 active=0) | cuda torch.float32
[s1_fnet_T128_d96_L3_s0_lr0.8] step      0  train 0.0000  val 5.3535  acc 0.0154  (0s)
[s1_fnet_T128_d96_L3_s0_lr0.8] step    250  train 3.6599  val 3.3296  acc 0.1454  (4s)
[s1_fnet_T128_d96_L3_s0_lr0.8] step    500  train 3.2426  val 3.1227  acc 0.1873  (8s)
[s1_fnet_T128_d96_L3_s0_lr0.8] step    750  train 3.0864  val 3.0416  acc 0.2112  (13s)
[s1_fnet_T128_d96_L3_s0_lr0.8] step   1000  train 2.9849  val 2.9322  acc 0.2301  (17s)
[s1_fnet_T128_d96_L3_s0_lr0.8] step   1250  train 2.8686  val 2.9131  acc 0.2391  (22s)
[s1_fnet_T128_d96_L3_s0_lr0.8] step   1500  train 2.8013  val 2.8504  acc 0.2482  (26s)
[s1_fnet_T128_d96_L3_s0_lr0.8] step   1750  train 2.7421  val 2.7448  acc 0.2952  (30s)
[s1_fnet_T128_d96_L3_s0_lr0.8] step   2000  train 2.6952  val 2.7394  acc 0.2752  (35s)
[s1_fnet_T128_d96_L3_s0_lr0.8] step   2250  train 2.6724  val 2.7170  acc 0.2972  (39s)
[s1_fnet_T128_d96_L3_s0_lr0.8] step   2500  train 2.6337  val 2.6573  acc 0.3101  (43s)
[s1_fnet_T128_d96_L3_s0_lr0.8] step   2750  train 2.6023  val 2.6094  acc 0.3032  (47s)
[s1_fnet_T128_d96_L3_s0_lr0.8] step   3000  train 2.5923  val 2.6264  acc 0.2990  (51s)
[s1_fnet_T128_d96_L3_s0_lr0.8] step   3250  train 2.5700  val 2.5697  acc 0.3238  (55s)
[s1_fnet_T128_d96_L3_s0_lr0.8] step   3500  train 2.5457  val 2.5633  acc 0.3176  (59s)
[s1_fnet_T128_d96_L3_s0_lr0.8] step   3750  train 2.5309  val 2.5508  acc 0.3296  (63s)
[s1_fnet_T128_d96_L3_s0_lr0.8] step   4000  train 2.5195  val 2.5644  acc 0.3262  (67s)
[s1_fnet_T128_d96_L3_s0_lr0.8] step   4250  train 2.5089  val 2.5423  acc 0.3354  (71s)
[s1_fnet_T128_d96_L3_s0_lr0.8] step   4500  train 2.4848  val 2.5087  acc 0.3394  (75s)
[s1_fnet_T128_d96_L3_s0_lr0.8] step   4750  train 2.4776  val 2.4767  acc 0.3305  (80s)
[s1_fnet_T128_d96_L3_s0_lr0.8] step   5000  train 2.4601  val 2.5035  acc 0.3295  (84s)
[s1_fnet_T128_d96_L3_s0_lr0.8] step   5250  train 2.4575  val 2.4627  acc 0.3531  (88s)
[s1_fnet_T128_d96_L3_s0_lr0.8] step   5500  train 2.4294  val 2.4499  acc 0.3546  (91s)
[s1_fnet_T128_d96_L3_s0_lr0.8] step   5750  train 2.4319  val 2.4467  acc 0.3456  (95s)
[s1_fnet_T128_d96_L3_s0_lr0.8] step   6000  train 2.4175  val 2.4386  acc 0.3541  (99s)
[s1_fnet_T128_d96_L3_s0_lr0.8] step   6250  train 2.3990  val 2.4328  acc 0.3577  (103s)
[s1_fnet_T128_d96_L3_s0_lr0.8] step   6500  train 2.4026  val 2.4124  acc 0.3628  (106s)
[s1_fnet_T128_d96_L3_s0_lr0.8] step   6750  train 2.3938  val 2.4408  acc 0.3556  (110s)
[s1_fnet_T128_d96_L3_s0_lr0.8] step   7000  train 2.3814  val 2.3891  acc 0.3633  (114s)
[s1_fnet_T128_d96_L3_s0_lr0.8] step   7250  train 2.3706  val 2.3933  acc 0.3625  (117s)
[s1_fnet_T128_d96_L3_s0_lr0.8] step   7500  train 2.3632  val 2.3780  acc 0.3770  (120s)
[s1_fnet_T128_d96_L3_s0_lr0.8] step   7750  train 2.3515  val 2.3923  acc 0.3629  (124s)
[s1_fnet_T128_d96_L3_s0_lr0.8] step   8000  train 2.3409  val 2.3678  acc 0.3641  (127s)
[s1_fnet_T128_d96_L3_s0_lr0.8] step   8250  train 2.3301  val 2.3540  acc 0.3704  (129s)
[s1_fnet_T128_d96_L3_s0_lr0.8] step   8500  train 2.3262  val 2.3478  acc 0.3756  (132s)
[s1_fnet_T128_d96_L3_s0_lr0.8] step   8750  train 2.3217  val 2.3190  acc 0.3734  (135s)
[s1_fnet_T128_d96_L3_s0_lr0.8] step   9000  train 2.3186  val 2.3246  acc 0.3763  (137s)
[s1_fnet_T128_d96_L3_s0_lr0.8] step   9250  train 2.3008  val 2.3223  acc 0.3695  (140s)
[s1_fnet_T128_d96_L3_s0_lr0.8] step   9500  train 2.2999  val 2.3074  acc 0.3756  (143s)
[s1_fnet_T128_d96_L3_s0_lr0.8] step   9750  train 2.2946  val 2.3173  acc 0.3694  (145s)
[s1_fnet_T128_d96_L3_s0_lr0.8] done in 148s; best val 2.3025  (67.61 steps/s)
