D:\dsh\work\scaleup\scripts\spectral_lm_torch.py:510: UserWarning: The given NumPy array is not writable, and PyTorch does not support non-writable tensors. This means writing to this tensor will result in undefined behavior. You may want to copy the array to protect its data or make it writable before converting it to a tensor. This type of warning will be suppressed for the rest of this program. (Triggered internally at C:\actions-runner\_work\pytorch\pytorch\pytorch\torch\csrc\utils\tensor_numpy.cpp:212.)
  self.train = torch.as_tensor(np.ascontiguousarray(corpus.train), device=device)
== run s3_spectral_T512_d384_L6_s0_lr0.8 | corpus 100.0MB vocab=206 | params=9542400 (mix=2363904 active=1184256) | cuda torch.float32
[s3_spectral_T512_d384_L6_s0_lr0.8] step      0  train 0.0000  val 5.3732  acc 0.0070  (1s)
[s3_spectral_T512_d384_L6_s0_lr0.8] step    250  train 3.7343  val 3.6543  acc 0.1008  (85s)
[s3_spectral_T512_d384_L6_s0_lr0.8] step    500  train 3.4353  val 3.2843  acc 0.1722  (169s)
[s3_spectral_T512_d384_L6_s0_lr0.8] step    750  train 3.0838  val 2.8475  acc 0.2730  (253s)
[s3_spectral_T512_d384_L6_s0_lr0.8] step   1000  train 2.7545  val 2.7339  acc 0.2725  (330s)
[s3_spectral_T512_d384_L6_s0_lr0.8] step   1250  train 2.5650  val 2.4543  acc 0.3493  (415s)
[s3_spectral_T512_d384_L6_s0_lr0.8] step   1500  train 2.3095  val 2.2407  acc 0.3912  (500s)
[s3_spectral_T512_d384_L6_s0_lr0.8] step   1750  train 2.1701  val 2.0213  acc 0.4395  (585s)
[s3_spectral_T512_d384_L6_s0_lr0.8] step   2000  train 2.0671  val 1.9331  acc 0.4645  (669s)
[s3_spectral_T512_d384_L6_s0_lr0.8] step   2250  train 1.9662  val 1.8679  acc 0.4767  (754s)
[s3_spectral_T512_d384_L6_s0_lr0.8] step   2500  train 1.8995  val 1.8066  acc 0.5009  (839s)
[s3_spectral_T512_d384_L6_s0_lr0.8] step   2750  train 1.8401  val 1.7147  acc 0.5237  (916s)
[s3_spectral_T512_d384_L6_s0_lr0.8] step   3000  train 1.7844  val 1.7052  acc 0.5228  (1001s)
[s3_spectral_T512_d384_L6_s0_lr0.8] step   3250  train 1.7341  val 1.6411  acc 0.5385  (1086s)
[s3_spectral_T512_d384_L6_s0_lr0.8] step   3500  train 1.6827  val 1.6253  acc 0.5397  (1170s)
[s3_spectral_T512_d384_L6_s0_lr0.8] step   3750  train 1.6616  val 1.5641  acc 0.5575  (1255s)
[s3_spectral_T512_d384_L6_s0_lr0.8] step   4000  train 1.6278  val 1.5724  acc 0.5576  (1340s)
[s3_spectral_T512_d384_L6_s0_lr0.8] step   4250  train 1.6007  val 1.5328  acc 0.5779  (1425s)
[s3_spectral_T512_d384_L6_s0_lr0.8] step   4500  train 1.5786  val 1.5107  acc 0.5754  (1502s)
[s3_spectral_T512_d384_L6_s0_lr0.8] step   4750  train 1.5537  val 1.4728  acc 0.5849  (1585s)
[s3_spectral_T512_d384_L6_s0_lr0.8] step   5000  train 1.5075  val 1.4218  acc 0.5976  (1668s)
[s3_spectral_T512_d384_L6_s0_lr0.8] step   5250  train 1.4838  val 1.4165  acc 0.5959  (1751s)
[s3_spectral_T512_d384_L6_s0_lr0.8] step   5500  train 1.4690  val 1.3810  acc 0.6046  (1828s)
[s3_spectral_T512_d384_L6_s0_lr0.8] step   5750  train 1.4531  val 1.3578  acc 0.6136  (1911s)
[s3_spectral_T512_d384_L6_s0_lr0.8] step   6000  train 1.4349  val 1.3582  acc 0.6120  (1995s)
[s3_spectral_T512_d384_L6_s0_lr0.8] step   6250  train 1.4004  val 1.3263  acc 0.6183  (2079s)
[s3_spectral_T512_d384_L6_s0_lr0.8] step   6500  train 1.3974  val 1.3118  acc 0.6285  (2162s)
[s3_spectral_T512_d384_L6_s0_lr0.8] step   6750  train 1.3799  val 1.2713  acc 0.6358  (2240s)
[s3_spectral_T512_d384_L6_s0_lr0.8] step   7000  train 1.3661  val 1.2704  acc 0.6352  (2324s)
[s3_spectral_T512_d384_L6_s0_lr0.8] step   7250  train 1.3514  val 1.2599  acc 0.6413  (2408s)
[s3_spectral_T512_d384_L6_s0_lr0.8] step   7500  train 1.3367  val 1.2371  acc 0.6449  (2492s)
[s3_spectral_T512_d384_L6_s0_lr0.8] step   7750  train 1.3073  val 1.2405  acc 0.6473  (2523s)
[s3_spectral_T512_d384_L6_s0_lr0.8] step   8000  train 1.2895  val 1.1966  acc 0.6568  (2549s)
[s3_spectral_T512_d384_L6_s0_lr0.8] step   8250  train 1.2788  val 1.1901  acc 0.6614  (2576s)
[s3_spectral_T512_d384_L6_s0_lr0.8] step   8500  train 1.2646  val 1.1725  acc 0.6648  (2603s)
[s3_spectral_T512_d384_L6_s0_lr0.8] step   8750  train 1.2444  val 1.1665  acc 0.6588  (2630s)
[s3_spectral_T512_d384_L6_s0_lr0.8] step   9000  train 1.2325  val 1.1364  acc 0.6737  (2657s)
[s3_spectral_T512_d384_L6_s0_lr0.8] step   9250  train 1.2185  val 1.1336  acc 0.6732  (2684s)
[s3_spectral_T512_d384_L6_s0_lr0.8] step   9500  train 1.2062  val 1.1199  acc 0.6797  (2711s)
[s3_spectral_T512_d384_L6_s0_lr0.8] step   9750  train 1.1928  val 1.1046  acc 0.6849  (2738s)
[s3_spectral_T512_d384_L6_s0_lr0.8] zero-shot T=128  val 4.6904  acc 0.0791
[s3_spectral_T512_d384_L6_s0_lr0.8] zero-shot T=256  val 3.7338  acc 0.1991
[s3_spectral_T512_d384_L6_s0_lr0.8] zero-shot T=512  val 1.0634  acc 0.6952
[s3_spectral_T512_d384_L6_s0_lr0.8] zero-shot T=1024  val 3.5316  acc 0.1903
[s3_spectral_T512_d384_L6_s0_lr0.8] done in 2766s; best val 1.0914  (3.62 steps/s)
