D:\dsh\work\scaleup\scripts\spectral_lm_torch.py:510: UserWarning: The given NumPy array is not writable, and PyTorch does not support non-writable tensors. This means writing to this tensor will result in undefined behavior. You may want to copy the array to protect its data or make it writable before converting it to a tensor. This type of warning will be suppressed for the rest of this program. (Triggered internally at C:\actions-runner\_work\pytorch\pytorch\pytorch\torch\csrc\utils\tensor_numpy.cpp:212.)
  self.train = torch.as_tensor(np.ascontiguousarray(corpus.train), device=device)
== run s2_attn_T256_d192_L4_s0_lr0.8 | corpus 100.0MB vocab=206 | params=1819392 (mix=592896 active=592896) | cuda torch.float32
[s2_attn_T256_d192_L4_s0_lr0.8] step      0  train 0.0000  val 5.4996  acc 0.0000  (0s)
[s2_attn_T256_d192_L4_s0_lr0.8] step    250  train 3.6674  val 3.6085  acc 0.0626  (46s)
[s2_attn_T256_d192_L4_s0_lr0.8] step    500  train 3.5482  val 3.5061  acc 0.1406  (93s)
[s2_attn_T256_d192_L4_s0_lr0.8] step    750  train 3.4074  val 3.3528  acc 0.1372  (140s)
[s2_attn_T256_d192_L4_s0_lr0.8] step   1000  train 3.0901  val 2.7688  acc 0.2529  (187s)
[s2_attn_T256_d192_L4_s0_lr0.8] step   1250  train 2.4643  val 2.2529  acc 0.3804  (233s)
[s2_attn_T256_d192_L4_s0_lr0.8] step   1500  train 2.1682  val 2.0937  acc 0.4111  (272s)
[s2_attn_T256_d192_L4_s0_lr0.8] step   1750  train 2.0109  val 1.9358  acc 0.4654  (319s)
[s2_attn_T256_d192_L4_s0_lr0.8] step   2000  train 1.8776  val 1.8007  acc 0.5019  (365s)
[s2_attn_T256_d192_L4_s0_lr0.8] step   2250  train 1.7800  val 1.6813  acc 0.5222  (412s)
[s2_attn_T256_d192_L4_s0_lr0.8] step   2500  train 1.7080  val 1.6382  acc 0.5454  (450s)
[s2_attn_T256_d192_L4_s0_lr0.8] step   2750  train 1.6465  val 1.5892  acc 0.5569  (496s)
[s2_attn_T256_d192_L4_s0_lr0.8] step   3000  train 1.5991  val 1.5537  acc 0.5630  (541s)
[s2_attn_T256_d192_L4_s0_lr0.8] step   3250  train 1.5397  val 1.4961  acc 0.5871  (587s)
[s2_attn_T256_d192_L4_s0_lr0.8] step   3500  train 1.5039  val 1.4780  acc 0.5818  (625s)
[s2_attn_T256_d192_L4_s0_lr0.8] step   3750  train 1.4745  val 1.4301  acc 0.6015  (672s)
[s2_attn_T256_d192_L4_s0_lr0.8] step   4000  train 1.4366  val 1.3823  acc 0.6097  (718s)
[s2_attn_T256_d192_L4_s0_lr0.8] step   4250  train 1.4157  val 1.3392  acc 0.6193  (763s)
[s2_attn_T256_d192_L4_s0_lr0.8] step   4500  train 1.3712  val 1.3240  acc 0.6233  (803s)
[s2_attn_T256_d192_L4_s0_lr0.8] step   4750  train 1.3557  val 1.2947  acc 0.6387  (850s)
[s2_attn_T256_d192_L4_s0_lr0.8] step   5000  train 1.3208  val 1.2557  acc 0.6482  (897s)
[s2_attn_T256_d192_L4_s0_lr0.8] step   5250  train 1.3051  val 1.2448  acc 0.6440  (944s)
[s2_attn_T256_d192_L4_s0_lr0.8] step   5500  train 1.2787  val 1.2414  acc 0.6424  (991s)
[s2_attn_T256_d192_L4_s0_lr0.8] step   5750  train 1.2528  val 1.2013  acc 0.6547  (1034s)
[s2_attn_T256_d192_L4_s0_lr0.8] step   6000  train 1.2393  val 1.1668  acc 0.6776  (1076s)
[s2_attn_T256_d192_L4_s0_lr0.8] step   6250  train 1.2275  val 1.1482  acc 0.6830  (1122s)
[s2_attn_T256_d192_L4_s0_lr0.8] step   6500  train 1.2018  val 1.1299  acc 0.6887  (1169s)
[s2_attn_T256_d192_L4_s0_lr0.8] step   6750  train 1.1880  val 1.1252  acc 0.6873  (1207s)
[s2_attn_T256_d192_L4_s0_lr0.8] step   7000  train 1.1693  val 1.0974  acc 0.6939  (1253s)
[s2_attn_T256_d192_L4_s0_lr0.8] step   7250  train 1.1503  val 1.0683  acc 0.7045  (1299s)
[s2_attn_T256_d192_L4_s0_lr0.8] step   7500  train 1.1287  val 1.0570  acc 0.7074  (1345s)
[s2_attn_T256_d192_L4_s0_lr0.8] step   7750  train 1.1126  val 1.0582  acc 0.7035  (1383s)
[s2_attn_T256_d192_L4_s0_lr0.8] step   8000  train 1.1104  val 1.0478  acc 0.7062  (1429s)
[s2_attn_T256_d192_L4_s0_lr0.8] step   8250  train 1.0734  val 1.0262  acc 0.7056  (1475s)
[s2_attn_T256_d192_L4_s0_lr0.8] step   8500  train 1.0627  val 1.0110  acc 0.7168  (1521s)
[s2_attn_T256_d192_L4_s0_lr0.8] step   8750  train 1.0583  val 0.9916  acc 0.7217  (1560s)
[s2_attn_T256_d192_L4_s0_lr0.8] step   9000  train 1.0370  val 0.9780  acc 0.7301  (1607s)
[s2_attn_T256_d192_L4_s0_lr0.8] step   9250  train 1.0315  val 0.9725  acc 0.7339  (1654s)
[s2_attn_T256_d192_L4_s0_lr0.8] step   9500  train 1.0143  val 0.9615  acc 0.7266  (1701s)
[s2_attn_T256_d192_L4_s0_lr0.8] step   9750  train 1.0005  val 0.9506  acc 0.7320  (1747s)
[s2_attn_T256_d192_L4_s0_lr0.8] zero-shot T=128  val 1.0753  acc 0.6970
[s2_attn_T256_d192_L4_s0_lr0.8] zero-shot T=256  val 0.9885  acc 0.7302
[s2_attn_T256_d192_L4_s0_lr0.8] zero-shot T=512  val 1.0768  acc 0.7022
[s2_attn_T256_d192_L4_s0_lr0.8] zero-shot T=1024  val 2.4101  acc 0.4287
[s2_attn_T256_d192_L4_s0_lr0.8] done in 1796s; best val 0.9395  (5.57 steps/s)
