D:\dsh\work\scaleup\scripts\spectral_lm_torch.py:510: UserWarning: The given NumPy array is not writable, and PyTorch does not support non-writable tensors. This means writing to this tensor will result in undefined behavior. You may want to copy the array to protect its data or make it writable before converting it to a tensor. This type of warning will be suppressed for the rest of this program. (Triggered internally at C:\actions-runner\_work\pytorch\pytorch\pytorch\torch\csrc\utils\tensor_numpy.cpp:212.)
  self.train = torch.as_tensor(np.ascontiguousarray(corpus.train), device=device)
== run s1_attn_T128_d96_L3_s0_lr0.8 | corpus 100.0MB vocab=206 | params=355488 (mix=111744 active=111744) | cuda torch.float32
[s1_attn_T128_d96_L3_s0_lr0.8] step      0  train 0.0000  val 5.3752  acc 0.0000  (0s)
[s1_attn_T128_d96_L3_s0_lr0.8] step    250  train 3.6507  val 3.5401  acc 0.1322  (6s)
[s1_attn_T128_d96_L3_s0_lr0.8] step    500  train 3.4273  val 3.1977  acc 0.1546  (14s)
[s1_attn_T128_d96_L3_s0_lr0.8] step    750  train 2.8564  val 2.4140  acc 0.3417  (21s)
[s1_attn_T128_d96_L3_s0_lr0.8] step   1000  train 2.3678  val 2.3040  acc 0.3618  (28s)
[s1_attn_T128_d96_L3_s0_lr0.8] step   1250  train 2.2525  val 2.2590  acc 0.3808  (35s)
[s1_attn_T128_d96_L3_s0_lr0.8] step   1500  train 2.8361  val 3.3702  acc 0.1276  (42s)
[s1_attn_T128_d96_L3_s0_lr0.8] step   1750  train 3.3217  val 3.3777  acc 0.1662  (50s)
[s1_attn_T128_d96_L3_s0_lr0.8] step   2000  train 3.3695  val 3.4032  acc 0.1762  (57s)
[s1_attn_T128_d96_L3_s0_lr0.8] step   2250  train 3.4638  val 3.3840  acc 0.1800  (64s)
[s1_attn_T128_d96_L3_s0_lr0.8] step   2500  train 3.4751  val 3.4294  acc 0.1625  (72s)
[s1_attn_T128_d96_L3_s0_lr0.8] step   2750  train 3.4539  val 3.4379  acc 0.1803  (79s)
[s1_attn_T128_d96_L3_s0_lr0.8] step   3000  train 3.5875  val 3.7904  acc 0.1051  (86s)
[s1_attn_T128_d96_L3_s0_lr0.8] step   3250  train 3.4601  val 3.4108  acc 0.1482  (94s)
[s1_attn_T128_d96_L3_s0_lr0.8] step   3500  train 3.5272  val 3.4417  acc 0.1239  (101s)
[s1_attn_T128_d96_L3_s0_lr0.8] step   3750  train 3.5092  val 3.5983  acc 0.1532  (108s)
[s1_attn_T128_d96_L3_s0_lr0.8] step   4000  train 3.4779  val 3.5186  acc 0.1627  (116s)
[s1_attn_T128_d96_L3_s0_lr0.8] step   4250  train 3.5617  val 3.3874  acc 0.1219  (123s)
[s1_attn_T128_d96_L3_s0_lr0.8] step   4500  train 3.4372  val 3.6571  acc 0.1748  (130s)
[s1_attn_T128_d96_L3_s0_lr0.8] step   4750  train 3.5777  val 3.5066  acc 0.1586  (138s)
[s1_attn_T128_d96_L3_s0_lr0.8] step   5000  train 3.4983  val 3.5287  acc 0.1532  (145s)
[s1_attn_T128_d96_L3_s0_lr0.8] step   5250  train 3.5169  val 3.5046  acc 0.1578  (153s)
[s1_attn_T128_d96_L3_s0_lr0.8] step   5500  train 3.4360  val 3.4196  acc 0.1733  (160s)
[s1_attn_T128_d96_L3_s0_lr0.8] step   5750  train 3.3991  val 3.3704  acc 0.1800  (167s)
[s1_attn_T128_d96_L3_s0_lr0.8] step   6000  train 3.3665  val 3.6041  acc 0.1503  (174s)
[s1_attn_T128_d96_L3_s0_lr0.8] step   6250  train 3.3684  val 3.3238  acc 0.1598  (182s)
[s1_attn_T128_d96_L3_s0_lr0.8] step   6500  train 3.3166  val 3.3770  acc 0.1323  (189s)
[s1_attn_T128_d96_L3_s0_lr0.8] step   6750  train 3.2984  val 3.3074  acc 0.1910  (197s)
[s1_attn_T128_d96_L3_s0_lr0.8] step   7000  train 3.2627  val 3.2601  acc 0.1944  (204s)
[s1_attn_T128_d96_L3_s0_lr0.8] step   7250  train 3.2619  val 3.2964  acc 0.1937  (211s)
[s1_attn_T128_d96_L3_s0_lr0.8] step   7500  train 3.2468  val 3.2208  acc 0.2057  (218s)
[s1_attn_T128_d96_L3_s0_lr0.8] step   7750  train 3.2195  val 3.2137  acc 0.2041  (226s)
[s1_attn_T128_d96_L3_s0_lr0.8] step   8000  train 3.2093  val 3.2376  acc 0.1973  (233s)
[s1_attn_T128_d96_L3_s0_lr0.8] step   8250  train 3.1999  val 3.2552  acc 0.1896  (240s)
[s1_attn_T128_d96_L3_s0_lr0.8] step   8500  train 3.1841  val 3.2168  acc 0.2050  (248s)
[s1_attn_T128_d96_L3_s0_lr0.8] step   8750  train 3.1779  val 3.2075  acc 0.2048  (255s)
[s1_attn_T128_d96_L3_s0_lr0.8] step   9000  train 3.1769  val 3.1955  acc 0.2009  (262s)
[s1_attn_T128_d96_L3_s0_lr0.8] step   9250  train 3.1700  val 3.2099  acc 0.1989  (269s)
[s1_attn_T128_d96_L3_s0_lr0.8] step   9500  train 3.1615  val 3.1856  acc 0.2050  (277s)
[s1_attn_T128_d96_L3_s0_lr0.8] step   9750  train 3.1465  val 3.1889  acc 0.2032  (284s)
[s1_attn_T128_d96_L3_s0_lr0.8] zero-shot T=128  val 3.2173  acc 0.1979
[s1_attn_T128_d96_L3_s0_lr0.8] zero-shot T=256  val 3.1384  acc 0.2151
[s1_attn_T128_d96_L3_s0_lr0.8] zero-shot T=512  val 3.1761  acc 0.2013
[s1_attn_T128_d96_L3_s0_lr0.8] zero-shot T=1024  val 3.3328  acc 0.1837
[s1_attn_T128_d96_L3_s0_lr0.8] done in 292s; best val 2.2590  (34.29 steps/s)
