D:\dsh\work\scaleup\scripts\spectral_lm_torch.py:510: UserWarning: The given NumPy array is not writable, and PyTorch does not support non-writable tensors. This means writing to this tensor will result in undefined behavior. You may want to copy the array to protect its data or make it writable before converting it to a tensor. This type of warning will be suppressed for the rest of this program. (Triggered internally at C:\actions-runner\_work\pytorch\pytorch\pytorch\torch\csrc\utils\tensor_numpy.cpp:212.)
  self.train = torch.as_tensor(np.ascontiguousarray(corpus.train), device=device)
== run lrsweep_spectral_T128_d96_L3_s0_lr0.8 | corpus 100.0MB vocab=206 | params=539232 (mix=295488 active=37440) | cuda torch.float32
[lrsweep_spectral_T128_d96_L3_s0_lr0.8] step      0  train 0.0000  val 5.3747  acc 0.0000  (0s)
[lrsweep_spectral_T128_d96_L3_s0_lr0.8] step     62  train 3.9073  val 3.5538  acc 0.1234  (2s)
[lrsweep_spectral_T128_d96_L3_s0_lr0.8] step    124  train 3.5497  val 3.4605  acc 0.1816  (3s)
[lrsweep_spectral_T128_d96_L3_s0_lr0.8] step    186  train 3.4810  val 3.3519  acc 0.1938  (4s)
[lrsweep_spectral_T128_d96_L3_s0_lr0.8] step    248  train 3.2957  val 3.0775  acc 0.2483  (5s)
[lrsweep_spectral_T128_d96_L3_s0_lr0.8] step    310  train 3.0356  val 2.9812  acc 0.2393  (6s)
[lrsweep_spectral_T128_d96_L3_s0_lr0.8] step    372  train 2.8734  val 2.7868  acc 0.2902  (8s)
[lrsweep_spectral_T128_d96_L3_s0_lr0.8] step    434  train 2.7464  val 2.6997  acc 0.2812  (9s)
[lrsweep_spectral_T128_d96_L3_s0_lr0.8] step    496  train 2.6281  val 2.5448  acc 0.3197  (11s)
[lrsweep_spectral_T128_d96_L3_s0_lr0.8] step    558  train 2.5450  val 2.4813  acc 0.3434  (12s)
[lrsweep_spectral_T128_d96_L3_s0_lr0.8] step    620  train 2.4858  val 2.4253  acc 0.3517  (13s)
[lrsweep_spectral_T128_d96_L3_s0_lr0.8] step    682  train 2.4024  val 2.3243  acc 0.3732  (15s)
[lrsweep_spectral_T128_d96_L3_s0_lr0.8] step    744  train 2.3378  val 2.2758  acc 0.3729  (16s)
[lrsweep_spectral_T128_d96_L3_s0_lr0.8] step    806  train 2.3002  val 2.2229  acc 0.4069  (18s)
[lrsweep_spectral_T128_d96_L3_s0_lr0.8] step    868  train 2.2247  val 2.2235  acc 0.3964  (19s)
[lrsweep_spectral_T128_d96_L3_s0_lr0.8] step    930  train 2.1801  val 2.1205  acc 0.4267  (20s)
[lrsweep_spectral_T128_d96_L3_s0_lr0.8] step    992  train 2.1456  val 2.1284  acc 0.4160  (22s)
[lrsweep_spectral_T128_d96_L3_s0_lr0.8] step   1054  train 2.0733  val 2.0830  acc 0.4368  (23s)
[lrsweep_spectral_T128_d96_L3_s0_lr0.8] step   1116  train 2.0602  val 2.0070  acc 0.4456  (25s)
[lrsweep_spectral_T128_d96_L3_s0_lr0.8] step   1178  train 2.0280  val 1.9829  acc 0.4680  (26s)
[lrsweep_spectral_T128_d96_L3_s0_lr0.8] step   1240  train 2.0053  val 2.0031  acc 0.4526  (28s)
[lrsweep_spectral_T128_d96_L3_s0_lr0.8] step   1302  train 1.9788  val 1.9307  acc 0.4655  (29s)
[lrsweep_spectral_T128_d96_L3_s0_lr0.8] step   1364  train 1.9530  val 1.8974  acc 0.4753  (30s)
[lrsweep_spectral_T128_d96_L3_s0_lr0.8] step   1426  train 1.9124  val 1.8866  acc 0.4759  (32s)
[lrsweep_spectral_T128_d96_L3_s0_lr0.8] step   1488  train 1.9071  val 1.8327  acc 0.4886  (33s)
[lrsweep_spectral_T128_d96_L3_s0_lr0.8] step   1550  train 1.8896  val 1.8152  acc 0.4878  (35s)
[lrsweep_spectral_T128_d96_L3_s0_lr0.8] step   1612  train 1.8728  val 1.8051  acc 0.4835  (36s)
[lrsweep_spectral_T128_d96_L3_s0_lr0.8] step   1674  train 1.8337  val 1.7743  acc 0.5001  (37s)
[lrsweep_spectral_T128_d96_L3_s0_lr0.8] step   1736  train 1.8265  val 1.7709  acc 0.5001  (39s)
[lrsweep_spectral_T128_d96_L3_s0_lr0.8] step   1798  train 1.8190  val 1.7666  acc 0.4882  (40s)
[lrsweep_spectral_T128_d96_L3_s0_lr0.8] step   1860  train 1.8041  val 1.7586  acc 0.5034  (42s)
[lrsweep_spectral_T128_d96_L3_s0_lr0.8] step   1922  train 1.7770  val 1.7059  acc 0.5218  (43s)
[lrsweep_spectral_T128_d96_L3_s0_lr0.8] step   1984  train 1.7560  val 1.7319  acc 0.5103  (44s)
[lrsweep_spectral_T128_d96_L3_s0_lr0.8] step   2046  train 1.7639  val 1.7371  acc 0.5070  (46s)
[lrsweep_spectral_T128_d96_L3_s0_lr0.8] step   2108  train 1.7526  val 1.6997  acc 0.5307  (47s)
[lrsweep_spectral_T128_d96_L3_s0_lr0.8] step   2170  train 1.7398  val 1.6571  acc 0.5229  (49s)
[lrsweep_spectral_T128_d96_L3_s0_lr0.8] step   2232  train 1.7019  val 1.6753  acc 0.5326  (50s)
[lrsweep_spectral_T128_d96_L3_s0_lr0.8] step   2294  train 1.7106  val 1.6734  acc 0.5303  (51s)
[lrsweep_spectral_T128_d96_L3_s0_lr0.8] step   2356  train 1.7032  val 1.6702  acc 0.5341  (53s)
[lrsweep_spectral_T128_d96_L3_s0_lr0.8] step   2418  train 1.6752  val 1.6523  acc 0.5386  (54s)
[lrsweep_spectral_T128_d96_L3_s0_lr0.8] step   2480  train 1.6664  val 1.6280  acc 0.5442  (55s)
[lrsweep_spectral_T128_d96_L3_s0_lr0.8] done in 56s; best val 1.6280  (44.53 steps/s)
