D:\dsh\work\scaleup\scripts\spectral_lm_torch.py:510: UserWarning: The given NumPy array is not writable, and PyTorch does not support non-writable tensors. This means writing to this tensor will result in undefined behavior. You may want to copy the array to protect its data or make it writable before converting it to a tensor. This type of warning will be suppressed for the rest of this program. (Triggered internally at C:\actions-runner\_work\pytorch\pytorch\pytorch\torch\csrc\utils\tensor_numpy.cpp:212.)
  self.train = torch.as_tensor(np.ascontiguousarray(corpus.train), device=device)
== run lrsweep_stencil_T128_d96_L3_s0_lr0.2 | corpus 100.0MB vocab=206 | params=245184 (mix=1440 active=1440) | cuda torch.float32
[lrsweep_stencil_T128_d96_L3_s0_lr0.2] step      0  train 0.0000  val 5.3843  acc 0.0000  (0s)
[lrsweep_stencil_T128_d96_L3_s0_lr0.2] step     62  train 4.0336  val 3.5536  acc 0.1353  (2s)
[lrsweep_stencil_T128_d96_L3_s0_lr0.2] step    124  train 3.5595  val 3.5395  acc 0.1355  (3s)
[lrsweep_stencil_T128_d96_L3_s0_lr0.2] step    186  train 3.5246  val 3.3766  acc 0.1554  (4s)
[lrsweep_stencil_T128_d96_L3_s0_lr0.2] step    248  train 3.1871  val 2.9689  acc 0.2629  (6s)
[lrsweep_stencil_T128_d96_L3_s0_lr0.2] step    310  train 2.9462  val 2.8257  acc 0.2888  (8s)
[lrsweep_stencil_T128_d96_L3_s0_lr0.2] step    372  train 2.7846  val 2.5911  acc 0.3368  (9s)
[lrsweep_stencil_T128_d96_L3_s0_lr0.2] step    434  train 2.5716  val 2.4147  acc 0.3569  (11s)
[lrsweep_stencil_T128_d96_L3_s0_lr0.2] step    496  train 2.3823  val 2.2380  acc 0.3932  (13s)
[lrsweep_stencil_T128_d96_L3_s0_lr0.2] step    558  train 2.2478  val 2.1653  acc 0.4189  (14s)
[lrsweep_stencil_T128_d96_L3_s0_lr0.2] step    620  train 2.1816  val 2.0891  acc 0.4357  (16s)
[lrsweep_stencil_T128_d96_L3_s0_lr0.2] step    682  train 2.0996  val 2.0271  acc 0.4608  (17s)
[lrsweep_stencil_T128_d96_L3_s0_lr0.2] step    744  train 2.0291  val 1.9829  acc 0.4684  (19s)
[lrsweep_stencil_T128_d96_L3_s0_lr0.2] step    806  train 2.0089  val 1.9095  acc 0.4864  (20s)
[lrsweep_stencil_T128_d96_L3_s0_lr0.2] step    868  train 1.9615  val 1.9160  acc 0.4727  (22s)
[lrsweep_stencil_T128_d96_L3_s0_lr0.2] step    930  train 1.9164  val 1.8699  acc 0.4820  (23s)
[lrsweep_stencil_T128_d96_L3_s0_lr0.2] step    992  train 1.8779  val 1.8196  acc 0.4887  (25s)
[lrsweep_stencil_T128_d96_L3_s0_lr0.2] step   1054  train 1.8156  val 1.7878  acc 0.5059  (27s)
[lrsweep_stencil_T128_d96_L3_s0_lr0.2] step   1116  train 1.8093  val 1.7271  acc 0.5176  (28s)
[lrsweep_stencil_T128_d96_L3_s0_lr0.2] step   1178  train 1.7922  val 1.7213  acc 0.5155  (30s)
[lrsweep_stencil_T128_d96_L3_s0_lr0.2] step   1240  train 1.7679  val 1.6907  acc 0.5374  (31s)
[lrsweep_stencil_T128_d96_L3_s0_lr0.2] step   1302  train 1.7342  val 1.6628  acc 0.5315  (32s)
[lrsweep_stencil_T128_d96_L3_s0_lr0.2] step   1364  train 1.7138  val 1.6312  acc 0.5508  (34s)
[lrsweep_stencil_T128_d96_L3_s0_lr0.2] step   1426  train 1.6827  val 1.6235  acc 0.5381  (35s)
[lrsweep_stencil_T128_d96_L3_s0_lr0.2] step   1488  train 1.6702  val 1.6118  acc 0.5510  (36s)
[lrsweep_stencil_T128_d96_L3_s0_lr0.2] step   1550  train 1.6676  val 1.5920  acc 0.5529  (38s)
[lrsweep_stencil_T128_d96_L3_s0_lr0.2] step   1612  train 1.6572  val 1.5669  acc 0.5625  (39s)
[lrsweep_stencil_T128_d96_L3_s0_lr0.2] step   1674  train 1.6247  val 1.5589  acc 0.5613  (40s)
[lrsweep_stencil_T128_d96_L3_s0_lr0.2] step   1736  train 1.6201  val 1.5184  acc 0.5727  (41s)
[lrsweep_stencil_T128_d96_L3_s0_lr0.2] step   1798  train 1.6119  val 1.5346  acc 0.5596  (43s)
[lrsweep_stencil_T128_d96_L3_s0_lr0.2] step   1860  train 1.6021  val 1.5181  acc 0.5677  (44s)
[lrsweep_stencil_T128_d96_L3_s0_lr0.2] step   1922  train 1.5781  val 1.4875  acc 0.5827  (45s)
[lrsweep_stencil_T128_d96_L3_s0_lr0.2] step   1984  train 1.5558  val 1.4913  acc 0.5796  (47s)
[lrsweep_stencil_T128_d96_L3_s0_lr0.2] step   2046  train 1.5593  val 1.4838  acc 0.5786  (48s)
[lrsweep_stencil_T128_d96_L3_s0_lr0.2] step   2108  train 1.5547  val 1.4703  acc 0.5893  (49s)
[lrsweep_stencil_T128_d96_L3_s0_lr0.2] step   2170  train 1.5449  val 1.4516  acc 0.5988  (51s)
[lrsweep_stencil_T128_d96_L3_s0_lr0.2] step   2232  train 1.5170  val 1.4545  acc 0.5901  (52s)
[lrsweep_stencil_T128_d96_L3_s0_lr0.2] step   2294  train 1.5226  val 1.4571  acc 0.5849  (54s)
[lrsweep_stencil_T128_d96_L3_s0_lr0.2] step   2356  train 1.5138  val 1.4413  acc 0.5943  (55s)
[lrsweep_stencil_T128_d96_L3_s0_lr0.2] step   2418  train 1.4874  val 1.4371  acc 0.5948  (56s)
[lrsweep_stencil_T128_d96_L3_s0_lr0.2] step   2480  train 1.4844  val 1.4118  acc 0.6053  (58s)
[lrsweep_stencil_T128_d96_L3_s0_lr0.2] done in 58s; best val 1.4118  (43.01 steps/s)
