D:\dsh\work\scaleup\scripts\spectral_lm_torch.py:510: UserWarning: The given NumPy array is not writable, and PyTorch does not support non-writable tensors. This means writing to this tensor will result in undefined behavior. You may want to copy the array to protect its data or make it writable before converting it to a tensor. This type of warning will be suppressed for the rest of this program. (Triggered internally at C:\actions-runner\_work\pytorch\pytorch\pytorch\torch\csrc\utils\tensor_numpy.cpp:212.)
  self.train = torch.as_tensor(np.ascontiguousarray(corpus.train), device=device)
== run lrsweep_stencil_T128_d96_L3_s0_lr0.05 | corpus 100.0MB vocab=206 | params=245184 (mix=1440 active=1440) | cuda torch.float32
[lrsweep_stencil_T128_d96_L3_s0_lr0.05] step      0  train 0.0000  val 5.3720  acc 0.0017  (1s)
[lrsweep_stencil_T128_d96_L3_s0_lr0.05] step     62  train 4.2808  val 3.5943  acc 0.1353  (3s)
[lrsweep_stencil_T128_d96_L3_s0_lr0.05] step    124  train 3.5611  val 3.5311  acc 0.1361  (5s)
[lrsweep_stencil_T128_d96_L3_s0_lr0.05] step    186  train 3.5565  val 3.5034  acc 0.1353  (7s)
[lrsweep_stencil_T128_d96_L3_s0_lr0.05] step    248  train 3.5320  val 3.5026  acc 0.1379  (10s)
[lrsweep_stencil_T128_d96_L3_s0_lr0.05] step    310  train 3.5034  val 3.4813  acc 0.1441  (12s)
[lrsweep_stencil_T128_d96_L3_s0_lr0.05] step    372  train 3.4868  val 3.4369  acc 0.1698  (14s)
[lrsweep_stencil_T128_d96_L3_s0_lr0.05] step    434  train 3.4423  val 3.3261  acc 0.2098  (17s)
[lrsweep_stencil_T128_d96_L3_s0_lr0.05] step    496  train 3.3098  val 3.1382  acc 0.2398  (19s)
[lrsweep_stencil_T128_d96_L3_s0_lr0.05] step    558  train 3.1345  val 2.9646  acc 0.2611  (21s)
[lrsweep_stencil_T128_d96_L3_s0_lr0.05] step    620  train 3.0315  val 2.9065  acc 0.2769  (23s)
[lrsweep_stencil_T128_d96_L3_s0_lr0.05] step    682  train 2.9538  val 2.8434  acc 0.2886  (25s)
[lrsweep_stencil_T128_d96_L3_s0_lr0.05] step    744  train 2.8925  val 2.7843  acc 0.3140  (28s)
[lrsweep_stencil_T128_d96_L3_s0_lr0.05] step    806  train 2.8262  val 2.6784  acc 0.3183  (30s)
[lrsweep_stencil_T128_d96_L3_s0_lr0.05] step    868  train 2.7490  val 2.6095  acc 0.3341  (33s)
[lrsweep_stencil_T128_d96_L3_s0_lr0.05] step    930  train 2.6208  val 2.5170  acc 0.3294  (35s)
[lrsweep_stencil_T128_d96_L3_s0_lr0.05] step    992  train 2.5057  val 2.4381  acc 0.3497  (37s)
[lrsweep_stencil_T128_d96_L3_s0_lr0.05] step   1054  train 2.4027  val 2.3550  acc 0.3744  (39s)
[lrsweep_stencil_T128_d96_L3_s0_lr0.05] step   1116  train 2.3692  val 2.3085  acc 0.3735  (42s)
[lrsweep_stencil_T128_d96_L3_s0_lr0.05] step   1178  train 2.3344  val 2.2596  acc 0.3913  (43s)
[lrsweep_stencil_T128_d96_L3_s0_lr0.05] step   1240  train 2.3006  val 2.2338  acc 0.3748  (46s)
[lrsweep_stencil_T128_d96_L3_s0_lr0.05] step   1302  train 2.2577  val 2.2160  acc 0.4044  (48s)
[lrsweep_stencil_T128_d96_L3_s0_lr0.05] step   1364  train 2.2315  val 2.1897  acc 0.4086  (50s)
[lrsweep_stencil_T128_d96_L3_s0_lr0.05] step   1426  train 2.2044  val 2.1705  acc 0.4098  (53s)
[lrsweep_stencil_T128_d96_L3_s0_lr0.05] step   1488  train 2.1918  val 2.1476  acc 0.4063  (55s)
[lrsweep_stencil_T128_d96_L3_s0_lr0.05] step   1550  train 2.1783  val 2.1196  acc 0.4232  (57s)
[lrsweep_stencil_T128_d96_L3_s0_lr0.05] step   1612  train 2.1815  val 2.1095  acc 0.4243  (59s)
[lrsweep_stencil_T128_d96_L3_s0_lr0.05] step   1674  train 2.1284  val 2.0875  acc 0.4327  (62s)
[lrsweep_stencil_T128_d96_L3_s0_lr0.05] step   1736  train 2.1297  val 2.0775  acc 0.4307  (64s)
[lrsweep_stencil_T128_d96_L3_s0_lr0.05] step   1798  train 2.1235  val 2.0691  acc 0.4372  (67s)
[lrsweep_stencil_T128_d96_L3_s0_lr0.05] step   1860  train 2.1078  val 2.0497  acc 0.4387  (69s)
[lrsweep_stencil_T128_d96_L3_s0_lr0.05] step   1922  train 2.0960  val 2.0404  acc 0.4426  (71s)
[lrsweep_stencil_T128_d96_L3_s0_lr0.05] step   1984  train 2.0655  val 2.0373  acc 0.4406  (73s)
[lrsweep_stencil_T128_d96_L3_s0_lr0.05] step   2046  train 2.0862  val 2.0307  acc 0.4495  (76s)
[lrsweep_stencil_T128_d96_L3_s0_lr0.05] step   2108  train 2.0636  val 2.0218  acc 0.4497  (78s)
[lrsweep_stencil_T128_d96_L3_s0_lr0.05] step   2170  train 2.0673  val 2.0024  acc 0.4446  (80s)
[lrsweep_stencil_T128_d96_L3_s0_lr0.05] step   2232  train 2.0322  val 2.0003  acc 0.4615  (82s)
[lrsweep_stencil_T128_d96_L3_s0_lr0.05] step   2294  train 2.0600  val 1.9924  acc 0.4466  (85s)
[lrsweep_stencil_T128_d96_L3_s0_lr0.05] step   2356  train 2.0456  val 1.9934  acc 0.4460  (87s)
[lrsweep_stencil_T128_d96_L3_s0_lr0.05] step   2418  train 2.0164  val 1.9797  acc 0.4506  (89s)
[lrsweep_stencil_T128_d96_L3_s0_lr0.05] step   2480  train 2.0264  val 1.9747  acc 0.4489  (91s)
[lrsweep_stencil_T128_d96_L3_s0_lr0.05] done in 92s; best val 1.9747  (27.06 steps/s)
