D:\dsh\work\scaleup\scripts\spectral_lm_torch.py:510: UserWarning: The given NumPy array is not writable, and PyTorch does not support non-writable tensors. This means writing to this tensor will result in undefined behavior. You may want to copy the array to protect its data or make it writable before converting it to a tensor. This type of warning will be suppressed for the rest of this program. (Triggered internally at C:\actions-runner\_work\pytorch\pytorch\pytorch\torch\csrc\utils\tensor_numpy.cpp:212.)
  self.train = torch.as_tensor(np.ascontiguousarray(corpus.train), device=device)
== run lrsweep_attn_T128_d96_L3_s0_lr0.8 | corpus 100.0MB vocab=206 | params=355488 (mix=111744 active=111744) | cuda torch.float32
[lrsweep_attn_T128_d96_L3_s0_lr0.8] step      0  train 0.0000  val 5.4050  acc 0.0000  (0s)
[lrsweep_attn_T128_d96_L3_s0_lr0.8] step     62  train 3.8559  val 3.5895  acc 0.1353  (2s)
[lrsweep_attn_T128_d96_L3_s0_lr0.8] step    124  train 3.5831  val 3.5437  acc 0.1353  (4s)
[lrsweep_attn_T128_d96_L3_s0_lr0.8] step    186  train 3.5760  val 3.5323  acc 0.1353  (5s)
[lrsweep_attn_T128_d96_L3_s0_lr0.8] step    248  train 3.5507  val 3.5309  acc 0.1353  (7s)
[lrsweep_attn_T128_d96_L3_s0_lr0.8] step    310  train 3.5075  val 3.4613  acc 0.1344  (9s)
[lrsweep_attn_T128_d96_L3_s0_lr0.8] step    372  train 3.3900  val 3.3400  acc 0.1297  (11s)
[lrsweep_attn_T128_d96_L3_s0_lr0.8] step    434  train 3.2900  val 3.2417  acc 0.1632  (13s)
[lrsweep_attn_T128_d96_L3_s0_lr0.8] step    496  train 3.0936  val 2.9061  acc 0.2319  (15s)
[lrsweep_attn_T128_d96_L3_s0_lr0.8] step    558  train 2.7700  val 2.6109  acc 0.2850  (17s)
[lrsweep_attn_T128_d96_L3_s0_lr0.8] step    620  train 2.5629  val 2.4293  acc 0.3432  (19s)
[lrsweep_attn_T128_d96_L3_s0_lr0.8] step    682  train 2.4186  val 2.3503  acc 0.3441  (21s)
[lrsweep_attn_T128_d96_L3_s0_lr0.8] step    744  train 2.3199  val 2.2999  acc 0.3736  (23s)
[lrsweep_attn_T128_d96_L3_s0_lr0.8] step    806  train 2.2930  val 2.2178  acc 0.3778  (25s)
[lrsweep_attn_T128_d96_L3_s0_lr0.8] step    868  train 2.2205  val 2.2023  acc 0.3815  (27s)
[lrsweep_attn_T128_d96_L3_s0_lr0.8] step    930  train 2.1909  val 2.1673  acc 0.4050  (29s)
[lrsweep_attn_T128_d96_L3_s0_lr0.8] step    992  train 2.1626  val 2.1228  acc 0.4008  (31s)
[lrsweep_attn_T128_d96_L3_s0_lr0.8] step   1054  train 2.1038  val 2.1152  acc 0.3876  (33s)
[lrsweep_attn_T128_d96_L3_s0_lr0.8] step   1116  train 2.0901  val 2.0912  acc 0.3976  (35s)
[lrsweep_attn_T128_d96_L3_s0_lr0.8] step   1178  train 2.0692  val 2.0267  acc 0.4188  (37s)
[lrsweep_attn_T128_d96_L3_s0_lr0.8] step   1240  train 2.0612  val 2.0271  acc 0.4198  (39s)
[lrsweep_attn_T128_d96_L3_s0_lr0.8] step   1302  train 2.0205  val 1.9919  acc 0.4273  (41s)
[lrsweep_attn_T128_d96_L3_s0_lr0.8] step   1364  train 2.0014  val 1.9560  acc 0.4589  (43s)
[lrsweep_attn_T128_d96_L3_s0_lr0.8] step   1426  train 1.9767  val 1.9601  acc 0.4489  (45s)
[lrsweep_attn_T128_d96_L3_s0_lr0.8] step   1488  train 1.9610  val 1.9090  acc 0.4487  (47s)
[lrsweep_attn_T128_d96_L3_s0_lr0.8] step   1550  train 1.9336  val 1.8885  acc 0.4463  (49s)
[lrsweep_attn_T128_d96_L3_s0_lr0.8] step   1612  train 1.9289  val 1.8562  acc 0.4605  (51s)
[lrsweep_attn_T128_d96_L3_s0_lr0.8] step   1674  train 1.8870  val 1.8511  acc 0.4775  (53s)
[lrsweep_attn_T128_d96_L3_s0_lr0.8] step   1736  train 1.8766  val 1.8153  acc 0.4889  (55s)
[lrsweep_attn_T128_d96_L3_s0_lr0.8] step   1798  train 1.8683  val 1.8311  acc 0.4861  (57s)
[lrsweep_attn_T128_d96_L3_s0_lr0.8] step   1860  train 1.8531  val 1.8232  acc 0.4841  (59s)
[lrsweep_attn_T128_d96_L3_s0_lr0.8] step   1922  train 1.8180  val 1.7922  acc 0.4968  (61s)
[lrsweep_attn_T128_d96_L3_s0_lr0.8] step   1984  train 1.7986  val 1.7956  acc 0.4789  (63s)
[lrsweep_attn_T128_d96_L3_s0_lr0.8] step   2046  train 1.7968  val 1.7899  acc 0.4887  (65s)
[lrsweep_attn_T128_d96_L3_s0_lr0.8] step   2108  train 1.7759  val 1.7245  acc 0.5070  (67s)
[lrsweep_attn_T128_d96_L3_s0_lr0.8] step   2170  train 1.7615  val 1.7215  acc 0.4997  (69s)
[lrsweep_attn_T128_d96_L3_s0_lr0.8] step   2232  train 1.7239  val 1.7035  acc 0.5151  (71s)
[lrsweep_attn_T128_d96_L3_s0_lr0.8] step   2294  train 1.7276  val 1.6906  acc 0.5209  (73s)
[lrsweep_attn_T128_d96_L3_s0_lr0.8] step   2356  train 1.7092  val 1.6980  acc 0.5261  (75s)
[lrsweep_attn_T128_d96_L3_s0_lr0.8] step   2418  train 1.6791  val 1.6549  acc 0.5290  (77s)
[lrsweep_attn_T128_d96_L3_s0_lr0.8] step   2480  train 1.6688  val 1.6345  acc 0.5358  (79s)
[lrsweep_attn_T128_d96_L3_s0_lr0.8] done in 80s; best val 1.6345  (31.32 steps/s)
