D:\dsh\work\scaleup\scripts\spectral_lm_torch.py:510: UserWarning: The given NumPy array is not writable, and PyTorch does not support non-writable tensors. This means writing to this tensor will result in undefined behavior. You may want to copy the array to protect its data or make it writable before converting it to a tensor. This type of warning will be suppressed for the rest of this program. (Triggered internally at C:\actions-runner\_work\pytorch\pytorch\pytorch\torch\csrc\utils\tensor_numpy.cpp:212.)
  self.train = torch.as_tensor(np.ascontiguousarray(corpus.train), device=device)
== run lrsweep_spectral_T128_d96_L3_s0_lr0.05 | corpus 100.0MB vocab=206 | params=539232 (mix=295488 active=37440) | cuda torch.float32
[lrsweep_spectral_T128_d96_L3_s0_lr0.05] step      0  train 0.0000  val 5.3687  acc 0.0000  (1s)
[lrsweep_spectral_T128_d96_L3_s0_lr0.05] step     62  train 4.2730  val 3.5936  acc 0.1353  (3s)
[lrsweep_spectral_T128_d96_L3_s0_lr0.05] step    124  train 3.5613  val 3.5321  acc 0.1353  (5s)
[lrsweep_spectral_T128_d96_L3_s0_lr0.05] step    186  train 3.5561  val 3.5022  acc 0.1353  (7s)
[lrsweep_spectral_T128_d96_L3_s0_lr0.05] step    248  train 3.5322  val 3.4975  acc 0.1379  (9s)
[lrsweep_spectral_T128_d96_L3_s0_lr0.05] step    310  train 3.5056  val 3.4869  acc 0.1407  (11s)
[lrsweep_spectral_T128_d96_L3_s0_lr0.05] step    372  train 3.4981  val 3.4501  acc 0.1663  (14s)
[lrsweep_spectral_T128_d96_L3_s0_lr0.05] step    434  train 3.4784  val 3.4112  acc 0.1671  (16s)
[lrsweep_spectral_T128_d96_L3_s0_lr0.05] step    496  train 3.4305  val 3.4082  acc 0.1816  (18s)
[lrsweep_spectral_T128_d96_L3_s0_lr0.05] step    558  train 3.4158  val 3.3771  acc 0.1871  (20s)
[lrsweep_spectral_T128_d96_L3_s0_lr0.05] step    620  train 3.3989  val 3.3776  acc 0.1887  (23s)
[lrsweep_spectral_T128_d96_L3_s0_lr0.05] step    682  train 3.3736  val 3.3520  acc 0.1900  (25s)
[lrsweep_spectral_T128_d96_L3_s0_lr0.05] step    744  train 3.3566  val 3.3555  acc 0.1712  (27s)
[lrsweep_spectral_T128_d96_L3_s0_lr0.05] step    806  train 3.3569  val 3.3421  acc 0.1947  (29s)
[lrsweep_spectral_T128_d96_L3_s0_lr0.05] step    868  train 3.3633  val 3.3449  acc 0.1648  (31s)
[lrsweep_spectral_T128_d96_L3_s0_lr0.05] step    930  train 3.3456  val 3.3312  acc 0.1879  (33s)
[lrsweep_spectral_T128_d96_L3_s0_lr0.05] step    992  train 3.3263  val 3.3223  acc 0.1994  (35s)
[lrsweep_spectral_T128_d96_L3_s0_lr0.05] step   1054  train 3.3020  val 3.3088  acc 0.1972  (37s)
[lrsweep_spectral_T128_d96_L3_s0_lr0.05] step   1116  train 3.3091  val 3.2890  acc 0.2008  (40s)
[lrsweep_spectral_T128_d96_L3_s0_lr0.05] step   1178  train 3.2880  val 3.2836  acc 0.2191  (42s)
[lrsweep_spectral_T128_d96_L3_s0_lr0.05] step   1240  train 3.2811  val 3.2685  acc 0.2219  (44s)
[lrsweep_spectral_T128_d96_L3_s0_lr0.05] step   1302  train 3.2783  val 3.2674  acc 0.2173  (45s)
[lrsweep_spectral_T128_d96_L3_s0_lr0.05] step   1364  train 3.2624  val 3.2452  acc 0.2213  (48s)
[lrsweep_spectral_T128_d96_L3_s0_lr0.05] step   1426  train 3.2420  val 3.2351  acc 0.2263  (50s)
[lrsweep_spectral_T128_d96_L3_s0_lr0.05] step   1488  train 3.2660  val 3.2241  acc 0.2301  (52s)
[lrsweep_spectral_T128_d96_L3_s0_lr0.05] step   1550  train 3.2403  val 3.2120  acc 0.2326  (54s)
[lrsweep_spectral_T128_d96_L3_s0_lr0.05] step   1612  train 3.2528  val 3.1990  acc 0.2441  (56s)
[lrsweep_spectral_T128_d96_L3_s0_lr0.05] step   1674  train 3.1763  val 3.1478  acc 0.2473  (58s)
[lrsweep_spectral_T128_d96_L3_s0_lr0.05] step   1736  train 3.1449  val 3.1025  acc 0.2512  (60s)
[lrsweep_spectral_T128_d96_L3_s0_lr0.05] step   1798  train 3.1136  val 3.0759  acc 0.2545  (62s)
[lrsweep_spectral_T128_d96_L3_s0_lr0.05] step   1860  train 3.1097  val 3.0617  acc 0.2536  (64s)
[lrsweep_spectral_T128_d96_L3_s0_lr0.05] step   1922  train 3.1016  val 3.0490  acc 0.2512  (66s)
[lrsweep_spectral_T128_d96_L3_s0_lr0.05] step   1984  train 3.0542  val 3.0414  acc 0.2518  (68s)
[lrsweep_spectral_T128_d96_L3_s0_lr0.05] step   2046  train 3.0912  val 3.0525  acc 0.2459  (70s)
[lrsweep_spectral_T128_d96_L3_s0_lr0.05] step   2108  train 3.0701  val 3.0342  acc 0.2465  (72s)
[lrsweep_spectral_T128_d96_L3_s0_lr0.05] step   2170  train 3.0749  val 3.0280  acc 0.2362  (75s)
[lrsweep_spectral_T128_d96_L3_s0_lr0.05] step   2232  train 3.0596  val 3.0261  acc 0.2549  (77s)
[lrsweep_spectral_T128_d96_L3_s0_lr0.05] step   2294  train 3.0852  val 3.0187  acc 0.2500  (79s)
[lrsweep_spectral_T128_d96_L3_s0_lr0.05] step   2356  train 3.0795  val 3.0155  acc 0.2532  (81s)
[lrsweep_spectral_T128_d96_L3_s0_lr0.05] step   2418  train 3.0296  val 3.0090  acc 0.2557  (83s)
[lrsweep_spectral_T128_d96_L3_s0_lr0.05] step   2480  train 3.0391  val 3.0075  acc 0.2512  (85s)
[lrsweep_spectral_T128_d96_L3_s0_lr0.05] done in 86s; best val 3.0063  (28.92 steps/s)
