D:\dsh\work\scaleup\scripts\spectral_lm_torch.py:510: UserWarning: The given NumPy array is not writable, and PyTorch does not support non-writable tensors. This means writing to this tensor will result in undefined behavior. You may want to copy the array to protect its data or make it writable before converting it to a tensor. This type of warning will be suppressed for the rest of this program. (Triggered internally at C:\actions-runner\_work\pytorch\pytorch\pytorch\torch\csrc\utils\tensor_numpy.cpp:212.)
  self.train = torch.as_tensor(np.ascontiguousarray(corpus.train), device=device)
== run lrsweep_fnet_T128_d96_L3_s0_lr0.2 | corpus 100.0MB vocab=206 | params=243744 (mix=0 active=0) | cuda torch.float32
[lrsweep_fnet_T128_d96_L3_s0_lr0.2] step      0  train 0.0000  val 5.3417  acc 0.0113  (0s)
[lrsweep_fnet_T128_d96_L3_s0_lr0.2] step     62  train 4.5020  val 3.6464  acc 0.1346  (2s)
[lrsweep_fnet_T128_d96_L3_s0_lr0.2] step    124  train 3.5680  val 3.5370  acc 0.1361  (2s)
[lrsweep_fnet_T128_d96_L3_s0_lr0.2] step    186  train 3.5259  val 3.4457  acc 0.1287  (3s)
[lrsweep_fnet_T128_d96_L3_s0_lr0.2] step    248  train 3.4581  val 3.4052  acc 0.1482  (4s)
[lrsweep_fnet_T128_d96_L3_s0_lr0.2] step    310  train 3.3792  val 3.3527  acc 0.1387  (6s)
[lrsweep_fnet_T128_d96_L3_s0_lr0.2] step    372  train 3.3269  val 3.2638  acc 0.1602  (7s)
[lrsweep_fnet_T128_d96_L3_s0_lr0.2] step    434  train 3.2789  val 3.2315  acc 0.1636  (8s)
[lrsweep_fnet_T128_d96_L3_s0_lr0.2] step    496  train 3.2381  val 3.1989  acc 0.1829  (10s)
[lrsweep_fnet_T128_d96_L3_s0_lr0.2] step    558  train 3.1983  val 3.1507  acc 0.1775  (11s)
[lrsweep_fnet_T128_d96_L3_s0_lr0.2] step    620  train 3.1859  val 3.1721  acc 0.1778  (12s)
[lrsweep_fnet_T128_d96_L3_s0_lr0.2] step    682  train 3.1513  val 3.1338  acc 0.1837  (13s)
[lrsweep_fnet_T128_d96_L3_s0_lr0.2] step    744  train 3.1271  val 3.1336  acc 0.1781  (14s)
[lrsweep_fnet_T128_d96_L3_s0_lr0.2] step    806  train 3.1283  val 3.1077  acc 0.1884  (16s)
[lrsweep_fnet_T128_d96_L3_s0_lr0.2] step    868  train 3.1153  val 3.0970  acc 0.1907  (17s)
[lrsweep_fnet_T128_d96_L3_s0_lr0.2] step    930  train 3.0947  val 3.0825  acc 0.1948  (18s)
[lrsweep_fnet_T128_d96_L3_s0_lr0.2] step    992  train 3.0856  val 3.0636  acc 0.1996  (19s)
[lrsweep_fnet_T128_d96_L3_s0_lr0.2] step   1054  train 3.0548  val 3.0606  acc 0.1914  (21s)
[lrsweep_fnet_T128_d96_L3_s0_lr0.2] step   1116  train 3.0592  val 3.0141  acc 0.2014  (22s)
[lrsweep_fnet_T128_d96_L3_s0_lr0.2] step   1178  train 3.0510  val 3.0339  acc 0.1963  (23s)
[lrsweep_fnet_T128_d96_L3_s0_lr0.2] step   1240  train 3.0385  val 3.0270  acc 0.2047  (24s)
[lrsweep_fnet_T128_d96_L3_s0_lr0.2] step   1302  train 3.0329  val 3.0091  acc 0.2127  (26s)
[lrsweep_fnet_T128_d96_L3_s0_lr0.2] step   1364  train 3.0092  val 3.0018  acc 0.2113  (27s)
[lrsweep_fnet_T128_d96_L3_s0_lr0.2] step   1426  train 2.9938  val 3.0068  acc 0.2141  (28s)
[lrsweep_fnet_T128_d96_L3_s0_lr0.2] step   1488  train 3.0082  val 2.9802  acc 0.2093  (29s)
[lrsweep_fnet_T128_d96_L3_s0_lr0.2] step   1550  train 3.0081  val 2.9788  acc 0.2160  (30s)
[lrsweep_fnet_T128_d96_L3_s0_lr0.2] step   1612  train 2.9850  val 2.9640  acc 0.2162  (32s)
[lrsweep_fnet_T128_d96_L3_s0_lr0.2] step   1674  train 2.9635  val 2.9673  acc 0.2154  (33s)
[lrsweep_fnet_T128_d96_L3_s0_lr0.2] step   1736  train 2.9701  val 2.9568  acc 0.2079  (34s)
[lrsweep_fnet_T128_d96_L3_s0_lr0.2] step   1798  train 2.9629  val 2.9437  acc 0.2113  (35s)
[lrsweep_fnet_T128_d96_L3_s0_lr0.2] step   1860  train 2.9536  val 2.9293  acc 0.2150  (37s)
[lrsweep_fnet_T128_d96_L3_s0_lr0.2] step   1922  train 2.9401  val 2.9316  acc 0.2189  (38s)
[lrsweep_fnet_T128_d96_L3_s0_lr0.2] step   1984  train 2.9179  val 2.9185  acc 0.2187  (39s)
[lrsweep_fnet_T128_d96_L3_s0_lr0.2] step   2046  train 2.9387  val 2.9232  acc 0.2253  (40s)
[lrsweep_fnet_T128_d96_L3_s0_lr0.2] step   2108  train 2.9272  val 2.9146  acc 0.2340  (41s)
[lrsweep_fnet_T128_d96_L3_s0_lr0.2] step   2170  train 2.9225  val 2.8952  acc 0.2334  (43s)
[lrsweep_fnet_T128_d96_L3_s0_lr0.2] step   2232  train 2.8961  val 2.8952  acc 0.2353  (44s)
[lrsweep_fnet_T128_d96_L3_s0_lr0.2] step   2294  train 2.9074  val 2.8871  acc 0.2316  (45s)
[lrsweep_fnet_T128_d96_L3_s0_lr0.2] step   2356  train 2.8925  val 2.8837  acc 0.2425  (46s)
[lrsweep_fnet_T128_d96_L3_s0_lr0.2] step   2418  train 2.8875  val 2.8678  acc 0.2360  (48s)
[lrsweep_fnet_T128_d96_L3_s0_lr0.2] step   2480  train 2.8792  val 2.8651  acc 0.2373  (49s)
[lrsweep_fnet_T128_d96_L3_s0_lr0.2] done in 49s; best val 2.8651  (50.60 steps/s)
