D:\dsh\work\scaleup\scripts\spectral_lm_torch.py:510: UserWarning: The given NumPy array is not writable, and PyTorch does not support non-writable tensors. This means writing to this tensor will result in undefined behavior. You may want to copy the array to protect its data or make it writable before converting it to a tensor. This type of warning will be suppressed for the rest of this program. (Triggered internally at C:\actions-runner\_work\pytorch\pytorch\pytorch\torch\csrc\utils\tensor_numpy.cpp:212.)
  self.train = torch.as_tensor(np.ascontiguousarray(corpus.train), device=device)
== run lrsweep_spectral_T128_d96_L3_s0_lr0.2 | corpus 100.0MB vocab=206 | params=539232 (mix=295488 active=37440) | cuda torch.float32
[lrsweep_spectral_T128_d96_L3_s0_lr0.2] step      0  train 0.0000  val 5.3670  acc 0.0009  (1s)
[lrsweep_spectral_T128_d96_L3_s0_lr0.2] step     62  train 4.0273  val 3.5527  acc 0.1353  (3s)
[lrsweep_spectral_T128_d96_L3_s0_lr0.2] step    124  train 3.5607  val 3.5354  acc 0.1354  (6s)
[lrsweep_spectral_T128_d96_L3_s0_lr0.2] step    186  train 3.5473  val 3.4549  acc 0.1420  (7s)
[lrsweep_spectral_T128_d96_L3_s0_lr0.2] step    248  train 3.4605  val 3.4395  acc 0.1799  (9s)
[lrsweep_spectral_T128_d96_L3_s0_lr0.2] step    310  train 3.3995  val 3.3887  acc 0.1887  (12s)
[lrsweep_spectral_T128_d96_L3_s0_lr0.2] step    372  train 3.3699  val 3.3440  acc 0.1965  (13s)
[lrsweep_spectral_T128_d96_L3_s0_lr0.2] step    434  train 3.3424  val 3.2616  acc 0.2113  (15s)
[lrsweep_spectral_T128_d96_L3_s0_lr0.2] step    496  train 3.2302  val 3.1100  acc 0.2530  (18s)
[lrsweep_spectral_T128_d96_L3_s0_lr0.2] step    558  train 3.1238  val 2.9888  acc 0.2802  (20s)
[lrsweep_spectral_T128_d96_L3_s0_lr0.2] step    620  train 3.0346  val 2.9533  acc 0.2784  (22s)
[lrsweep_spectral_T128_d96_L3_s0_lr0.2] step    682  train 2.9886  val 2.9402  acc 0.2676  (24s)
[lrsweep_spectral_T128_d96_L3_s0_lr0.2] step    744  train 2.9435  val 2.8810  acc 0.2873  (26s)
[lrsweep_spectral_T128_d96_L3_s0_lr0.2] step    806  train 2.8662  val 2.7904  acc 0.2979  (29s)
[lrsweep_spectral_T128_d96_L3_s0_lr0.2] step    868  train 2.7995  val 2.7648  acc 0.2962  (31s)
[lrsweep_spectral_T128_d96_L3_s0_lr0.2] step    930  train 2.7422  val 2.7049  acc 0.3075  (33s)
[lrsweep_spectral_T128_d96_L3_s0_lr0.2] step    992  train 2.6780  val 2.6691  acc 0.3038  (35s)
[lrsweep_spectral_T128_d96_L3_s0_lr0.2] step   1054  train 2.6022  val 2.6077  acc 0.3161  (37s)
[lrsweep_spectral_T128_d96_L3_s0_lr0.2] step   1116  train 2.5654  val 2.5503  acc 0.3198  (40s)
[lrsweep_spectral_T128_d96_L3_s0_lr0.2] step   1178  train 2.5266  val 2.5064  acc 0.3466  (42s)
[lrsweep_spectral_T128_d96_L3_s0_lr0.2] step   1240  train 2.4869  val 2.4685  acc 0.3427  (44s)
[lrsweep_spectral_T128_d96_L3_s0_lr0.2] step   1302  train 2.4557  val 2.4296  acc 0.3551  (46s)
[lrsweep_spectral_T128_d96_L3_s0_lr0.2] step   1364  train 2.4159  val 2.4113  acc 0.3588  (49s)
[lrsweep_spectral_T128_d96_L3_s0_lr0.2] step   1426  train 2.3717  val 2.3945  acc 0.3615  (51s)
[lrsweep_spectral_T128_d96_L3_s0_lr0.2] step   1488  train 2.3590  val 2.3282  acc 0.3840  (53s)
[lrsweep_spectral_T128_d96_L3_s0_lr0.2] step   1550  train 2.3169  val 2.2829  acc 0.3928  (55s)
[lrsweep_spectral_T128_d96_L3_s0_lr0.2] step   1612  train 2.2874  val 2.2770  acc 0.3993  (57s)
[lrsweep_spectral_T128_d96_L3_s0_lr0.2] step   1674  train 2.2297  val 2.2036  acc 0.4139  (60s)
[lrsweep_spectral_T128_d96_L3_s0_lr0.2] step   1736  train 2.2152  val 2.1790  acc 0.4143  (62s)
[lrsweep_spectral_T128_d96_L3_s0_lr0.2] step   1798  train 2.1935  val 2.1571  acc 0.4295  (63s)
[lrsweep_spectral_T128_d96_L3_s0_lr0.2] step   1860  train 2.1843  val 2.1319  acc 0.4194  (66s)
[lrsweep_spectral_T128_d96_L3_s0_lr0.2] step   1922  train 2.1506  val 2.1107  acc 0.4205  (68s)
[lrsweep_spectral_T128_d96_L3_s0_lr0.2] step   1984  train 2.1194  val 2.1012  acc 0.4280  (70s)
[lrsweep_spectral_T128_d96_L3_s0_lr0.2] step   2046  train 2.1259  val 2.0850  acc 0.4286  (73s)
[lrsweep_spectral_T128_d96_L3_s0_lr0.2] step   2108  train 2.1101  val 2.0846  acc 0.4395  (74s)
[lrsweep_spectral_T128_d96_L3_s0_lr0.2] step   2170  train 2.1033  val 2.0520  acc 0.4421  (77s)
[lrsweep_spectral_T128_d96_L3_s0_lr0.2] step   2232  train 2.0625  val 2.0570  acc 0.4373  (79s)
[lrsweep_spectral_T128_d96_L3_s0_lr0.2] step   2294  train 2.0825  val 2.0297  acc 0.4469  (81s)
[lrsweep_spectral_T128_d96_L3_s0_lr0.2] step   2356  train 2.0625  val 2.0348  acc 0.4390  (83s)
[lrsweep_spectral_T128_d96_L3_s0_lr0.2] step   2418  train 2.0267  val 2.0061  acc 0.4359  (85s)
[lrsweep_spectral_T128_d96_L3_s0_lr0.2] step   2480  train 2.0345  val 1.9953  acc 0.4505  (87s)
[lrsweep_spectral_T128_d96_L3_s0_lr0.2] done in 88s; best val 1.9953  (28.26 steps/s)
