D:\dsh\work\scaleup\scripts\spectral_lm_torch.py:510: UserWarning: The given NumPy array is not writable, and PyTorch does not support non-writable tensors. This means writing to this tensor will result in undefined behavior. You may want to copy the array to protect its data or make it writable before converting it to a tensor. This type of warning will be suppressed for the rest of this program. (Triggered internally at C:\actions-runner\_work\pytorch\pytorch\pytorch\torch\csrc\utils\tensor_numpy.cpp:212.)
  self.train = torch.as_tensor(np.ascontiguousarray(corpus.train), device=device)
== run lrsweep_stencil_T128_d96_L3_s0_lr0.8 | corpus 100.0MB vocab=206 | params=245184 (mix=1440 active=1440) | cuda torch.float32
[lrsweep_stencil_T128_d96_L3_s0_lr0.8] step      0  train 0.0000  val 5.3856  acc 0.0009  (0s)
[lrsweep_stencil_T128_d96_L3_s0_lr0.8] step     62  train 3.9065  val 3.5592  acc 0.1167  (2s)
[lrsweep_stencil_T128_d96_L3_s0_lr0.8] step    124  train 3.4951  val 3.1827  acc 0.2197  (3s)
[lrsweep_stencil_T128_d96_L3_s0_lr0.8] step    186  train 2.9852  val 2.6235  acc 0.3385  (4s)
[lrsweep_stencil_T128_d96_L3_s0_lr0.8] step    248  train 2.5924  val 2.4656  acc 0.3349  (5s)
[lrsweep_stencil_T128_d96_L3_s0_lr0.8] step    310  train 2.4102  val 2.3613  acc 0.3746  (6s)
[lrsweep_stencil_T128_d96_L3_s0_lr0.8] step    372  train 2.2965  val 2.2611  acc 0.3861  (7s)
[lrsweep_stencil_T128_d96_L3_s0_lr0.8] step    434  train 2.2021  val 2.1142  acc 0.4185  (9s)
[lrsweep_stencil_T128_d96_L3_s0_lr0.8] step    496  train 2.1083  val 2.0041  acc 0.4594  (10s)
[lrsweep_stencil_T128_d96_L3_s0_lr0.8] step    558  train 1.9951  val 1.9499  acc 0.4657  (11s)
[lrsweep_stencil_T128_d96_L3_s0_lr0.8] step    620  train 1.9641  val 1.9772  acc 0.4520  (13s)
[lrsweep_stencil_T128_d96_L3_s0_lr0.8] step    682  train 1.9176  val 1.8576  acc 0.5061  (14s)
[lrsweep_stencil_T128_d96_L3_s0_lr0.8] step    744  train 1.8422  val 1.8406  acc 0.4920  (16s)
[lrsweep_stencil_T128_d96_L3_s0_lr0.8] step    806  train 1.8359  val 1.7636  acc 0.5085  (17s)
[lrsweep_stencil_T128_d96_L3_s0_lr0.8] step    868  train 1.7948  val 1.7800  acc 0.5204  (18s)
[lrsweep_stencil_T128_d96_L3_s0_lr0.8] step    930  train 1.7676  val 1.6796  acc 0.5257  (20s)
[lrsweep_stencil_T128_d96_L3_s0_lr0.8] step    992  train 1.7532  val 1.7068  acc 0.5296  (21s)
[lrsweep_stencil_T128_d96_L3_s0_lr0.8] step   1054  train 1.6887  val 1.7005  acc 0.5289  (22s)
[lrsweep_stencil_T128_d96_L3_s0_lr0.8] step   1116  train 1.6828  val 1.6340  acc 0.5459  (24s)
[lrsweep_stencil_T128_d96_L3_s0_lr0.8] step   1178  train 1.6687  val 1.6256  acc 0.5583  (25s)
[lrsweep_stencil_T128_d96_L3_s0_lr0.8] step   1240  train 1.6559  val 1.6362  acc 0.5588  (26s)
[lrsweep_stencil_T128_d96_L3_s0_lr0.8] step   1302  train 1.6230  val 1.5768  acc 0.5836  (28s)
[lrsweep_stencil_T128_d96_L3_s0_lr0.8] step   1364  train 1.6127  val 1.5644  acc 0.5688  (29s)
[lrsweep_stencil_T128_d96_L3_s0_lr0.8] step   1426  train 1.5818  val 1.5582  acc 0.5759  (30s)
[lrsweep_stencil_T128_d96_L3_s0_lr0.8] step   1488  train 1.5788  val 1.5440  acc 0.5854  (32s)
[lrsweep_stencil_T128_d96_L3_s0_lr0.8] step   1550  train 1.5663  val 1.5448  acc 0.5707  (33s)
[lrsweep_stencil_T128_d96_L3_s0_lr0.8] step   1612  train 1.5595  val 1.5262  acc 0.5816  (34s)
[lrsweep_stencil_T128_d96_L3_s0_lr0.8] step   1674  train 1.5292  val 1.5146  acc 0.5774  (36s)
[lrsweep_stencil_T128_d96_L3_s0_lr0.8] step   1736  train 1.5222  val 1.5054  acc 0.5879  (37s)
[lrsweep_stencil_T128_d96_L3_s0_lr0.8] step   1798  train 1.5186  val 1.4768  acc 0.5933  (38s)
[lrsweep_stencil_T128_d96_L3_s0_lr0.8] step   1860  train 1.5076  val 1.4658  acc 0.5969  (40s)
[lrsweep_stencil_T128_d96_L3_s0_lr0.8] step   1922  train 1.4839  val 1.4332  acc 0.6057  (41s)
[lrsweep_stencil_T128_d96_L3_s0_lr0.8] step   1984  train 1.4693  val 1.4484  acc 0.6030  (42s)
[lrsweep_stencil_T128_d96_L3_s0_lr0.8] step   2046  train 1.4664  val 1.4182  acc 0.6069  (44s)
[lrsweep_stencil_T128_d96_L3_s0_lr0.8] step   2108  train 1.4591  val 1.4213  acc 0.6035  (45s)
[lrsweep_stencil_T128_d96_L3_s0_lr0.8] step   2170  train 1.4533  val 1.3999  acc 0.6120  (46s)
[lrsweep_stencil_T128_d96_L3_s0_lr0.8] step   2232  train 1.4242  val 1.3940  acc 0.6131  (48s)
[lrsweep_stencil_T128_d96_L3_s0_lr0.8] step   2294  train 1.4353  val 1.3897  acc 0.6157  (49s)
[lrsweep_stencil_T128_d96_L3_s0_lr0.8] step   2356  train 1.4183  val 1.3967  acc 0.6074  (51s)
[lrsweep_stencil_T128_d96_L3_s0_lr0.8] step   2418  train 1.3944  val 1.3840  acc 0.6160  (52s)
[lrsweep_stencil_T128_d96_L3_s0_lr0.8] step   2480  train 1.3953  val 1.3501  acc 0.6308  (53s)
[lrsweep_stencil_T128_d96_L3_s0_lr0.8] done in 54s; best val 1.3501  (46.47 steps/s)
