D:\dsh\work\scaleup\scripts\spectral_lm_torch.py:510: UserWarning: The given NumPy array is not writable, and PyTorch does not support non-writable tensors. This means writing to this tensor will result in undefined behavior. You may want to copy the array to protect its data or make it writable before converting it to a tensor. This type of warning will be suppressed for the rest of this program. (Triggered internally at C:\actions-runner\_work\pytorch\pytorch\pytorch\torch\csrc\utils\tensor_numpy.cpp:212.)
  self.train = torch.as_tensor(np.ascontiguousarray(corpus.train), device=device)
== run lrsweep_attn_T128_d96_L3_s0_lr0.2 | corpus 100.0MB vocab=206 | params=355488 (mix=111744 active=111744) | cuda torch.float32
[lrsweep_attn_T128_d96_L3_s0_lr0.2] step      0  train 0.0000  val 5.3480  acc 0.0000  (1s)
[lrsweep_attn_T128_d96_L3_s0_lr0.2] step     62  train 3.9591  val 3.5468  acc 0.1353  (2s)
[lrsweep_attn_T128_d96_L3_s0_lr0.2] step    124  train 3.5763  val 3.5620  acc 0.1353  (5s)
[lrsweep_attn_T128_d96_L3_s0_lr0.2] step    186  train 3.5745  val 3.5252  acc 0.1353  (7s)
[lrsweep_attn_T128_d96_L3_s0_lr0.2] step    248  train 3.5497  val 3.5213  acc 0.1353  (9s)
[lrsweep_attn_T128_d96_L3_s0_lr0.2] step    310  train 3.5430  val 3.5375  acc 0.1353  (11s)
[lrsweep_attn_T128_d96_L3_s0_lr0.2] step    372  train 3.5492  val 3.5066  acc 0.1353  (13s)
[lrsweep_attn_T128_d96_L3_s0_lr0.2] step    434  train 3.5328  val 3.4917  acc 0.1353  (15s)
[lrsweep_attn_T128_d96_L3_s0_lr0.2] step    496  train 3.4849  val 3.5005  acc 0.1353  (17s)
[lrsweep_attn_T128_d96_L3_s0_lr0.2] step    558  train 3.4537  val 3.4325  acc 0.1320  (20s)
[lrsweep_attn_T128_d96_L3_s0_lr0.2] step    620  train 3.4001  val 3.3562  acc 0.1283  (22s)
[lrsweep_attn_T128_d96_L3_s0_lr0.2] step    682  train 3.2951  val 3.3008  acc 0.1463  (24s)
[lrsweep_attn_T128_d96_L3_s0_lr0.2] step    744  train 3.1763  val 3.1220  acc 0.1767  (26s)
[lrsweep_attn_T128_d96_L3_s0_lr0.2] step    806  train 3.0620  val 3.0435  acc 0.2099  (28s)
[lrsweep_attn_T128_d96_L3_s0_lr0.2] step    868  train 2.9740  val 2.9675  acc 0.2243  (30s)
[lrsweep_attn_T128_d96_L3_s0_lr0.2] step    930  train 2.9062  val 2.8784  acc 0.2421  (33s)
[lrsweep_attn_T128_d96_L3_s0_lr0.2] step    992  train 2.8098  val 2.7454  acc 0.2727  (35s)
[lrsweep_attn_T128_d96_L3_s0_lr0.2] step   1054  train 2.6467  val 2.5773  acc 0.2975  (37s)
[lrsweep_attn_T128_d96_L3_s0_lr0.2] step   1116  train 2.4972  val 2.3808  acc 0.3543  (39s)
[lrsweep_attn_T128_d96_L3_s0_lr0.2] step   1178  train 2.3641  val 2.2982  acc 0.3598  (41s)
[lrsweep_attn_T128_d96_L3_s0_lr0.2] step   1240  train 2.2876  val 2.2421  acc 0.3726  (43s)
[lrsweep_attn_T128_d96_L3_s0_lr0.2] step   1302  train 2.2221  val 2.1670  acc 0.4048  (45s)
[lrsweep_attn_T128_d96_L3_s0_lr0.2] step   1364  train 2.1729  val 2.1265  acc 0.4127  (48s)
[lrsweep_attn_T128_d96_L3_s0_lr0.2] step   1426  train 2.1366  val 2.1242  acc 0.4087  (50s)
[lrsweep_attn_T128_d96_L3_s0_lr0.2] step   1488  train 2.1113  val 2.0629  acc 0.4181  (52s)
[lrsweep_attn_T128_d96_L3_s0_lr0.2] step   1550  train 2.0773  val 2.0548  acc 0.4255  (54s)
[lrsweep_attn_T128_d96_L3_s0_lr0.2] step   1612  train 2.0669  val 2.0267  acc 0.4289  (56s)
[lrsweep_attn_T128_d96_L3_s0_lr0.2] step   1674  train 2.0215  val 2.0183  acc 0.4371  (58s)
[lrsweep_attn_T128_d96_L3_s0_lr0.2] step   1736  train 2.0114  val 1.9637  acc 0.4418  (60s)
[lrsweep_attn_T128_d96_L3_s0_lr0.2] step   1798  train 1.9951  val 1.9758  acc 0.4422  (63s)
[lrsweep_attn_T128_d96_L3_s0_lr0.2] step   1860  train 1.9822  val 1.9470  acc 0.4361  (65s)
[lrsweep_attn_T128_d96_L3_s0_lr0.2] step   1922  train 1.9443  val 1.9106  acc 0.4686  (67s)
[lrsweep_attn_T128_d96_L3_s0_lr0.2] step   1984  train 1.9246  val 1.9289  acc 0.4607  (69s)
[lrsweep_attn_T128_d96_L3_s0_lr0.2] step   2046  train 1.9194  val 1.9048  acc 0.4602  (71s)
[lrsweep_attn_T128_d96_L3_s0_lr0.2] step   2108  train 1.9045  val 1.8800  acc 0.4733  (73s)
[lrsweep_attn_T128_d96_L3_s0_lr0.2] step   2170  train 1.8895  val 1.8471  acc 0.4728  (75s)
[lrsweep_attn_T128_d96_L3_s0_lr0.2] step   2232  train 1.8598  val 1.8340  acc 0.4760  (78s)
[lrsweep_attn_T128_d96_L3_s0_lr0.2] step   2294  train 1.8558  val 1.8170  acc 0.4889  (80s)
[lrsweep_attn_T128_d96_L3_s0_lr0.2] step   2356  train 1.8448  val 1.8220  acc 0.4827  (82s)
[lrsweep_attn_T128_d96_L3_s0_lr0.2] step   2418  train 1.8178  val 1.7948  acc 0.4924  (84s)
[lrsweep_attn_T128_d96_L3_s0_lr0.2] step   2480  train 1.8059  val 1.7691  acc 0.5081  (86s)
[lrsweep_attn_T128_d96_L3_s0_lr0.2] done in 87s; best val 1.7691  (28.75 steps/s)
