D:\dsh\work\scaleup\scripts\spectral_lm_torch.py:510: UserWarning: The given NumPy array is not writable, and PyTorch does not support non-writable tensors. This means writing to this tensor will result in undefined behavior. You may want to copy the array to protect its data or make it writable before converting it to a tensor. This type of warning will be suppressed for the rest of this program. (Triggered internally at C:\actions-runner\_work\pytorch\pytorch\pytorch\torch\csrc\utils\tensor_numpy.cpp:212.)
  self.train = torch.as_tensor(np.ascontiguousarray(corpus.train), device=device)
== run lrsweep_fnet_T128_d96_L3_s0_lr0.8 | corpus 100.0MB vocab=206 | params=243744 (mix=0 active=0) | cuda torch.float32
[lrsweep_fnet_T128_d96_L3_s0_lr0.8] step      0  train 0.0000  val 5.3516  acc 0.0120  (0s)
[lrsweep_fnet_T128_d96_L3_s0_lr0.8] step     62  train 4.1550  val 3.5557  acc 0.1174  (1s)
[lrsweep_fnet_T128_d96_L3_s0_lr0.8] step    124  train 3.5337  val 3.4782  acc 0.1321  (2s)
[lrsweep_fnet_T128_d96_L3_s0_lr0.8] step    186  train 3.4425  val 3.3604  acc 0.1473  (3s)
[lrsweep_fnet_T128_d96_L3_s0_lr0.8] step    248  train 3.3539  val 3.3231  acc 0.1571  (4s)
[lrsweep_fnet_T128_d96_L3_s0_lr0.8] step    310  train 3.2752  val 3.2878  acc 0.1492  (5s)
[lrsweep_fnet_T128_d96_L3_s0_lr0.8] step    372  train 3.2445  val 3.1984  acc 0.1797  (6s)
[lrsweep_fnet_T128_d96_L3_s0_lr0.8] step    434  train 3.2107  val 3.1627  acc 0.1801  (7s)
[lrsweep_fnet_T128_d96_L3_s0_lr0.8] step    496  train 3.1713  val 3.1434  acc 0.1829  (8s)
[lrsweep_fnet_T128_d96_L3_s0_lr0.8] step    558  train 3.1261  val 3.0890  acc 0.1896  (9s)
[lrsweep_fnet_T128_d96_L3_s0_lr0.8] step    620  train 3.0978  val 3.0878  acc 0.2018  (10s)
[lrsweep_fnet_T128_d96_L3_s0_lr0.8] step    682  train 3.0542  val 3.0314  acc 0.2128  (11s)
[lrsweep_fnet_T128_d96_L3_s0_lr0.8] step    744  train 3.0217  val 2.9971  acc 0.2139  (12s)
[lrsweep_fnet_T128_d96_L3_s0_lr0.8] step    806  train 2.9997  val 3.0002  acc 0.2150  (13s)
[lrsweep_fnet_T128_d96_L3_s0_lr0.8] step    868  train 2.9747  val 3.0043  acc 0.2074  (14s)
[lrsweep_fnet_T128_d96_L3_s0_lr0.8] step    930  train 2.9507  val 2.9581  acc 0.2207  (16s)
[lrsweep_fnet_T128_d96_L3_s0_lr0.8] step    992  train 2.9229  val 2.9531  acc 0.2296  (17s)
[lrsweep_fnet_T128_d96_L3_s0_lr0.8] step   1054  train 2.8738  val 2.8751  acc 0.2399  (18s)
[lrsweep_fnet_T128_d96_L3_s0_lr0.8] step   1116  train 2.8704  val 2.8792  acc 0.2396  (19s)
[lrsweep_fnet_T128_d96_L3_s0_lr0.8] step   1178  train 2.8455  val 2.8726  acc 0.2315  (20s)
[lrsweep_fnet_T128_d96_L3_s0_lr0.8] step   1240  train 2.8408  val 2.8578  acc 0.2373  (21s)
[lrsweep_fnet_T128_d96_L3_s0_lr0.8] step   1302  train 2.8223  val 2.8110  acc 0.2523  (22s)
[lrsweep_fnet_T128_d96_L3_s0_lr0.8] step   1364  train 2.7850  val 2.7867  acc 0.2477  (23s)
[lrsweep_fnet_T128_d96_L3_s0_lr0.8] step   1426  train 2.7565  val 2.7902  acc 0.2708  (24s)
[lrsweep_fnet_T128_d96_L3_s0_lr0.8] step   1488  train 2.7514  val 2.7654  acc 0.2691  (25s)
[lrsweep_fnet_T128_d96_L3_s0_lr0.8] step   1550  train 2.7376  val 2.7324  acc 0.2775  (26s)
[lrsweep_fnet_T128_d96_L3_s0_lr0.8] step   1612  train 2.7296  val 2.7259  acc 0.2660  (28s)
[lrsweep_fnet_T128_d96_L3_s0_lr0.8] step   1674  train 2.6860  val 2.7096  acc 0.2835  (29s)
[lrsweep_fnet_T128_d96_L3_s0_lr0.8] step   1736  train 2.6901  val 2.6941  acc 0.2951  (30s)
[lrsweep_fnet_T128_d96_L3_s0_lr0.8] step   1798  train 2.6731  val 2.6926  acc 0.2967  (31s)
[lrsweep_fnet_T128_d96_L3_s0_lr0.8] step   1860  train 2.6696  val 2.6833  acc 0.2917  (32s)
[lrsweep_fnet_T128_d96_L3_s0_lr0.8] step   1922  train 2.6425  val 2.6433  acc 0.3114  (33s)
[lrsweep_fnet_T128_d96_L3_s0_lr0.8] step   1984  train 2.6183  val 2.6107  acc 0.3057  (34s)
[lrsweep_fnet_T128_d96_L3_s0_lr0.8] step   2046  train 2.6346  val 2.6547  acc 0.2988  (35s)
[lrsweep_fnet_T128_d96_L3_s0_lr0.8] step   2108  train 2.6184  val 2.6015  acc 0.3053  (36s)
[lrsweep_fnet_T128_d96_L3_s0_lr0.8] step   2170  train 2.6092  val 2.5966  acc 0.3012  (37s)
[lrsweep_fnet_T128_d96_L3_s0_lr0.8] step   2232  train 2.5696  val 2.6052  acc 0.3086  (38s)
[lrsweep_fnet_T128_d96_L3_s0_lr0.8] step   2294  train 2.5858  val 2.5892  acc 0.3098  (40s)
[lrsweep_fnet_T128_d96_L3_s0_lr0.8] step   2356  train 2.5628  val 2.5934  acc 0.3231  (41s)
[lrsweep_fnet_T128_d96_L3_s0_lr0.8] step   2418  train 2.5411  val 2.5588  acc 0.3206  (42s)
[lrsweep_fnet_T128_d96_L3_s0_lr0.8] step   2480  train 2.5390  val 2.5516  acc 0.3255  (43s)
[lrsweep_fnet_T128_d96_L3_s0_lr0.8] done in 43s; best val 2.5449  (57.87 steps/s)
