D:\dsh\work\scaleup\scripts\spectral_lm_torch.py:510: UserWarning: The given NumPy array is not writable, and PyTorch does not support non-writable tensors. This means writing to this tensor will result in undefined behavior. You may want to copy the array to protect its data or make it writable before converting it to a tensor. This type of warning will be suppressed for the rest of this program. (Triggered internally at C:\actions-runner\_work\pytorch\pytorch\pytorch\torch\csrc\utils\tensor_numpy.cpp:212.)
  self.train = torch.as_tensor(np.ascontiguousarray(corpus.train), device=device)
== run lrsweep_fnet_T128_d96_L3_s0_lr0.05 | corpus 100.0MB vocab=206 | params=243744 (mix=0 active=0) | cuda torch.float32
[lrsweep_fnet_T128_d96_L3_s0_lr0.05] step      0  train 0.0000  val 5.3518  acc 0.0121  (1s)
[lrsweep_fnet_T128_d96_L3_s0_lr0.05] step     62  train 4.9659  val 4.3395  acc 0.1046  (3s)
[lrsweep_fnet_T128_d96_L3_s0_lr0.05] step    124  train 3.8472  val 3.5949  acc 0.1382  (5s)
[lrsweep_fnet_T128_d96_L3_s0_lr0.05] step    186  train 3.5694  val 3.4939  acc 0.1376  (6s)
[lrsweep_fnet_T128_d96_L3_s0_lr0.05] step    248  train 3.5291  val 3.4856  acc 0.1475  (9s)
[lrsweep_fnet_T128_d96_L3_s0_lr0.05] step    310  train 3.5066  val 3.4649  acc 0.1405  (11s)
[lrsweep_fnet_T128_d96_L3_s0_lr0.05] step    372  train 3.5032  val 3.4493  acc 0.1449  (13s)
[lrsweep_fnet_T128_d96_L3_s0_lr0.05] step    434  train 3.4887  val 3.4353  acc 0.1501  (15s)
[lrsweep_fnet_T128_d96_L3_s0_lr0.05] step    496  train 3.4598  val 3.4421  acc 0.1487  (17s)
[lrsweep_fnet_T128_d96_L3_s0_lr0.05] step    558  train 3.4476  val 3.4061  acc 0.1432  (19s)
[lrsweep_fnet_T128_d96_L3_s0_lr0.05] step    620  train 3.4259  val 3.3935  acc 0.1523  (21s)
[lrsweep_fnet_T128_d96_L3_s0_lr0.05] step    682  train 3.3837  val 3.3503  acc 0.1455  (24s)
[lrsweep_fnet_T128_d96_L3_s0_lr0.05] step    744  train 3.3554  val 3.3394  acc 0.1478  (26s)
[lrsweep_fnet_T128_d96_L3_s0_lr0.05] step    806  train 3.3462  val 3.2995  acc 0.1554  (28s)
[lrsweep_fnet_T128_d96_L3_s0_lr0.05] step    868  train 3.3330  val 3.2843  acc 0.1492  (29s)
[lrsweep_fnet_T128_d96_L3_s0_lr0.05] step    930  train 3.3143  val 3.2622  acc 0.1691  (32s)
[lrsweep_fnet_T128_d96_L3_s0_lr0.05] step    992  train 3.2901  val 3.2395  acc 0.1639  (33s)
[lrsweep_fnet_T128_d96_L3_s0_lr0.05] step   1054  train 3.2549  val 3.2400  acc 0.1686  (36s)
[lrsweep_fnet_T128_d96_L3_s0_lr0.05] step   1116  train 3.2558  val 3.2067  acc 0.1765  (37s)
[lrsweep_fnet_T128_d96_L3_s0_lr0.05] step   1178  train 3.2395  val 3.2062  acc 0.1816  (39s)
[lrsweep_fnet_T128_d96_L3_s0_lr0.05] step   1240  train 3.2279  val 3.2076  acc 0.1719  (41s)
[lrsweep_fnet_T128_d96_L3_s0_lr0.05] step   1302  train 3.2238  val 3.1866  acc 0.1896  (43s)
[lrsweep_fnet_T128_d96_L3_s0_lr0.05] step   1364  train 3.2017  val 3.1675  acc 0.1783  (45s)
[lrsweep_fnet_T128_d96_L3_s0_lr0.05] step   1426  train 3.1815  val 3.1732  acc 0.1845  (46s)
[lrsweep_fnet_T128_d96_L3_s0_lr0.05] step   1488  train 3.2033  val 3.1569  acc 0.1846  (48s)
[lrsweep_fnet_T128_d96_L3_s0_lr0.05] step   1550  train 3.1945  val 3.1504  acc 0.1828  (50s)
[lrsweep_fnet_T128_d96_L3_s0_lr0.05] step   1612  train 3.1851  val 3.1441  acc 0.1874  (52s)
[lrsweep_fnet_T128_d96_L3_s0_lr0.05] step   1674  train 3.1568  val 3.1424  acc 0.1899  (54s)
[lrsweep_fnet_T128_d96_L3_s0_lr0.05] step   1736  train 3.1617  val 3.1349  acc 0.1829  (56s)
[lrsweep_fnet_T128_d96_L3_s0_lr0.05] step   1798  train 3.1646  val 3.1256  acc 0.1965  (58s)
[lrsweep_fnet_T128_d96_L3_s0_lr0.05] step   1860  train 3.1504  val 3.1212  acc 0.1919  (60s)
[lrsweep_fnet_T128_d96_L3_s0_lr0.05] step   1922  train 3.1473  val 3.1117  acc 0.1953  (63s)
[lrsweep_fnet_T128_d96_L3_s0_lr0.05] step   1984  train 3.1190  val 3.1163  acc 0.1967  (64s)
[lrsweep_fnet_T128_d96_L3_s0_lr0.05] step   2046  train 3.1522  val 3.1105  acc 0.1994  (66s)
[lrsweep_fnet_T128_d96_L3_s0_lr0.05] step   2108  train 3.1449  val 3.1069  acc 0.1998  (68s)
[lrsweep_fnet_T128_d96_L3_s0_lr0.05] step   2170  train 3.1369  val 3.1011  acc 0.1932  (70s)
[lrsweep_fnet_T128_d96_L3_s0_lr0.05] step   2232  train 3.1202  val 3.1009  acc 0.1976  (73s)
[lrsweep_fnet_T128_d96_L3_s0_lr0.05] step   2294  train 3.1380  val 3.0984  acc 0.2019  (75s)
[lrsweep_fnet_T128_d96_L3_s0_lr0.05] step   2356  train 3.1348  val 3.0941  acc 0.1958  (77s)
[lrsweep_fnet_T128_d96_L3_s0_lr0.05] step   2418  train 3.1140  val 3.0933  acc 0.1986  (79s)
[lrsweep_fnet_T128_d96_L3_s0_lr0.05] step   2480  train 3.1164  val 3.0896  acc 0.2012  (81s)
[lrsweep_fnet_T128_d96_L3_s0_lr0.05] done in 82s; best val 3.0896  (30.65 steps/s)
