D:\dsh\work\scaleup\scripts\spectral_lm_torch.py:510: UserWarning: The given NumPy array is not writable, and PyTorch does not support non-writable tensors. This means writing to this tensor will result in undefined behavior. You may want to copy the array to protect its data or make it writable before converting it to a tensor. This type of warning will be suppressed for the rest of this program. (Triggered internally at C:\actions-runner\_work\pytorch\pytorch\pytorch\torch\csrc\utils\tensor_numpy.cpp:212.)
  self.train = torch.as_tensor(np.ascontiguousarray(corpus.train), device=device)
== run lrsweep_attn_T128_d96_L3_s0_lr0.05 | corpus 100.0MB vocab=206 | params=355488 (mix=111744 active=111744) | cuda torch.float32
[lrsweep_attn_T128_d96_L3_s0_lr0.05] step      0  train 0.0000  val 5.3401  acc 0.0034  (1s)
[lrsweep_attn_T128_d96_L3_s0_lr0.05] step     62  train 4.1715  val 3.5594  acc 0.1353  (4s)
[lrsweep_attn_T128_d96_L3_s0_lr0.05] step    124  train 3.5562  val 3.5480  acc 0.1319  (7s)
[lrsweep_attn_T128_d96_L3_s0_lr0.05] step    186  train 3.5627  val 3.5183  acc 0.1353  (10s)
[lrsweep_attn_T128_d96_L3_s0_lr0.05] step    248  train 3.5460  val 3.5255  acc 0.1353  (13s)
[lrsweep_attn_T128_d96_L3_s0_lr0.05] step    310  train 3.5439  val 3.5479  acc 0.0933  (17s)
[lrsweep_attn_T128_d96_L3_s0_lr0.05] step    372  train 3.5572  val 3.5160  acc 0.1353  (20s)
[lrsweep_attn_T128_d96_L3_s0_lr0.05] step    434  train 3.5568  val 3.5185  acc 0.1353  (23s)
[lrsweep_attn_T128_d96_L3_s0_lr0.05] step    496  train 3.5436  val 3.5279  acc 0.1353  (26s)
[lrsweep_attn_T128_d96_L3_s0_lr0.05] step    558  train 3.5448  val 3.5114  acc 0.1353  (29s)
[lrsweep_attn_T128_d96_L3_s0_lr0.05] step    620  train 3.5400  val 3.5101  acc 0.1353  (32s)
[lrsweep_attn_T128_d96_L3_s0_lr0.05] step    682  train 3.5198  val 3.5127  acc 0.1353  (35s)
[lrsweep_attn_T128_d96_L3_s0_lr0.05] step    744  train 3.5160  val 3.5030  acc 0.1353  (39s)
[lrsweep_attn_T128_d96_L3_s0_lr0.05] step    806  train 3.5155  val 3.4827  acc 0.1353  (42s)
[lrsweep_attn_T128_d96_L3_s0_lr0.05] step    868  train 3.4973  val 3.4808  acc 0.1280  (45s)
[lrsweep_attn_T128_d96_L3_s0_lr0.05] step    930  train 3.4796  val 3.4608  acc 0.1262  (48s)
[lrsweep_attn_T128_d96_L3_s0_lr0.05] step    992  train 3.4572  val 3.4549  acc 0.1264  (52s)
[lrsweep_attn_T128_d96_L3_s0_lr0.05] step   1054  train 3.4210  val 3.4499  acc 0.1402  (54s)
[lrsweep_attn_T128_d96_L3_s0_lr0.05] step   1116  train 3.4398  val 3.4394  acc 0.1428  (58s)
[lrsweep_attn_T128_d96_L3_s0_lr0.05] step   1178  train 3.4129  val 3.4432  acc 0.1411  (61s)
[lrsweep_attn_T128_d96_L3_s0_lr0.05] step   1240  train 3.4201  val 3.4631  acc 0.1344  (64s)
[lrsweep_attn_T128_d96_L3_s0_lr0.05] step   1302  train 3.4075  val 3.4015  acc 0.1507  (67s)
[lrsweep_attn_T128_d96_L3_s0_lr0.05] step   1364  train 3.3778  val 3.4041  acc 0.1540  (70s)
[lrsweep_attn_T128_d96_L3_s0_lr0.05] step   1426  train 3.3494  val 3.3697  acc 0.1643  (73s)
[lrsweep_attn_T128_d96_L3_s0_lr0.05] step   1488  train 3.3495  val 3.3755  acc 0.1444  (76s)
[lrsweep_attn_T128_d96_L3_s0_lr0.05] step   1550  train 3.3199  val 3.3234  acc 0.1754  (80s)
[lrsweep_attn_T128_d96_L3_s0_lr0.05] step   1612  train 3.3204  val 3.3100  acc 0.1826  (83s)
[lrsweep_attn_T128_d96_L3_s0_lr0.05] step   1674  train 3.2656  val 3.2941  acc 0.1755  (86s)
[lrsweep_attn_T128_d96_L3_s0_lr0.05] step   1736  train 3.2611  val 3.2846  acc 0.1844  (89s)
[lrsweep_attn_T128_d96_L3_s0_lr0.05] step   1798  train 3.2481  val 3.2675  acc 0.1880  (93s)
[lrsweep_attn_T128_d96_L3_s0_lr0.05] step   1860  train 3.2337  val 3.2446  acc 0.1907  (96s)
[lrsweep_attn_T128_d96_L3_s0_lr0.05] step   1922  train 3.2124  val 3.2389  acc 0.1851  (99s)
[lrsweep_attn_T128_d96_L3_s0_lr0.05] step   1984  train 3.1820  val 3.2334  acc 0.1860  (102s)
[lrsweep_attn_T128_d96_L3_s0_lr0.05] step   2046  train 3.1789  val 3.2176  acc 0.1804  (105s)
[lrsweep_attn_T128_d96_L3_s0_lr0.05] step   2108  train 3.1642  val 3.1915  acc 0.1895  (108s)
[lrsweep_attn_T128_d96_L3_s0_lr0.05] step   2170  train 3.1418  val 3.1631  acc 0.1926  (112s)
[lrsweep_attn_T128_d96_L3_s0_lr0.05] step   2232  train 3.1123  val 3.1549  acc 0.1992  (115s)
[lrsweep_attn_T128_d96_L3_s0_lr0.05] step   2294  train 3.1190  val 3.1294  acc 0.2064  (118s)
[lrsweep_attn_T128_d96_L3_s0_lr0.05] step   2356  train 3.0964  val 3.1207  acc 0.2065  (122s)
[lrsweep_attn_T128_d96_L3_s0_lr0.05] step   2418  train 3.0498  val 3.0972  acc 0.2170  (125s)
[lrsweep_attn_T128_d96_L3_s0_lr0.05] step   2480  train 3.0488  val 3.0930  acc 0.2138  (128s)
[lrsweep_attn_T128_d96_L3_s0_lr0.05] done in 129s; best val 3.0861  (19.33 steps/s)
