D:\dsh\work\scaleup\scripts\spectral_lm_torch.py:510: UserWarning: The given NumPy array is not writable, and PyTorch does not support non-writable tensors. This means writing to this tensor will result in undefined behavior. You may want to copy the array to protect its data or make it writable before converting it to a tensor. This type of warning will be suppressed for the rest of this program. (Triggered internally at C:\actions-runner\_work\pytorch\pytorch\pytorch\torch\csrc\utils\tensor_numpy.cpp:212.)
  self.train = torch.as_tensor(np.ascontiguousarray(corpus.train), device=device)
== run induct_spectral_T128_d96_L3_s0_lr0.8 | corpus 4.1MB vocab=34 | params=375264 (mix=148032 active=37440) | cuda torch.float32
[induct_spectral_T128_d96_L3_s0_lr0.8] step      0  train 0.0000  val 3.5483  acc 0.0369  (0s)
[induct_spectral_T128_d96_L3_s0_lr0.8] step    150  train 3.4712  val 3.3333  acc 0.1192  (10s)
[induct_spectral_T128_d96_L3_s0_lr0.8] step    300  train 3.3114  val 3.3226  acc 0.1197  (19s)
[induct_spectral_T128_d96_L3_s0_lr0.8] step    450  train 3.2997  val 3.3207  acc 0.1299  (28s)
[induct_spectral_T128_d96_L3_s0_lr0.8] step    600  train 3.2997  val 3.3229  acc 0.1198  (37s)
[induct_spectral_T128_d96_L3_s0_lr0.8] step    750  train 3.2855  val 3.3027  acc 0.1249  (46s)
[induct_spectral_T128_d96_L3_s0_lr0.8] step    900  train 3.2904  val 3.3300  acc 0.1166  (55s)
[induct_spectral_T128_d96_L3_s0_lr0.8] step   1050  train 3.2789  val 3.3041  acc 0.1260  (65s)
[induct_spectral_T128_d96_L3_s0_lr0.8] step   1200  train 3.2809  val 3.3037  acc 0.1268  (74s)
[induct_spectral_T128_d96_L3_s0_lr0.8] step   1350  train 3.2765  val 3.2934  acc 0.1317  (83s)
[induct_spectral_T128_d96_L3_s0_lr0.8] step   1500  train 3.2729  val 3.2997  acc 0.1272  (92s)
[induct_spectral_T128_d96_L3_s0_lr0.8] step   1650  train 3.2731  val 3.2815  acc 0.1326  (101s)
[induct_spectral_T128_d96_L3_s0_lr0.8] step   1800  train 3.2681  val 3.2799  acc 0.1330  (110s)
[induct_spectral_T128_d96_L3_s0_lr0.8] step   1950  train 3.2672  val 3.2776  acc 0.1398  (120s)
[induct_spectral_T128_d96_L3_s0_lr0.8] step   2100  train 3.2621  val 3.2624  acc 0.1458  (129s)
[induct_spectral_T128_d96_L3_s0_lr0.8] step   2250  train 3.2524  val 3.2654  acc 0.1353  (138s)
[induct_spectral_T128_d96_L3_s0_lr0.8] step   2400  train 3.2538  val 3.2694  acc 0.1358  (147s)
[induct_spectral_T128_d96_L3_s0_lr0.8] step   2550  train 3.2358  val 3.2658  acc 0.1333  (156s)
[induct_spectral_T128_d96_L3_s0_lr0.8] step   2700  train 3.2411  val 3.2707  acc 0.1421  (165s)
[induct_spectral_T128_d96_L3_s0_lr0.8] step   2850  train 3.2366  val 3.2403  acc 0.1429  (174s)
[induct_spectral_T128_d96_L3_s0_lr0.8] step   3000  train 3.2371  val 3.2440  acc 0.1410  (184s)
[induct_spectral_T128_d96_L3_s0_lr0.8] step   3150  train 3.2243  val 3.2625  acc 0.1361  (193s)
[induct_spectral_T128_d96_L3_s0_lr0.8] step   3300  train 3.2301  val 3.2621  acc 0.1354  (202s)
[induct_spectral_T128_d96_L3_s0_lr0.8] step   3450  train 3.2312  val 3.2481  acc 0.1402  (211s)
[induct_spectral_T128_d96_L3_s0_lr0.8] step   3600  train 3.2215  val 3.2552  acc 0.1465  (220s)
[induct_spectral_T128_d96_L3_s0_lr0.8] step   3750  train 3.2311  val 3.2477  acc 0.1409  (229s)
[induct_spectral_T128_d96_L3_s0_lr0.8] step   3900  train 3.2249  val 3.2377  acc 0.1486  (239s)
[induct_spectral_T128_d96_L3_s0_lr0.8] step   4050  train 3.2244  val 3.2283  acc 0.1441  (248s)
[induct_spectral_T128_d96_L3_s0_lr0.8] step   4200  train 3.2150  val 3.2315  acc 0.1475  (257s)
[induct_spectral_T128_d96_L3_s0_lr0.8] step   4350  train 3.2130  val 3.2281  acc 0.1524  (266s)
[induct_spectral_T128_d96_L3_s0_lr0.8] step   4500  train 3.2163  val 3.2322  acc 0.1511  (275s)
[induct_spectral_T128_d96_L3_s0_lr0.8] step   4650  train 3.2099  val 3.2241  acc 0.1446  (284s)
[induct_spectral_T128_d96_L3_s0_lr0.8] step   4800  train 3.2094  val 3.2346  acc 0.1419  (293s)
[induct_spectral_T128_d96_L3_s0_lr0.8] step   4950  train 3.2118  val 3.2247  acc 0.1490  (303s)
[induct_spectral_T128_d96_L3_s0_lr0.8] step   5100  train 3.2085  val 3.2221  acc 0.1532  (312s)
[induct_spectral_T128_d96_L3_s0_lr0.8] step   5250  train 3.2061  val 3.2320  acc 0.1431  (321s)
[induct_spectral_T128_d96_L3_s0_lr0.8] step   5400  train 3.1997  val 3.2189  acc 0.1515  (330s)
[induct_spectral_T128_d96_L3_s0_lr0.8] step   5550  train 3.1964  val 3.2104  acc 0.1510  (339s)
[induct_spectral_T128_d96_L3_s0_lr0.8] step   5700  train 3.2013  val 3.2131  acc 0.1446  (349s)
[induct_spectral_T128_d96_L3_s0_lr0.8] step   5850  train 3.2001  val 3.2135  acc 0.1484  (358s)
[induct_spectral_T128_d96_L3_s0_lr0.8] zero-shot T=128  val 3.2306  acc 0.1497
[induct_spectral_T128_d96_L3_s0_lr0.8] zero-shot T=256  val 3.5689  acc 0.1129
[induct_spectral_T128_d96_L3_s0_lr0.8] zero-shot T=512  val 3.7748  acc 0.0720
[induct_spectral_T128_d96_L3_s0_lr0.8] done in 367s; best val 3.2104  (16.33 steps/s)
