D:\dsh\work\scaleup\scripts\spectral_lm_torch.py:510: UserWarning: The given NumPy array is not writable, and PyTorch does not support non-writable tensors. This means writing to this tensor will result in undefined behavior. You may want to copy the array to protect its data or make it writable before converting it to a tensor. This type of warning will be suppressed for the rest of this program. (Triggered internally at C:\actions-runner\_work\pytorch\pytorch\pytorch\torch\csrc\utils\tensor_numpy.cpp:212.)
  self.train = torch.as_tensor(np.ascontiguousarray(corpus.train), device=device)
== run induct_attn_T128_d96_L3_s0_lr0.8 | corpus 4.1MB vocab=34 | params=338976 (mix=111744 active=111744) | cuda torch.float32
[induct_attn_T128_d96_L3_s0_lr0.8] step      0  train 0.0000  val 3.5430  acc 0.0375  (0s)
[induct_attn_T128_d96_L3_s0_lr0.8] step    150  train 3.5233  val 3.5081  acc 0.0334  (15s)
[induct_attn_T128_d96_L3_s0_lr0.8] step    300  train 3.5049  val 3.4998  acc 0.0324  (29s)
[induct_attn_T128_d96_L3_s0_lr0.8] step    450  train 3.5044  val 3.5022  acc 0.0177  (44s)
[induct_attn_T128_d96_L3_s0_lr0.8] step    600  train 3.5027  val 3.5020  acc 0.0321  (58s)
[induct_attn_T128_d96_L3_s0_lr0.8] step    750  train 3.5017  val 3.4954  acc 0.0339  (72s)
[induct_attn_T128_d96_L3_s0_lr0.8] step    900  train 3.4904  val 3.4866  acc 0.0264  (87s)
[induct_attn_T128_d96_L3_s0_lr0.8] step   1050  train 3.4622  val 3.4332  acc 0.0802  (101s)
[induct_attn_T128_d96_L3_s0_lr0.8] step   1200  train 3.3973  val 3.3552  acc 0.1112  (116s)
[induct_attn_T128_d96_L3_s0_lr0.8] step   1350  train 3.3382  val 3.3224  acc 0.1229  (130s)
[induct_attn_T128_d96_L3_s0_lr0.8] step   1500  train 3.3084  val 3.3377  acc 0.1162  (145s)
[induct_attn_T128_d96_L3_s0_lr0.8] step   1650  train 3.2992  val 3.3058  acc 0.1220  (159s)
[induct_attn_T128_d96_L3_s0_lr0.8] step   1800  train 3.2902  val 3.3070  acc 0.1199  (173s)
[induct_attn_T128_d96_L3_s0_lr0.8] step   1950  train 3.2891  val 3.3127  acc 0.1170  (188s)
[induct_attn_T128_d96_L3_s0_lr0.8] step   2100  train 3.2869  val 3.3027  acc 0.1207  (202s)
[induct_attn_T128_d96_L3_s0_lr0.8] step   2250  train 3.2785  val 3.3027  acc 0.1272  (217s)
[induct_attn_T128_d96_L3_s0_lr0.8] step   2400  train 3.2837  val 3.3014  acc 0.1283  (231s)
[induct_attn_T128_d96_L3_s0_lr0.8] step   2550  train 3.2690  val 3.3024  acc 0.1338  (246s)
[induct_attn_T128_d96_L3_s0_lr0.8] step   2700  train 3.2768  val 3.2941  acc 0.1264  (260s)
[induct_attn_T128_d96_L3_s0_lr0.8] step   2850  train 3.2714  val 3.2955  acc 0.1361  (274s)
[induct_attn_T128_d96_L3_s0_lr0.8] step   3000  train 3.2718  val 3.2867  acc 0.1324  (289s)
[induct_attn_T128_d96_L3_s0_lr0.8] step   3150  train 3.2610  val 3.2885  acc 0.1274  (303s)
[induct_attn_T128_d96_L3_s0_lr0.8] step   3300  train 3.2669  val 3.2933  acc 0.1250  (318s)
[induct_attn_T128_d96_L3_s0_lr0.8] step   3450  train 3.2664  val 3.2847  acc 0.1328  (332s)
[induct_attn_T128_d96_L3_s0_lr0.8] step   3600  train 3.2599  val 3.2923  acc 0.1272  (346s)
[induct_attn_T128_d96_L3_s0_lr0.8] step   3750  train 3.2687  val 3.2812  acc 0.1392  (361s)
[induct_attn_T128_d96_L3_s0_lr0.8] step   3900  train 3.2639  val 3.2778  acc 0.1344  (375s)
[induct_attn_T128_d96_L3_s0_lr0.8] step   4050  train 3.2631  val 3.2776  acc 0.1429  (390s)
[induct_attn_T128_d96_L3_s0_lr0.8] step   4200  train 3.2563  val 3.2773  acc 0.1269  (404s)
[induct_attn_T128_d96_L3_s0_lr0.8] step   4350  train 3.2538  val 3.2760  acc 0.1402  (419s)
[induct_attn_T128_d96_L3_s0_lr0.8] step   4500  train 3.2569  val 3.2737  acc 0.1400  (433s)
[induct_attn_T128_d96_L3_s0_lr0.8] step   4650  train 3.2525  val 3.2678  acc 0.1409  (447s)
[induct_attn_T128_d96_L3_s0_lr0.8] step   4800  train 3.2517  val 3.2794  acc 0.1411  (462s)
[induct_attn_T128_d96_L3_s0_lr0.8] step   4950  train 3.2537  val 3.2697  acc 0.1411  (476s)
[induct_attn_T128_d96_L3_s0_lr0.8] step   5100  train 3.2480  val 3.2652  acc 0.1411  (491s)
[induct_attn_T128_d96_L3_s0_lr0.8] step   5250  train 3.2450  val 3.2677  acc 0.1444  (505s)
[induct_attn_T128_d96_L3_s0_lr0.8] step   5400  train 3.2358  val 3.2554  acc 0.1454  (519s)
[induct_attn_T128_d96_L3_s0_lr0.8] step   5550  train 3.2304  val 3.2417  acc 0.1482  (534s)
[induct_attn_T128_d96_L3_s0_lr0.8] step   5700  train 3.2357  val 3.2451  acc 0.1482  (548s)
[induct_attn_T128_d96_L3_s0_lr0.8] step   5850  train 3.2315  val 3.2497  acc 0.1513  (563s)
[induct_attn_T128_d96_L3_s0_lr0.8] zero-shot T=128  val 3.2641  acc 0.1417
[induct_attn_T128_d96_L3_s0_lr0.8] zero-shot T=256  val 3.4521  acc 0.0805
[induct_attn_T128_d96_L3_s0_lr0.8] zero-shot T=512  val 3.5855  acc 0.0767
[induct_attn_T128_d96_L3_s0_lr0.8] done in 578s; best val 3.2417  (10.39 steps/s)
