D:\dsh\work\scaleup\scripts\spectral_lm_torch.py:510: UserWarning: The given NumPy array is not writable, and PyTorch does not support non-writable tensors. This means writing to this tensor will result in undefined behavior. You may want to copy the array to protect its data or make it writable before converting it to a tensor. This type of warning will be suppressed for the rest of this program. (Triggered internally at C:\actions-runner\_work\pytorch\pytorch\pytorch\torch\csrc\utils\tensor_numpy.cpp:212.)
  self.train = torch.as_tensor(np.ascontiguousarray(corpus.train), device=device)
== run induct_attn_T128_d96_L3_s0_lr0.2 | corpus 4.1MB vocab=34 | params=338976 (mix=111744 active=111744) | cuda torch.float32
[induct_attn_T128_d96_L3_s0_lr0.2] step      0  train 0.0000  val 3.5450  acc 0.0326  (0s)
[induct_attn_T128_d96_L3_s0_lr0.2] step    150  train 3.5187  val 3.5040  acc 0.0328  (15s)
[induct_attn_T128_d96_L3_s0_lr0.2] step    300  train 3.5006  val 3.4978  acc 0.0347  (29s)
[induct_attn_T128_d96_L3_s0_lr0.2] step    450  train 3.4996  val 3.4914  acc 0.0386  (44s)
[induct_attn_T128_d96_L3_s0_lr0.2] step    600  train 3.4991  val 3.5013  acc 0.0290  (58s)
[induct_attn_T128_d96_L3_s0_lr0.2] step    750  train 3.4990  val 3.4959  acc 0.0315  (72s)
[induct_attn_T128_d96_L3_s0_lr0.2] step    900  train 3.4987  val 3.5046  acc 0.0180  (87s)
[induct_attn_T128_d96_L3_s0_lr0.2] step   1050  train 3.4979  val 3.4936  acc 0.0381  (101s)
[induct_attn_T128_d96_L3_s0_lr0.2] step   1200  train 3.4973  val 3.4983  acc 0.0320  (116s)
[induct_attn_T128_d96_L3_s0_lr0.2] step   1350  train 3.4969  val 3.4924  acc 0.0395  (130s)
[induct_attn_T128_d96_L3_s0_lr0.2] step   1500  train 3.4907  val 3.4785  acc 0.0375  (145s)
[induct_attn_T128_d96_L3_s0_lr0.2] step   1650  train 3.4531  val 3.4122  acc 0.0891  (159s)
[induct_attn_T128_d96_L3_s0_lr0.2] step   1800  train 3.3802  val 3.3544  acc 0.1212  (174s)
[induct_attn_T128_d96_L3_s0_lr0.2] step   1950  train 3.3259  val 3.3374  acc 0.1220  (188s)
[induct_attn_T128_d96_L3_s0_lr0.2] step   2100  train 3.3048  val 3.3117  acc 0.1182  (202s)
[induct_attn_T128_d96_L3_s0_lr0.2] step   2250  train 3.2900  val 3.3083  acc 0.1229  (217s)
[induct_attn_T128_d96_L3_s0_lr0.2] step   2400  train 3.2914  val 3.3104  acc 0.1176  (231s)
[induct_attn_T128_d96_L3_s0_lr0.2] step   2550  train 3.2765  val 3.3046  acc 0.1196  (246s)
[induct_attn_T128_d96_L3_s0_lr0.2] step   2700  train 3.2831  val 3.3052  acc 0.1175  (260s)
[induct_attn_T128_d96_L3_s0_lr0.2] step   2850  train 3.2780  val 3.3026  acc 0.1199  (275s)
[induct_attn_T128_d96_L3_s0_lr0.2] step   3000  train 3.2796  val 3.2985  acc 0.1301  (289s)
[induct_attn_T128_d96_L3_s0_lr0.2] step   3150  train 3.2672  val 3.2978  acc 0.1304  (303s)
[induct_attn_T128_d96_L3_s0_lr0.2] step   3300  train 3.2742  val 3.2965  acc 0.1289  (318s)
[induct_attn_T128_d96_L3_s0_lr0.2] step   3450  train 3.2732  val 3.2917  acc 0.1321  (332s)
[induct_attn_T128_d96_L3_s0_lr0.2] step   3600  train 3.2676  val 3.3023  acc 0.1185  (347s)
[induct_attn_T128_d96_L3_s0_lr0.2] step   3750  train 3.2761  val 3.2924  acc 0.1307  (361s)
[induct_attn_T128_d96_L3_s0_lr0.2] step   3900  train 3.2716  val 3.2930  acc 0.1280  (376s)
[induct_attn_T128_d96_L3_s0_lr0.2] step   4050  train 3.2703  val 3.2848  acc 0.1303  (390s)
[induct_attn_T128_d96_L3_s0_lr0.2] step   4200  train 3.2627  val 3.2855  acc 0.1309  (404s)
[induct_attn_T128_d96_L3_s0_lr0.2] step   4350  train 3.2612  val 3.2872  acc 0.1294  (419s)
[induct_attn_T128_d96_L3_s0_lr0.2] step   4500  train 3.2639  val 3.2854  acc 0.1343  (433s)
[induct_attn_T128_d96_L3_s0_lr0.2] step   4650  train 3.2601  val 3.2781  acc 0.1413  (448s)
[induct_attn_T128_d96_L3_s0_lr0.2] step   4800  train 3.2595  val 3.2883  acc 0.1358  (462s)
[induct_attn_T128_d96_L3_s0_lr0.2] step   4950  train 3.2629  val 3.2772  acc 0.1489  (477s)
[induct_attn_T128_d96_L3_s0_lr0.2] step   5100  train 3.2583  val 3.2725  acc 0.1432  (491s)
[induct_attn_T128_d96_L3_s0_lr0.2] step   5250  train 3.2575  val 3.2775  acc 0.1471  (505s)
[induct_attn_T128_d96_L3_s0_lr0.2] step   5400  train 3.2505  val 3.2722  acc 0.1410  (520s)
[induct_attn_T128_d96_L3_s0_lr0.2] step   5550  train 3.2469  val 3.2674  acc 0.1398  (534s)
[induct_attn_T128_d96_L3_s0_lr0.2] step   5700  train 3.2544  val 3.2689  acc 0.1390  (549s)
[induct_attn_T128_d96_L3_s0_lr0.2] step   5850  train 3.2517  val 3.2671  acc 0.1476  (563s)
[induct_attn_T128_d96_L3_s0_lr0.2] zero-shot T=128  val 3.2888  acc 0.1279
[induct_attn_T128_d96_L3_s0_lr0.2] zero-shot T=256  val 3.3946  acc 0.0919
[induct_attn_T128_d96_L3_s0_lr0.2] zero-shot T=512  val 3.5952  acc 0.0531
[induct_attn_T128_d96_L3_s0_lr0.2] done in 578s; best val 3.2671  (10.38 steps/s)
