D:\dsh\work\scaleup\scripts\spectral_lm_torch.py:510: UserWarning: The given NumPy array is not writable, and PyTorch does not support non-writable tensors. This means writing to this tensor will result in undefined behavior. You may want to copy the array to protect its data or make it writable before converting it to a tensor. This type of warning will be suppressed for the rest of this program. (Triggered internally at C:\actions-runner\_work\pytorch\pytorch\pytorch\torch\csrc\utils\tensor_numpy.cpp:212.)
  self.train = torch.as_tensor(np.ascontiguousarray(corpus.train), device=device)
== run induct_stencil_T128_d96_L3_s0_lr0.8 | corpus 4.1MB vocab=34 | params=228672 (mix=1440 active=1440) | cuda torch.float32
[induct_stencil_T128_d96_L3_s0_lr0.8] step      0  train 0.0000  val 3.5527  acc 0.0342  (0s)
[induct_stencil_T128_d96_L3_s0_lr0.8] step    150  train 3.4860  val 3.3595  acc 0.1251  (9s)
[induct_stencil_T128_d96_L3_s0_lr0.8] step    300  train 3.3130  val 3.3357  acc 0.1283  (18s)
[induct_stencil_T128_d96_L3_s0_lr0.8] step    450  train 3.3103  val 3.3176  acc 0.1223  (27s)
[induct_stencil_T128_d96_L3_s0_lr0.8] step    600  train 3.3124  val 3.3230  acc 0.1199  (36s)
[induct_stencil_T128_d96_L3_s0_lr0.8] step    750  train 3.2934  val 3.3137  acc 0.1214  (44s)
[induct_stencil_T128_d96_L3_s0_lr0.8] step    900  train 3.2977  val 3.3273  acc 0.1179  (53s)
[induct_stencil_T128_d96_L3_s0_lr0.8] step   1050  train 3.2889  val 3.3110  acc 0.1195  (62s)
[induct_stencil_T128_d96_L3_s0_lr0.8] step   1200  train 3.2927  val 3.3156  acc 0.1259  (71s)
[induct_stencil_T128_d96_L3_s0_lr0.8] step   1350  train 3.2891  val 3.3180  acc 0.1205  (80s)
[induct_stencil_T128_d96_L3_s0_lr0.8] step   1500  train 3.2864  val 3.3233  acc 0.1154  (89s)
[induct_stencil_T128_d96_L3_s0_lr0.8] step   1650  train 3.2882  val 3.3031  acc 0.1157  (97s)
[induct_stencil_T128_d96_L3_s0_lr0.8] step   1800  train 3.2858  val 3.3070  acc 0.1240  (106s)
[induct_stencil_T128_d96_L3_s0_lr0.8] step   1950  train 3.2862  val 3.3026  acc 0.1294  (115s)
[induct_stencil_T128_d96_L3_s0_lr0.8] step   2100  train 3.2847  val 3.3039  acc 0.1168  (124s)
[induct_stencil_T128_d96_L3_s0_lr0.8] step   2250  train 3.2787  val 3.3066  acc 0.1173  (133s)
[induct_stencil_T128_d96_L3_s0_lr0.8] step   2400  train 3.2845  val 3.3104  acc 0.1156  (141s)
[induct_stencil_T128_d96_L3_s0_lr0.8] step   2550  train 3.2721  val 3.3113  acc 0.1259  (150s)
[induct_stencil_T128_d96_L3_s0_lr0.8] step   2700  train 3.2805  val 3.3046  acc 0.1188  (159s)
[induct_stencil_T128_d96_L3_s0_lr0.8] step   2850  train 3.2787  val 3.3133  acc 0.1252  (168s)
[induct_stencil_T128_d96_L3_s0_lr0.8] step   3000  train 3.2805  val 3.3044  acc 0.1240  (177s)
[induct_stencil_T128_d96_L3_s0_lr0.8] step   3150  train 3.2700  val 3.3084  acc 0.1162  (186s)
[induct_stencil_T128_d96_L3_s0_lr0.8] step   3300  train 3.2778  val 3.3067  acc 0.1214  (194s)
[induct_stencil_T128_d96_L3_s0_lr0.8] step   3450  train 3.2770  val 3.2958  acc 0.1188  (203s)
[induct_stencil_T128_d96_L3_s0_lr0.8] step   3600  train 3.2722  val 3.3053  acc 0.1131  (212s)
[induct_stencil_T128_d96_L3_s0_lr0.8] step   3750  train 3.2825  val 3.3022  acc 0.1238  (221s)
[induct_stencil_T128_d96_L3_s0_lr0.8] step   3900  train 3.2776  val 3.3036  acc 0.1184  (230s)
[induct_stencil_T128_d96_L3_s0_lr0.8] step   4050  train 3.2775  val 3.3051  acc 0.1162  (238s)
[induct_stencil_T128_d96_L3_s0_lr0.8] step   4200  train 3.2713  val 3.3043  acc 0.1139  (247s)
[induct_stencil_T128_d96_L3_s0_lr0.8] step   4350  train 3.2694  val 3.2983  acc 0.1267  (256s)
[induct_stencil_T128_d96_L3_s0_lr0.8] step   4500  train 3.2723  val 3.2928  acc 0.1250  (265s)
[induct_stencil_T128_d96_L3_s0_lr0.8] step   4650  train 3.2697  val 3.2996  acc 0.1195  (274s)
[induct_stencil_T128_d96_L3_s0_lr0.8] step   4800  train 3.2684  val 3.3029  acc 0.1281  (283s)
[induct_stencil_T128_d96_L3_s0_lr0.8] step   4950  train 3.2732  val 3.2953  acc 0.1255  (291s)
[induct_stencil_T128_d96_L3_s0_lr0.8] step   5100  train 3.2691  val 3.2910  acc 0.1275  (300s)
[induct_stencil_T128_d96_L3_s0_lr0.8] step   5250  train 3.2693  val 3.2997  acc 0.1243  (309s)
[induct_stencil_T128_d96_L3_s0_lr0.8] step   5400  train 3.2627  val 3.2955  acc 0.1155  (318s)
[induct_stencil_T128_d96_L3_s0_lr0.8] step   5550  train 3.2604  val 3.2904  acc 0.1279  (327s)
[induct_stencil_T128_d96_L3_s0_lr0.8] step   5700  train 3.2678  val 3.2927  acc 0.1162  (335s)
[induct_stencil_T128_d96_L3_s0_lr0.8] step   5850  train 3.2644  val 3.2903  acc 0.1274  (344s)
[induct_stencil_T128_d96_L3_s0_lr0.8] zero-shot T=128  val 3.3208  acc 0.1096
[induct_stencil_T128_d96_L3_s0_lr0.8] zero-shot T=256  val 3.3090  acc 0.1213
[induct_stencil_T128_d96_L3_s0_lr0.8] zero-shot T=512  val 3.3375  acc 0.1281
[induct_stencil_T128_d96_L3_s0_lr0.8] done in 353s; best val 3.2903  (16.98 steps/s)
