D:\dsh\work\scaleup\scripts\spectral_lm_torch.py:510: UserWarning: The given NumPy array is not writable, and PyTorch does not support non-writable tensors. This means writing to this tensor will result in undefined behavior. You may want to copy the array to protect its data or make it writable before converting it to a tensor. This type of warning will be suppressed for the rest of this program. (Triggered internally at C:\actions-runner\_work\pytorch\pytorch\pytorch\torch\csrc\utils\tensor_numpy.cpp:212.)
  self.train = torch.as_tensor(np.ascontiguousarray(corpus.train), device=device)
== run induct_fnet_T128_d96_L3_s0_lr0.8 | corpus 4.1MB vocab=34 | params=227232 (mix=0 active=0) | cuda torch.float32
[induct_fnet_T128_d96_L3_s0_lr0.8] step      0  train 0.0000  val 3.5372  acc 0.0269  (0s)
[induct_fnet_T128_d96_L3_s0_lr0.8] step    150  train 3.5099  val 3.4426  acc 0.0907  (8s)
[induct_fnet_T128_d96_L3_s0_lr0.8] step    300  train 3.4436  val 3.5060  acc 0.0765  (17s)
[induct_fnet_T128_d96_L3_s0_lr0.8] step    450  train 3.3423  val 3.2834  acc 0.1063  (25s)
[induct_fnet_T128_d96_L3_s0_lr0.8] step    600  train 3.2395  val 3.2241  acc 0.1244  (33s)
[induct_fnet_T128_d96_L3_s0_lr0.8] step    750  train 3.1560  val 3.1752  acc 0.1549  (41s)
[induct_fnet_T128_d96_L3_s0_lr0.8] step    900  train 3.0714  val 3.1058  acc 0.1704  (49s)
[induct_fnet_T128_d96_L3_s0_lr0.8] step   1050  train 3.0279  val 3.0572  acc 0.1653  (57s)
[induct_fnet_T128_d96_L3_s0_lr0.8] step   1200  train 2.9921  val 3.0322  acc 0.1869  (65s)
[induct_fnet_T128_d96_L3_s0_lr0.8] step   1350  train 2.9633  val 2.9766  acc 0.1935  (73s)
[induct_fnet_T128_d96_L3_s0_lr0.8] step   1500  train 2.9595  val 2.9788  acc 0.1984  (81s)
[induct_fnet_T128_d96_L3_s0_lr0.8] step   1650  train 2.9488  val 2.9790  acc 0.2154  (90s)
[induct_fnet_T128_d96_L3_s0_lr0.8] step   1800  train 2.9408  val 2.9349  acc 0.2109  (98s)
[induct_fnet_T128_d96_L3_s0_lr0.8] step   1950  train 2.9214  val 2.9392  acc 0.2098  (106s)
[induct_fnet_T128_d96_L3_s0_lr0.8] step   2100  train 2.9046  val 2.9517  acc 0.2040  (114s)
[induct_fnet_T128_d96_L3_s0_lr0.8] step   2250  train 2.9074  val 2.9127  acc 0.2236  (122s)
[induct_fnet_T128_d96_L3_s0_lr0.8] step   2400  train 2.8982  val 2.9516  acc 0.2010  (130s)
[induct_fnet_T128_d96_L3_s0_lr0.8] step   2550  train 2.8823  val 2.9104  acc 0.2149  (138s)
[induct_fnet_T128_d96_L3_s0_lr0.8] step   2700  train 2.8832  val 2.9210  acc 0.2020  (146s)
[induct_fnet_T128_d96_L3_s0_lr0.8] step   2850  train 2.8757  val 2.9054  acc 0.2101  (154s)
[induct_fnet_T128_d96_L3_s0_lr0.8] step   3000  train 2.8770  val 2.8890  acc 0.2313  (162s)
[induct_fnet_T128_d96_L3_s0_lr0.8] step   3150  train 2.8625  val 2.8879  acc 0.2099  (171s)
[induct_fnet_T128_d96_L3_s0_lr0.8] step   3300  train 2.8463  val 2.8830  acc 0.2201  (179s)
[induct_fnet_T128_d96_L3_s0_lr0.8] step   3450  train 2.8483  val 2.8731  acc 0.2459  (187s)
[induct_fnet_T128_d96_L3_s0_lr0.8] step   3600  train 2.8321  val 2.8637  acc 0.2420  (195s)
[induct_fnet_T128_d96_L3_s0_lr0.8] step   3750  train 2.8326  val 2.8715  acc 0.2426  (203s)
[induct_fnet_T128_d96_L3_s0_lr0.8] step   3900  train 2.8241  val 2.8335  acc 0.2356  (211s)
[induct_fnet_T128_d96_L3_s0_lr0.8] step   4050  train 2.8107  val 2.8319  acc 0.2401  (219s)
[induct_fnet_T128_d96_L3_s0_lr0.8] step   4200  train 2.7867  val 2.8236  acc 0.2559  (227s)
[induct_fnet_T128_d96_L3_s0_lr0.8] step   4350  train 2.7850  val 2.8320  acc 0.2516  (236s)
[induct_fnet_T128_d96_L3_s0_lr0.8] step   4500  train 2.8000  val 2.8120  acc 0.2546  (244s)
[induct_fnet_T128_d96_L3_s0_lr0.8] step   4650  train 2.7746  val 2.8048  acc 0.2584  (252s)
[induct_fnet_T128_d96_L3_s0_lr0.8] step   4800  train 2.7668  val 2.8147  acc 0.2489  (260s)
[induct_fnet_T128_d96_L3_s0_lr0.8] step   4950  train 2.7597  val 2.7957  acc 0.2573  (268s)
[induct_fnet_T128_d96_L3_s0_lr0.8] step   5100  train 2.7490  val 2.7882  acc 0.2499  (276s)
[induct_fnet_T128_d96_L3_s0_lr0.8] step   5250  train 2.7560  val 2.7937  acc 0.2643  (284s)
[induct_fnet_T128_d96_L3_s0_lr0.8] step   5400  train 2.7396  val 2.7855  acc 0.2669  (292s)
[induct_fnet_T128_d96_L3_s0_lr0.8] step   5550  train 2.7352  val 2.7642  acc 0.2684  (300s)
[induct_fnet_T128_d96_L3_s0_lr0.8] step   5700  train 2.7224  val 2.7657  acc 0.2688  (308s)
[induct_fnet_T128_d96_L3_s0_lr0.8] step   5850  train 2.7352  val 2.7605  acc 0.2656  (317s)
[induct_fnet_T128_d96_L3_s0_lr0.8] zero-shot T=128  val 2.7798  acc 0.2580
[induct_fnet_T128_d96_L3_s0_lr0.8] zero-shot T=256  val 4.1915  acc 0.1133
[induct_fnet_T128_d96_L3_s0_lr0.8] zero-shot T=512  val 7.0696  acc 0.0958
[induct_fnet_T128_d96_L3_s0_lr0.8] done in 325s; best val 2.7590  (18.47 steps/s)
