D:\dsh\work\scaleup\scripts\spectral_lm_torch.py:510: UserWarning: The given NumPy array is not writable, and PyTorch does not support non-writable tensors. This means writing to this tensor will result in undefined behavior. You may want to copy the array to protect its data or make it writable before converting it to a tensor. This type of warning will be suppressed for the rest of this program. (Triggered internally at C:\actions-runner\_work\pytorch\pytorch\pytorch\torch\csrc\utils\tensor_numpy.cpp:212.)
  self.train = torch.as_tensor(np.ascontiguousarray(corpus.train), device=device)
== run p64b_spectral_T128_d96_L3_s0_lr0.8 | corpus 4.0MB vocab=33 | params=375168 (mix=148032 active=37440) | cuda torch.float32
[p64b_spectral_T128_d96_L3_s0_lr0.8] step      0  train 0.0000  val 3.5281  acc 0.0244  (0s)
[p64b_spectral_T128_d96_L3_s0_lr0.8] step    150  train 3.3162  val 1.6079  acc 0.7088  (9s)
[p64b_spectral_T128_d96_L3_s0_lr0.8] step    300  train 0.8954  val 0.7722  acc 0.8528  (17s)
[p64b_spectral_T128_d96_L3_s0_lr0.8] step    450  train 0.6928  val 0.7624  acc 0.8538  (25s)
[p64b_spectral_T128_d96_L3_s0_lr0.8] step    600  train 0.6764  val 0.7612  acc 0.8454  (33s)
[p64b_spectral_T128_d96_L3_s0_lr0.8] step    750  train 0.6394  val 0.7278  acc 0.8508  (41s)
[p64b_spectral_T128_d96_L3_s0_lr0.8] step    900  train 0.6700  val 0.7201  acc 0.8472  (50s)
[p64b_spectral_T128_d96_L3_s0_lr0.8] step   1050  train 0.6500  val 0.7027  acc 0.8497  (58s)
[p64b_spectral_T128_d96_L3_s0_lr0.8] step   1200  train 0.6437  val 0.7178  acc 0.8497  (66s)
[p64b_spectral_T128_d96_L3_s0_lr0.8] step   1350  train 0.6289  val 0.7005  acc 0.8479  (74s)
[p64b_spectral_T128_d96_L3_s0_lr0.8] step   1500  train 0.6249  val 0.6976  acc 0.8462  (83s)
[p64b_spectral_T128_d96_L3_s0_lr0.8] step   1650  train 0.6243  val 0.7058  acc 0.8480  (91s)
[p64b_spectral_T128_d96_L3_s0_lr0.8] step   1800  train 0.6246  val 0.6945  acc 0.8454  (99s)
[p64b_spectral_T128_d96_L3_s0_lr0.8] step   1950  train 0.6326  val 0.6917  acc 0.8496  (107s)
[p64b_spectral_T128_d96_L3_s0_lr0.8] step   2100  train 0.6043  val 0.6651  acc 0.8474  (115s)
[p64b_spectral_T128_d96_L3_s0_lr0.8] step   2250  train 0.6192  val 0.6681  acc 0.8463  (124s)
[p64b_spectral_T128_d96_L3_s0_lr0.8] step   2400  train 0.5990  val 0.6817  acc 0.8474  (132s)
[p64b_spectral_T128_d96_L3_s0_lr0.8] step   2550  train 0.5854  val 0.6765  acc 0.8470  (140s)
[p64b_spectral_T128_d96_L3_s0_lr0.8] step   2700  train 0.5895  val 0.6766  acc 0.8472  (148s)
[p64b_spectral_T128_d96_L3_s0_lr0.8] step   2850  train 0.5897  val 0.6547  acc 0.8463  (156s)
[p64b_spectral_T128_d96_L3_s0_lr0.8] step   3000  train 0.5982  val 0.6605  acc 0.8454  (165s)
[p64b_spectral_T128_d96_L3_s0_lr0.8] step   3150  train 0.5679  val 0.6520  acc 0.8490  (173s)
[p64b_spectral_T128_d96_L3_s0_lr0.8] step   3300  train 0.5794  val 0.6506  acc 0.8472  (181s)
[p64b_spectral_T128_d96_L3_s0_lr0.8] step   3450  train 0.5543  val 0.6587  acc 0.8472  (189s)
[p64b_spectral_T128_d96_L3_s0_lr0.8] step   3600  train 0.5637  val 0.6497  acc 0.8462  (198s)
[p64b_spectral_T128_d96_L3_s0_lr0.8] step   3750  train 0.5720  val 0.6529  acc 0.8472  (206s)
[p64b_spectral_T128_d96_L3_s0_lr0.8] step   3900  train 0.5746  val 0.6572  acc 0.8489  (214s)
[p64b_spectral_T128_d96_L3_s0_lr0.8] step   4050  train 0.5581  val 0.6486  acc 0.8499  (222s)
[p64b_spectral_T128_d96_L3_s0_lr0.8] step   4200  train 0.5620  val 0.6480  acc 0.8532  (230s)
[p64b_spectral_T128_d96_L3_s0_lr0.8] step   4350  train 0.5591  val 0.6524  acc 0.8490  (239s)
[p64b_spectral_T128_d96_L3_s0_lr0.8] step   4500  train 0.5628  val 0.6513  acc 0.8480  (247s)
[p64b_spectral_T128_d96_L3_s0_lr0.8] step   4650  train 0.5738  val 0.6480  acc 0.8474  (255s)
[p64b_spectral_T128_d96_L3_s0_lr0.8] step   4800  train 0.5598  val 0.6332  acc 0.8515  (263s)
[p64b_spectral_T128_d96_L3_s0_lr0.8] step   4950  train 0.5771  val 0.6381  acc 0.8491  (272s)
[p64b_spectral_T128_d96_L3_s0_lr0.8] step   5100  train 0.5676  val 0.6389  acc 0.8496  (280s)
[p64b_spectral_T128_d96_L3_s0_lr0.8] step   5250  train 0.5743  val 0.6421  acc 0.8526  (288s)
[p64b_spectral_T128_d96_L3_s0_lr0.8] step   5400  train 0.5618  val 0.6407  acc 0.8454  (296s)
[p64b_spectral_T128_d96_L3_s0_lr0.8] step   5550  train 0.5499  val 0.6431  acc 0.8464  (304s)
[p64b_spectral_T128_d96_L3_s0_lr0.8] step   5700  train 0.5603  val 0.6352  acc 0.8480  (313s)
[p64b_spectral_T128_d96_L3_s0_lr0.8] step   5850  train 0.5577  val 0.6387  acc 0.8480  (321s)
[p64b_spectral_T128_d96_L3_s0_lr0.8] zero-shot T=128  val 0.6514  acc 0.8515
[p64b_spectral_T128_d96_L3_s0_lr0.8] zero-shot T=256  val 1.6709  acc 0.7249
[p64b_spectral_T128_d96_L3_s0_lr0.8] zero-shot T=512  val 2.8426  acc 0.3226
[p64b_spectral_T128_d96_L3_s0_lr0.8] done in 330s; best val 0.6332  (18.20 steps/s)
