D:\dsh\work\scaleup\scripts\spectral_lm_torch.py:510: UserWarning: The given NumPy array is not writable, and PyTorch does not support non-writable tensors. This means writing to this tensor will result in undefined behavior. You may want to copy the array to protect its data or make it writable before converting it to a tensor. This type of warning will be suppressed for the rest of this program. (Triggered internally at C:\actions-runner\_work\pytorch\pytorch\pytorch\torch\csrc\utils\tensor_numpy.cpp:212.)
  self.train = torch.as_tensor(np.ascontiguousarray(corpus.train), device=device)
== run p64b_attn_T128_d96_L3_s0_lr0.8 | corpus 4.0MB vocab=33 | params=338880 (mix=111744 active=111744) | cuda torch.float32
[p64b_attn_T128_d96_L3_s0_lr0.8] step      0  train 0.0000  val 3.5216  acc 0.0194  (0s)
[p64b_attn_T128_d96_L3_s0_lr0.8] step    150  train 3.4962  val 3.4751  acc 0.0242  (13s)
[p64b_attn_T128_d96_L3_s0_lr0.8] step    300  train 3.4744  val 3.4701  acc 0.0211  (26s)
[p64b_attn_T128_d96_L3_s0_lr0.8] step    450  train 3.4717  val 3.4738  acc 0.0211  (39s)
[p64b_attn_T128_d96_L3_s0_lr0.8] step    600  train 3.4725  val 3.4729  acc 0.0387  (52s)
[p64b_attn_T128_d96_L3_s0_lr0.8] step    750  train 3.4692  val 3.4516  acc 0.0410  (65s)
[p64b_attn_T128_d96_L3_s0_lr0.8] step    900  train 3.4474  val 3.4366  acc 0.0475  (78s)
[p64b_attn_T128_d96_L3_s0_lr0.8] step   1050  train 3.4056  val 3.4010  acc 0.0755  (91s)
[p64b_attn_T128_d96_L3_s0_lr0.8] step   1200  train 3.3572  val 3.3419  acc 0.1002  (103s)
[p64b_attn_T128_d96_L3_s0_lr0.8] step   1350  train 3.3094  val 3.3078  acc 0.1205  (116s)
[p64b_attn_T128_d96_L3_s0_lr0.8] step   1500  train 3.2764  val 3.2797  acc 0.1276  (129s)
[p64b_attn_T128_d96_L3_s0_lr0.8] step   1650  train 3.2654  val 3.2748  acc 0.1299  (142s)
[p64b_attn_T128_d96_L3_s0_lr0.8] step   1800  train 3.2576  val 3.2704  acc 0.1320  (155s)
[p64b_attn_T128_d96_L3_s0_lr0.8] step   1950  train 3.2494  val 3.2606  acc 0.1402  (168s)
[p64b_attn_T128_d96_L3_s0_lr0.8] step   2100  train 3.0647  val 3.2329  acc 0.1917  (181s)
[p64b_attn_T128_d96_L3_s0_lr0.8] step   2250  train 3.1043  val 2.8142  acc 0.3060  (194s)
[p64b_attn_T128_d96_L3_s0_lr0.8] step   2400  train 3.1160  val 3.3027  acc 0.1435  (207s)
[p64b_attn_T128_d96_L3_s0_lr0.8] step   2550  train 3.3316  val 3.3431  acc 0.1160  (220s)
[p64b_attn_T128_d96_L3_s0_lr0.8] step   2700  train 3.3243  val 3.3562  acc 0.1158  (233s)
[p64b_attn_T128_d96_L3_s0_lr0.8] step   2850  train 3.3700  val 3.4055  acc 0.1192  (246s)
[p64b_attn_T128_d96_L3_s0_lr0.8] step   3000  train 3.3561  val 3.3277  acc 0.1148  (259s)
[p64b_attn_T128_d96_L3_s0_lr0.8] step   3150  train 3.3568  val 3.3749  acc 0.1172  (272s)
[p64b_attn_T128_d96_L3_s0_lr0.8] step   3300  train 3.3787  val 3.3808  acc 0.1147  (284s)
[p64b_attn_T128_d96_L3_s0_lr0.8] step   3450  train 3.3725  val 3.4166  acc 0.1015  (297s)
[p64b_attn_T128_d96_L3_s0_lr0.8] step   3600  train 3.3492  val 3.3242  acc 0.1200  (310s)
[p64b_attn_T128_d96_L3_s0_lr0.8] step   3750  train 3.3610  val 3.3231  acc 0.1187  (323s)
[p64b_attn_T128_d96_L3_s0_lr0.8] step   3900  train 3.3460  val 3.3052  acc 0.1271  (336s)
[p64b_attn_T128_d96_L3_s0_lr0.8] step   4050  train 3.3213  val 3.3253  acc 0.1228  (349s)
[p64b_attn_T128_d96_L3_s0_lr0.8] step   4200  train 3.3227  val 3.3191  acc 0.1248  (362s)
[p64b_attn_T128_d96_L3_s0_lr0.8] step   4350  train 3.3028  val 3.2843  acc 0.1260  (375s)
[p64b_attn_T128_d96_L3_s0_lr0.8] step   4500  train 3.2918  val 3.2745  acc 0.1140  (388s)
[p64b_attn_T128_d96_L3_s0_lr0.8] step   4650  train 3.2932  val 3.2893  acc 0.1207  (401s)
[p64b_attn_T128_d96_L3_s0_lr0.8] step   4800  train 3.2877  val 3.2646  acc 0.1346  (414s)
[p64b_attn_T128_d96_L3_s0_lr0.8] step   4950  train 3.2850  val 3.2825  acc 0.1304  (427s)
[p64b_attn_T128_d96_L3_s0_lr0.8] step   5100  train 3.2714  val 3.2678  acc 0.1258  (439s)
[p64b_attn_T128_d96_L3_s0_lr0.8] step   5250  train 3.2667  val 3.2761  acc 0.1303  (452s)
[p64b_attn_T128_d96_L3_s0_lr0.8] step   5400  train 3.2548  val 3.2547  acc 0.1326  (465s)
[p64b_attn_T128_d96_L3_s0_lr0.8] step   5550  train 3.2471  val 3.2746  acc 0.1305  (478s)
[p64b_attn_T128_d96_L3_s0_lr0.8] step   5700  train 3.2472  val 3.2614  acc 0.1266  (491s)
[p64b_attn_T128_d96_L3_s0_lr0.8] step   5850  train 3.2382  val 3.2667  acc 0.1384  (504s)
[p64b_attn_T128_d96_L3_s0_lr0.8] zero-shot T=128  val 3.2712  acc 0.1305
[p64b_attn_T128_d96_L3_s0_lr0.8] zero-shot T=256  val 3.2774  acc 0.1254
[p64b_attn_T128_d96_L3_s0_lr0.8] zero-shot T=512  val 3.2414  acc 0.1294
[p64b_attn_T128_d96_L3_s0_lr0.8] done in 517s; best val 2.8142  (11.60 steps/s)
