D:\dsh\work\scaleup\scripts\spectral_lm_torch.py:510: UserWarning: The given NumPy array is not writable, and PyTorch does not support non-writable tensors. This means writing to this tensor will result in undefined behavior. You may want to copy the array to protect its data or make it writable before converting it to a tensor. This type of warning will be suppressed for the rest of this program. (Triggered internally at C:\actions-runner\_work\pytorch\pytorch\pytorch\torch\csrc\utils\tensor_numpy.cpp:212.)
  self.train = torch.as_tensor(np.ascontiguousarray(corpus.train), device=device)
== run p64b_attn_T128_d96_L3_s0_lr0.4 | corpus 4.0MB vocab=33 | params=338880 (mix=111744 active=111744) | cuda torch.float32
[p64b_attn_T128_d96_L3_s0_lr0.4] step      0  train 0.0000  val 3.5097  acc 0.0406  (0s)
[p64b_attn_T128_d96_L3_s0_lr0.4] step    150  train 3.4902  val 3.4751  acc 0.0297  (13s)
[p64b_attn_T128_d96_L3_s0_lr0.4] step    300  train 3.4707  val 3.4732  acc 0.0431  (16s)
[p64b_attn_T128_d96_L3_s0_lr0.4] step    450  train 3.4697  val 3.4719  acc 0.0297  (19s)
[p64b_attn_T128_d96_L3_s0_lr0.4] step    600  train 3.4690  val 3.4723  acc 0.0378  (31s)
[p64b_attn_T128_d96_L3_s0_lr0.4] step    750  train 3.4689  val 3.4632  acc 0.0341  (44s)
[p64b_attn_T128_d96_L3_s0_lr0.4] step    900  train 3.4657  val 3.4578  acc 0.0313  (57s)
[p64b_attn_T128_d96_L3_s0_lr0.4] step   1050  train 3.4359  val 3.4180  acc 0.0431  (70s)
[p64b_attn_T128_d96_L3_s0_lr0.4] step   1200  train 3.3894  val 3.3842  acc 0.0916  (84s)
[p64b_attn_T128_d96_L3_s0_lr0.4] step   1350  train 3.3290  val 3.3194  acc 0.1173  (97s)
[p64b_attn_T128_d96_L3_s0_lr0.4] step   1500  train 3.2845  val 3.2882  acc 0.1332  (110s)
[p64b_attn_T128_d96_L3_s0_lr0.4] step   1650  train 3.2678  val 3.2718  acc 0.1424  (123s)
[p64b_attn_T128_d96_L3_s0_lr0.4] step   1800  train 3.2577  val 3.2685  acc 0.1254  (136s)
[p64b_attn_T128_d96_L3_s0_lr0.4] step   1950  train 3.2510  val 3.2491  acc 0.1353  (149s)
[p64b_attn_T128_d96_L3_s0_lr0.4] step   2100  train 3.2391  val 3.2320  acc 0.1401  (162s)
[p64b_attn_T128_d96_L3_s0_lr0.4] step   2250  train 2.7101  val 0.7919  acc 0.8360  (175s)
[p64b_attn_T128_d96_L3_s0_lr0.4] step   2400  train 0.7336  val 0.8093  acc 0.8182  (188s)
[p64b_attn_T128_d96_L3_s0_lr0.4] step   2550  train 0.7835  val 0.8832  acc 0.8170  (201s)
[p64b_attn_T128_d96_L3_s0_lr0.4] step   2700  train 0.8156  val 0.8215  acc 0.8245  (215s)
[p64b_attn_T128_d96_L3_s0_lr0.4] step   2850  train 0.8383  val 0.7304  acc 0.8396  (228s)
[p64b_attn_T128_d96_L3_s0_lr0.4] step   3000  train 0.8095  val 1.0284  acc 0.7848  (241s)
[p64b_attn_T128_d96_L3_s0_lr0.4] step   3150  train 0.7886  val 0.8379  acc 0.8224  (254s)
[p64b_attn_T128_d96_L3_s0_lr0.4] step   3300  train 0.7777  val 0.7547  acc 0.8302  (268s)
[p64b_attn_T128_d96_L3_s0_lr0.4] step   3450  train 0.7562  val 0.7832  acc 0.8222  (281s)
[p64b_attn_T128_d96_L3_s0_lr0.4] step   3600  train 0.7440  val 0.8452  acc 0.8190  (294s)
[p64b_attn_T128_d96_L3_s0_lr0.4] step   3750  train 0.7158  val 0.7332  acc 0.8373  (307s)
[p64b_attn_T128_d96_L3_s0_lr0.4] step   3900  train 0.7065  val 0.6667  acc 0.8430  (321s)
[p64b_attn_T128_d96_L3_s0_lr0.4] step   4050  train 0.6275  val 0.6963  acc 0.8411  (334s)
[p64b_attn_T128_d96_L3_s0_lr0.4] step   4200  train 0.6105  val 0.6744  acc 0.8471  (347s)
[p64b_attn_T128_d96_L3_s0_lr0.4] step   4350  train 0.6184  val 0.6596  acc 0.8477  (360s)
[p64b_attn_T128_d96_L3_s0_lr0.4] step   4500  train 0.5894  val 0.6581  acc 0.8454  (373s)
[p64b_attn_T128_d96_L3_s0_lr0.4] step   4650  train 0.5864  val 0.6572  acc 0.8454  (386s)
[p64b_attn_T128_d96_L3_s0_lr0.4] step   4800  train 0.5809  val 0.6498  acc 0.8453  (399s)
[p64b_attn_T128_d96_L3_s0_lr0.4] step   4950  train 0.5883  val 0.6445  acc 0.8480  (412s)
[p64b_attn_T128_d96_L3_s0_lr0.4] step   5100  train 0.5821  val 0.6419  acc 0.8540  (425s)
[p64b_attn_T128_d96_L3_s0_lr0.4] step   5250  train 0.5850  val 0.6434  acc 0.8488  (438s)
[p64b_attn_T128_d96_L3_s0_lr0.4] step   5400  train 0.5700  val 0.6421  acc 0.8480  (451s)
[p64b_attn_T128_d96_L3_s0_lr0.4] step   5550  train 0.5589  val 0.6451  acc 0.8462  (465s)
[p64b_attn_T128_d96_L3_s0_lr0.4] step   5700  train 0.5692  val 0.6389  acc 0.8491  (478s)
[p64b_attn_T128_d96_L3_s0_lr0.4] step   5850  train 0.5668  val 0.6422  acc 0.8480  (491s)
[p64b_attn_T128_d96_L3_s0_lr0.4] zero-shot T=128  val 0.6406  acc 0.8534
[p64b_attn_T128_d96_L3_s0_lr0.4] zero-shot T=256  val 1.5026  acc 0.6428
[p64b_attn_T128_d96_L3_s0_lr0.4] zero-shot T=512  val 2.3802  acc 0.4515
[p64b_attn_T128_d96_L3_s0_lr0.4] done in 504s; best val 0.6389  (11.90 steps/s)
