D:\dsh\work\scaleup\scripts\spectral_lm_torch.py:510: UserWarning: The given NumPy array is not writable, and PyTorch does not support non-writable tensors. This means writing to this tensor will result in undefined behavior. You may want to copy the array to protect its data or make it writable before converting it to a tensor. This type of warning will be suppressed for the rest of this program. (Triggered internally at C:\actions-runner\_work\pytorch\pytorch\pytorch\torch\csrc\utils\tensor_numpy.cpp:212.)
  self.train = torch.as_tensor(np.ascontiguousarray(corpus.train), device=device)
== run p64b_stencil_T128_d96_L3_s0_lr0.8 | corpus 4.0MB vocab=33 | params=228576 (mix=1440 active=1440) | cuda torch.float32
[p64b_stencil_T128_d96_L3_s0_lr0.8] step      0  train 0.0000  val 3.5267  acc 0.0271  (0s)
[p64b_stencil_T128_d96_L3_s0_lr0.8] step    150  train 3.4455  val 3.2944  acc 0.1288  (8s)
[p64b_stencil_T128_d96_L3_s0_lr0.8] step    300  train 3.2903  val 3.2673  acc 0.1290  (16s)
[p64b_stencil_T128_d96_L3_s0_lr0.8] step    450  train 3.2750  val 3.2967  acc 0.1185  (24s)
[p64b_stencil_T128_d96_L3_s0_lr0.8] step    600  train 3.2791  val 3.2879  acc 0.1304  (32s)
[p64b_stencil_T128_d96_L3_s0_lr0.8] step    750  train 3.2641  val 3.2676  acc 0.1252  (39s)
[p64b_stencil_T128_d96_L3_s0_lr0.8] step    900  train 3.2680  val 3.2958  acc 0.1170  (41s)
[p64b_stencil_T128_d96_L3_s0_lr0.8] step   1050  train 3.2585  val 3.2750  acc 0.1290  (43s)
[p64b_stencil_T128_d96_L3_s0_lr0.8] step   1200  train 3.2588  val 3.2795  acc 0.1250  (44s)
[p64b_stencil_T128_d96_L3_s0_lr0.8] step   1350  train 3.2558  val 3.2767  acc 0.1228  (51s)
[p64b_stencil_T128_d96_L3_s0_lr0.8] step   1500  train 3.2511  val 3.2883  acc 0.1290  (60s)
[p64b_stencil_T128_d96_L3_s0_lr0.8] step   1650  train 3.2541  val 3.2700  acc 0.1286  (69s)
[p64b_stencil_T128_d96_L3_s0_lr0.8] step   1800  train 3.2538  val 3.2740  acc 0.1260  (78s)
[p64b_stencil_T128_d96_L3_s0_lr0.8] step   1950  train 3.2519  val 3.2681  acc 0.1184  (87s)
[p64b_stencil_T128_d96_L3_s0_lr0.8] step   2100  train 3.2497  val 3.2702  acc 0.1200  (96s)
[p64b_stencil_T128_d96_L3_s0_lr0.8] step   2250  train 3.2423  val 3.2760  acc 0.1264  (104s)
[p64b_stencil_T128_d96_L3_s0_lr0.8] step   2400  train 3.2487  val 3.2849  acc 0.1157  (113s)
[p64b_stencil_T128_d96_L3_s0_lr0.8] step   2550  train 3.2365  val 3.2800  acc 0.1165  (122s)
[p64b_stencil_T128_d96_L3_s0_lr0.8] step   2700  train 3.2491  val 3.2819  acc 0.1218  (131s)
[p64b_stencil_T128_d96_L3_s0_lr0.8] step   2850  train 3.2453  val 3.2807  acc 0.1208  (140s)
[p64b_stencil_T128_d96_L3_s0_lr0.8] step   3000  train 3.2443  val 3.2740  acc 0.1278  (149s)
[p64b_stencil_T128_d96_L3_s0_lr0.8] step   3150  train 3.2377  val 3.2672  acc 0.1246  (157s)
[p64b_stencil_T128_d96_L3_s0_lr0.8] step   3300  train 3.2441  val 3.2662  acc 0.1244  (166s)
[p64b_stencil_T128_d96_L3_s0_lr0.8] step   3450  train 3.2405  val 3.2631  acc 0.1278  (175s)
[p64b_stencil_T128_d96_L3_s0_lr0.8] step   3600  train 3.2365  val 3.2710  acc 0.1215  (184s)
[p64b_stencil_T128_d96_L3_s0_lr0.8] step   3750  train 3.2445  val 3.2648  acc 0.1163  (193s)
[p64b_stencil_T128_d96_L3_s0_lr0.8] step   3900  train 3.2397  val 3.2619  acc 0.1241  (202s)
[p64b_stencil_T128_d96_L3_s0_lr0.8] step   4050  train 3.2403  val 3.2679  acc 0.1199  (210s)
[p64b_stencil_T128_d96_L3_s0_lr0.8] step   4200  train 3.2358  val 3.2679  acc 0.1217  (219s)
[p64b_stencil_T128_d96_L3_s0_lr0.8] step   4350  train 3.2362  val 3.2619  acc 0.1216  (228s)
[p64b_stencil_T128_d96_L3_s0_lr0.8] step   4500  train 3.2358  val 3.2605  acc 0.1219  (237s)
[p64b_stencil_T128_d96_L3_s0_lr0.8] step   4650  train 3.2366  val 3.2625  acc 0.1236  (246s)
[p64b_stencil_T128_d96_L3_s0_lr0.8] step   4800  train 3.2356  val 3.2638  acc 0.1185  (255s)
[p64b_stencil_T128_d96_L3_s0_lr0.8] step   4950  train 3.2406  val 3.2668  acc 0.1167  (263s)
[p64b_stencil_T128_d96_L3_s0_lr0.8] step   5100  train 3.2349  val 3.2585  acc 0.1175  (272s)
[p64b_stencil_T128_d96_L3_s0_lr0.8] step   5250  train 3.2365  val 3.2597  acc 0.1233  (281s)
[p64b_stencil_T128_d96_L3_s0_lr0.8] step   5400  train 3.2291  val 3.2626  acc 0.1165  (290s)
[p64b_stencil_T128_d96_L3_s0_lr0.8] step   5550  train 3.2280  val 3.2625  acc 0.1207  (299s)
[p64b_stencil_T128_d96_L3_s0_lr0.8] step   5700  train 3.2327  val 3.2571  acc 0.1198  (308s)
[p64b_stencil_T128_d96_L3_s0_lr0.8] step   5850  train 3.2305  val 3.2602  acc 0.1207  (316s)
[p64b_stencil_T128_d96_L3_s0_lr0.8] zero-shot T=128  val 3.2864  acc 0.1172
[p64b_stencil_T128_d96_L3_s0_lr0.8] zero-shot T=256  val 3.2862  acc 0.1343
[p64b_stencil_T128_d96_L3_s0_lr0.8] zero-shot T=512  val 3.3189  acc 0.1209
[p64b_stencil_T128_d96_L3_s0_lr0.8] done in 325s; best val 3.2571  (18.44 steps/s)
