D:\dsh\work\scaleup\scripts\spectral_lm_torch.py:510: UserWarning: The given NumPy array is not writable, and PyTorch does not support non-writable tensors. This means writing to this tensor will result in undefined behavior. You may want to copy the array to protect its data or make it writable before converting it to a tensor. This type of warning will be suppressed for the rest of this program. (Triggered internally at C:\actions-runner\_work\pytorch\pytorch\pytorch\torch\csrc\utils\tensor_numpy.cpp:212.)
  self.train = torch.as_tensor(np.ascontiguousarray(corpus.train), device=device)
== run double_spectral_T128_d96_L3_s0_lr0.8 | corpus 4.0MB vocab=33 | params=375168 (mix=148032 active=37440) | cuda torch.float32
[double_spectral_T128_d96_L3_s0_lr0.8] step      0  train 0.0000  val 3.5101  acc 0.0275  (0s)
[double_spectral_T128_d96_L3_s0_lr0.8] step    100  train 3.5059  val 3.4276  acc 0.1003  (6s)
[double_spectral_T128_d96_L3_s0_lr0.8] step    200  train 3.3107  val 3.3042  acc 0.1158  (12s)
[double_spectral_T128_d96_L3_s0_lr0.8] step    300  train 3.2851  val 3.3056  acc 0.1182  (17s)
[double_spectral_T128_d96_L3_s0_lr0.8] step    400  train 3.2726  val 3.2956  acc 0.1244  (23s)
[double_spectral_T128_d96_L3_s0_lr0.8] step    500  train 3.2712  val 3.2861  acc 0.1168  (29s)
[double_spectral_T128_d96_L3_s0_lr0.8] step    600  train 3.2646  val 3.2807  acc 0.1176  (34s)
[double_spectral_T128_d96_L3_s0_lr0.8] step    700  train 3.2537  val 3.2826  acc 0.1215  (40s)
[double_spectral_T128_d96_L3_s0_lr0.8] step    800  train 3.2512  val 3.2827  acc 0.1259  (45s)
[double_spectral_T128_d96_L3_s0_lr0.8] step    900  train 3.2613  val 3.2936  acc 0.1242  (51s)
[double_spectral_T128_d96_L3_s0_lr0.8] step   1000  train 3.2474  val 3.2694  acc 0.1283  (57s)
[double_spectral_T128_d96_L3_s0_lr0.8] step   1100  train 3.2459  val 3.2633  acc 0.1308  (62s)
[double_spectral_T128_d96_L3_s0_lr0.8] step   1200  train 3.2472  val 3.2731  acc 0.1290  (68s)
[double_spectral_T128_d96_L3_s0_lr0.8] step   1300  train 3.2424  val 3.2723  acc 0.1248  (74s)
[double_spectral_T128_d96_L3_s0_lr0.8] step   1400  train 3.2419  val 3.2777  acc 0.1153  (79s)
[double_spectral_T128_d96_L3_s0_lr0.8] step   1500  train 3.2341  val 3.2521  acc 0.1331  (85s)
[double_spectral_T128_d96_L3_s0_lr0.8] step   1600  train 3.2390  val 3.2646  acc 0.1438  (91s)
[double_spectral_T128_d96_L3_s0_lr0.8] step   1700  train 3.2340  val 3.2630  acc 0.1320  (96s)
[double_spectral_T128_d96_L3_s0_lr0.8] step   1800  train 3.2291  val 3.2644  acc 0.1259  (102s)
[double_spectral_T128_d96_L3_s0_lr0.8] step   1900  train 3.2321  val 3.2560  acc 0.1334  (108s)
[double_spectral_T128_d96_L3_s0_lr0.8] step   2000  train 3.2217  val 3.2530  acc 0.1342  (113s)
[double_spectral_T128_d96_L3_s0_lr0.8] step   2100  train 3.2248  val 3.2427  acc 0.1379  (119s)
[double_spectral_T128_d96_L3_s0_lr0.8] step   2200  train 3.2187  val 3.2466  acc 0.1427  (124s)
[double_spectral_T128_d96_L3_s0_lr0.8] step   2300  train 3.2163  val 3.2488  acc 0.1324  (130s)
[double_spectral_T128_d96_L3_s0_lr0.8] step   2400  train 3.2161  val 3.2485  acc 0.1407  (136s)
[double_spectral_T128_d96_L3_s0_lr0.8] step   2500  train 3.2070  val 3.2384  acc 0.1367  (141s)
[double_spectral_T128_d96_L3_s0_lr0.8] step   2600  train 3.2065  val 3.2393  acc 0.1461  (147s)
[double_spectral_T128_d96_L3_s0_lr0.8] step   2700  train 3.2079  val 3.2392  acc 0.1440  (153s)
[double_spectral_T128_d96_L3_s0_lr0.8] step   2800  train 3.2081  val 3.2385  acc 0.1387  (158s)
[double_spectral_T128_d96_L3_s0_lr0.8] step   2900  train 3.2044  val 3.2372  acc 0.1413  (164s)
[double_spectral_T128_d96_L3_s0_lr0.8] zero-shot T=128  val 3.2398  acc 0.1489
[double_spectral_T128_d96_L3_s0_lr0.8] zero-shot T=256  val 3.4800  acc 0.1258
[double_spectral_T128_d96_L3_s0_lr0.8] zero-shot T=512  val 3.6354  acc 0.1098
[double_spectral_T128_d96_L3_s0_lr0.8] done in 170s; best val 3.2311  (17.63 steps/s)
