D:\dsh\work\scaleup\scripts\spectral_lm_torch.py:510: UserWarning: The given NumPy array is not writable, and PyTorch does not support non-writable tensors. This means writing to this tensor will result in undefined behavior. You may want to copy the array to protect its data or make it writable before converting it to a tensor. This type of warning will be suppressed for the rest of this program. (Triggered internally at C:\actions-runner\_work\pytorch\pytorch\pytorch\torch\csrc\utils\tensor_numpy.cpp:212.)
  self.train = torch.as_tensor(np.ascontiguousarray(corpus.train), device=device)
== run double_attn_T128_d96_L3_s0_lr0.2 | corpus 4.0MB vocab=33 | params=338880 (mix=111744 active=111744) | cuda torch.float32
[double_attn_T128_d96_L3_s0_lr0.2] step      0  train 0.0000  val 3.5143  acc 0.0275  (0s)
[double_attn_T128_d96_L3_s0_lr0.2] step    100  train 3.4984  val 3.4794  acc 0.0267  (9s)
[double_attn_T128_d96_L3_s0_lr0.2] step    200  train 3.4713  val 3.4756  acc 0.0291  (18s)
[double_attn_T128_d96_L3_s0_lr0.2] step    300  train 3.4706  val 3.4703  acc 0.0271  (27s)
[double_attn_T128_d96_L3_s0_lr0.2] step    400  train 3.4692  val 3.4692  acc 0.0303  (36s)
[double_attn_T128_d96_L3_s0_lr0.2] step    500  train 3.4683  val 3.4665  acc 0.0277  (45s)
[double_attn_T128_d96_L3_s0_lr0.2] step    600  train 3.4682  val 3.4678  acc 0.0264  (54s)
[double_attn_T128_d96_L3_s0_lr0.2] step    700  train 3.4678  val 3.4710  acc 0.0304  (63s)
[double_attn_T128_d96_L3_s0_lr0.2] step    800  train 3.4671  val 3.4637  acc 0.0417  (71s)
[double_attn_T128_d96_L3_s0_lr0.2] step    900  train 3.4666  val 3.4678  acc 0.0320  (80s)
[double_attn_T128_d96_L3_s0_lr0.2] step   1000  train 3.4669  val 3.4692  acc 0.0400  (89s)
[double_attn_T128_d96_L3_s0_lr0.2] step   1100  train 3.4652  val 3.4646  acc 0.0391  (98s)
[double_attn_T128_d96_L3_s0_lr0.2] step   1200  train 3.4603  val 3.4608  acc 0.0297  (107s)
[double_attn_T128_d96_L3_s0_lr0.2] step   1300  train 3.4446  val 3.4539  acc 0.0336  (116s)
[double_attn_T128_d96_L3_s0_lr0.2] step   1400  train 3.4390  val 3.4413  acc 0.0407  (125s)
[double_attn_T128_d96_L3_s0_lr0.2] step   1500  train 3.4214  val 3.4248  acc 0.0791  (134s)
[double_attn_T128_d96_L3_s0_lr0.2] step   1600  train 3.3966  val 3.3959  acc 0.0839  (143s)
[double_attn_T128_d96_L3_s0_lr0.2] step   1700  train 3.3575  val 3.3788  acc 0.1045  (152s)
[double_attn_T128_d96_L3_s0_lr0.2] step   1800  train 3.3157  val 3.3354  acc 0.1128  (160s)
[double_attn_T128_d96_L3_s0_lr0.2] step   1900  train 3.2989  val 3.3322  acc 0.1154  (169s)
[double_attn_T128_d96_L3_s0_lr0.2] step   2000  train 3.2778  val 3.3192  acc 0.1216  (178s)
[double_attn_T128_d96_L3_s0_lr0.2] step   2100  train 3.2740  val 3.3065  acc 0.1242  (187s)
[double_attn_T128_d96_L3_s0_lr0.2] step   2200  train 3.2640  val 3.2958  acc 0.1253  (196s)
[double_attn_T128_d96_L3_s0_lr0.2] step   2300  train 3.2603  val 3.2992  acc 0.1276  (205s)
[double_attn_T128_d96_L3_s0_lr0.2] step   2400  train 3.2590  val 3.2928  acc 0.1182  (214s)
[double_attn_T128_d96_L3_s0_lr0.2] step   2500  train 3.2497  val 3.2846  acc 0.1273  (223s)
[double_attn_T128_d96_L3_s0_lr0.2] step   2600  train 3.2505  val 3.2905  acc 0.1258  (232s)
[double_attn_T128_d96_L3_s0_lr0.2] step   2700  train 3.2512  val 3.2860  acc 0.1123  (241s)
[double_attn_T128_d96_L3_s0_lr0.2] step   2800  train 3.2516  val 3.2826  acc 0.1310  (249s)
[double_attn_T128_d96_L3_s0_lr0.2] step   2900  train 3.2479  val 3.2837  acc 0.1292  (258s)
[double_attn_T128_d96_L3_s0_lr0.2] zero-shot T=128  val 3.2967  acc 0.1197
[double_attn_T128_d96_L3_s0_lr0.2] zero-shot T=256  val 3.3801  acc 0.0786
[double_attn_T128_d96_L3_s0_lr0.2] zero-shot T=512  val 3.4250  acc 0.0709
[double_attn_T128_d96_L3_s0_lr0.2] done in 267s; best val 3.2752  (11.25 steps/s)
