D:\dsh\work\scaleup\scripts\spectral_lm_torch.py:510: UserWarning: The given NumPy array is not writable, and PyTorch does not support non-writable tensors. This means writing to this tensor will result in undefined behavior. You may want to copy the array to protect its data or make it writable before converting it to a tensor. This type of warning will be suppressed for the rest of this program. (Triggered internally at C:\actions-runner\_work\pytorch\pytorch\pytorch\torch\csrc\utils\tensor_numpy.cpp:212.)
  self.train = torch.as_tensor(np.ascontiguousarray(corpus.train), device=device)
== run double_stencil_T128_d96_L3_s0_lr0.8 | corpus 4.0MB vocab=33 | params=228576 (mix=1440 active=1440) | cuda torch.float32
[double_stencil_T128_d96_L3_s0_lr0.8] step      0  train 0.0000  val 3.5147  acc 0.0329  (0s)
[double_stencil_T128_d96_L3_s0_lr0.8] step    100  train 3.5027  val 3.3931  acc 0.1011  (6s)
[double_stencil_T128_d96_L3_s0_lr0.8] step    200  train 3.3371  val 3.3068  acc 0.1168  (11s)
[double_stencil_T128_d96_L3_s0_lr0.8] step    300  train 3.2834  val 3.2960  acc 0.1181  (17s)
[double_stencil_T128_d96_L3_s0_lr0.8] step    400  train 3.2763  val 3.2975  acc 0.1175  (22s)
[double_stencil_T128_d96_L3_s0_lr0.8] step    500  train 3.2734  val 3.2999  acc 0.1088  (28s)
[double_stencil_T128_d96_L3_s0_lr0.8] step    600  train 3.2702  val 3.2853  acc 0.1225  (33s)
[double_stencil_T128_d96_L3_s0_lr0.8] step    700  train 3.2609  val 3.2909  acc 0.1163  (38s)
[double_stencil_T128_d96_L3_s0_lr0.8] step    800  train 3.2592  val 3.2912  acc 0.1179  (44s)
[double_stencil_T128_d96_L3_s0_lr0.8] step    900  train 3.2711  val 3.3043  acc 0.1104  (49s)
[double_stencil_T128_d96_L3_s0_lr0.8] step   1000  train 3.2586  val 3.2887  acc 0.1204  (55s)
[double_stencil_T128_d96_L3_s0_lr0.8] step   1100  train 3.2600  val 3.2916  acc 0.1225  (60s)
[double_stencil_T128_d96_L3_s0_lr0.8] step   1200  train 3.2627  val 3.2879  acc 0.1208  (66s)
[double_stencil_T128_d96_L3_s0_lr0.8] step   1300  train 3.2568  val 3.2859  acc 0.1202  (71s)
[double_stencil_T128_d96_L3_s0_lr0.8] step   1400  train 3.2579  val 3.2904  acc 0.1128  (77s)
[double_stencil_T128_d96_L3_s0_lr0.8] step   1500  train 3.2518  val 3.2805  acc 0.1216  (82s)
[double_stencil_T128_d96_L3_s0_lr0.8] step   1600  train 3.2559  val 3.2870  acc 0.1215  (87s)
[double_stencil_T128_d96_L3_s0_lr0.8] step   1700  train 3.2538  val 3.2867  acc 0.1184  (93s)
[double_stencil_T128_d96_L3_s0_lr0.8] step   1800  train 3.2504  val 3.2840  acc 0.1206  (98s)
[double_stencil_T128_d96_L3_s0_lr0.8] step   1900  train 3.2549  val 3.2809  acc 0.1173  (104s)
[double_stencil_T128_d96_L3_s0_lr0.8] step   2000  train 3.2473  val 3.2819  acc 0.1229  (109s)
[double_stencil_T128_d96_L3_s0_lr0.8] step   2100  train 3.2533  val 3.2794  acc 0.1286  (115s)
[double_stencil_T128_d96_L3_s0_lr0.8] step   2200  train 3.2470  val 3.2723  acc 0.1260  (120s)
[double_stencil_T128_d96_L3_s0_lr0.8] step   2300  train 3.2469  val 3.2807  acc 0.1178  (126s)
[double_stencil_T128_d96_L3_s0_lr0.8] step   2400  train 3.2482  val 3.2781  acc 0.1132  (131s)
[double_stencil_T128_d96_L3_s0_lr0.8] step   2500  train 3.2410  val 3.2749  acc 0.1188  (136s)
[double_stencil_T128_d96_L3_s0_lr0.8] step   2600  train 3.2424  val 3.2754  acc 0.1221  (142s)
[double_stencil_T128_d96_L3_s0_lr0.8] step   2700  train 3.2445  val 3.2764  acc 0.1156  (147s)
[double_stencil_T128_d96_L3_s0_lr0.8] step   2800  train 3.2457  val 3.2781  acc 0.1121  (153s)
[double_stencil_T128_d96_L3_s0_lr0.8] step   2900  train 3.2434  val 3.2772  acc 0.1175  (158s)
[double_stencil_T128_d96_L3_s0_lr0.8] zero-shot T=128  val 3.2974  acc 0.1053
[double_stencil_T128_d96_L3_s0_lr0.8] zero-shot T=256  val 3.2640  acc 0.1281
[double_stencil_T128_d96_L3_s0_lr0.8] zero-shot T=512  val 3.2953  acc 0.1232
[double_stencil_T128_d96_L3_s0_lr0.8] done in 164s; best val 3.2722  (18.31 steps/s)
