D:\dsh\work\scaleup\scripts\spectral_lm_torch.py:510: UserWarning: The given NumPy array is not writable, and PyTorch does not support non-writable tensors. This means writing to this tensor will result in undefined behavior. You may want to copy the array to protect its data or make it writable before converting it to a tensor. This type of warning will be suppressed for the rest of this program. (Triggered internally at C:\actions-runner\_work\pytorch\pytorch\pytorch\torch\csrc\utils\tensor_numpy.cpp:212.)
  self.train = torch.as_tensor(np.ascontiguousarray(corpus.train), device=device)
== run double_fnet_T128_d96_L3_s0_lr0.8 | corpus 4.0MB vocab=33 | params=227136 (mix=0 active=0) | cuda torch.float32
[double_fnet_T128_d96_L3_s0_lr0.8] step      0  train 0.0000  val 3.5143  acc 0.0341  (0s)
[double_fnet_T128_d96_L3_s0_lr0.8] step    100  train 3.4994  val 3.4602  acc 0.0645  (1s)
[double_fnet_T128_d96_L3_s0_lr0.8] step    200  train 3.4303  val 3.4324  acc 0.0795  (3s)
[double_fnet_T128_d96_L3_s0_lr0.8] step    300  train 3.3873  val 3.3623  acc 0.0960  (8s)
[double_fnet_T128_d96_L3_s0_lr0.8] step    400  train 3.3173  val 3.2918  acc 0.0922  (13s)
[double_fnet_T128_d96_L3_s0_lr0.8] step    500  train 3.2622  val 3.2222  acc 0.1040  (17s)
[double_fnet_T128_d96_L3_s0_lr0.8] step    600  train 3.2004  val 3.1855  acc 0.1327  (22s)
[double_fnet_T128_d96_L3_s0_lr0.8] step    700  train 3.1515  val 3.1270  acc 0.1558  (27s)
[double_fnet_T128_d96_L3_s0_lr0.8] step    800  train 3.1099  val 3.1163  acc 0.1527  (32s)
[double_fnet_T128_d96_L3_s0_lr0.8] step    900  train 3.0522  val 3.0729  acc 0.1734  (37s)
[double_fnet_T128_d96_L3_s0_lr0.8] step   1000  train 3.0362  val 3.0509  acc 0.1797  (42s)
[double_fnet_T128_d96_L3_s0_lr0.8] step   1100  train 3.0058  val 3.0022  acc 0.1968  (46s)
[double_fnet_T128_d96_L3_s0_lr0.8] step   1200  train 2.9827  val 3.0182  acc 0.1857  (51s)
[double_fnet_T128_d96_L3_s0_lr0.8] step   1300  train 2.9791  val 3.0125  acc 0.1751  (56s)
[double_fnet_T128_d96_L3_s0_lr0.8] step   1400  train 2.9539  val 2.9727  acc 0.1802  (61s)
[double_fnet_T128_d96_L3_s0_lr0.8] step   1500  train 2.9524  val 2.9675  acc 0.1981  (66s)
[double_fnet_T128_d96_L3_s0_lr0.8] step   1600  train 2.9440  val 2.9575  acc 0.1975  (71s)
[double_fnet_T128_d96_L3_s0_lr0.8] step   1700  train 2.9232  val 2.9436  acc 0.2087  (75s)
[double_fnet_T128_d96_L3_s0_lr0.8] step   1800  train 2.9095  val 2.9479  acc 0.2108  (80s)
[double_fnet_T128_d96_L3_s0_lr0.8] step   1900  train 2.9010  val 2.9186  acc 0.2172  (85s)
[double_fnet_T128_d96_L3_s0_lr0.8] step   2000  train 2.8908  val 2.8890  acc 0.2145  (90s)
[double_fnet_T128_d96_L3_s0_lr0.8] step   2100  train 2.8718  val 2.8986  acc 0.2146  (95s)
[double_fnet_T128_d96_L3_s0_lr0.8] step   2200  train 2.8724  val 2.8936  acc 0.2206  (100s)
[double_fnet_T128_d96_L3_s0_lr0.8] step   2300  train 2.8570  val 2.8969  acc 0.2209  (104s)
[double_fnet_T128_d96_L3_s0_lr0.8] step   2400  train 2.8521  val 2.8808  acc 0.2303  (109s)
[double_fnet_T128_d96_L3_s0_lr0.8] step   2500  train 2.8336  val 2.8652  acc 0.2278  (114s)
[double_fnet_T128_d96_L3_s0_lr0.8] step   2600  train 2.8346  val 2.8418  acc 0.2274  (119s)
[double_fnet_T128_d96_L3_s0_lr0.8] step   2700  train 2.8258  val 2.8502  acc 0.2354  (124s)
[double_fnet_T128_d96_L3_s0_lr0.8] step   2800  train 2.8118  val 2.8377  acc 0.2318  (129s)
[double_fnet_T128_d96_L3_s0_lr0.8] step   2900  train 2.8264  val 2.8419  acc 0.2358  (134s)
[double_fnet_T128_d96_L3_s0_lr0.8] zero-shot T=128  val 2.7894  acc 0.2509
[double_fnet_T128_d96_L3_s0_lr0.8] zero-shot T=256  val 4.5911  acc 0.1035
[double_fnet_T128_d96_L3_s0_lr0.8] zero-shot T=512  val 7.4988  acc 0.0869
[double_fnet_T128_d96_L3_s0_lr0.8] done in 139s; best val 2.8253  (21.65 steps/s)
