D:\dsh\work\scaleup\scripts\spectral_lm_torch.py:510: UserWarning: The given NumPy array is not writable, and PyTorch does not support non-writable tensors. This means writing to this tensor will result in undefined behavior. You may want to copy the array to protect its data or make it writable before converting it to a tensor. This type of warning will be suppressed for the rest of this program. (Triggered internally at C:\actions-runner\_work\pytorch\pytorch\pytorch\torch\csrc\utils\tensor_numpy.cpp:212.)
  self.train = torch.as_tensor(np.ascontiguousarray(corpus.train), device=device)
== run p4_attn_T128_d96_L3_s0_lr0.2 | corpus 4.0MB vocab=33 | params=338880 (mix=111744 active=111744) | cuda torch.float32
[p4_attn_T128_d96_L3_s0_lr0.2] step      0  train 0.0000  val 3.5259  acc 0.0077  (0s)
[p4_attn_T128_d96_L3_s0_lr0.2] step    100  train 3.5340  val 3.4979  acc 0.0249  (9s)
[p4_attn_T128_d96_L3_s0_lr0.2] step    200  train 3.4711  val 3.4464  acc 0.0735  (18s)
[p4_attn_T128_d96_L3_s0_lr0.2] step    300  train 3.2166  val 2.8932  acc 0.1740  (27s)
[p4_attn_T128_d96_L3_s0_lr0.2] step    400  train 1.7464  val 0.1885  acc 0.9652  (36s)
[p4_attn_T128_d96_L3_s0_lr0.2] step    500  train 0.1097  val 0.0501  acc 0.9904  (45s)
[p4_attn_T128_d96_L3_s0_lr0.2] step    600  train 0.0414  val 0.0389  acc 0.9949  (54s)
[p4_attn_T128_d96_L3_s0_lr0.2] step    700  train 0.0311  val 0.0164  acc 0.9966  (63s)
[p4_attn_T128_d96_L3_s0_lr0.2] step    800  train 0.0229  val 0.0252  acc 0.9940  (72s)
[p4_attn_T128_d96_L3_s0_lr0.2] step    900  train 0.0230  val 0.0167  acc 0.9965  (81s)
[p4_attn_T128_d96_L3_s0_lr0.2] step   1000  train 0.0194  val 0.0123  acc 0.9965  (90s)
[p4_attn_T128_d96_L3_s0_lr0.2] step   1100  train 0.0205  val 0.0163  acc 0.9958  (99s)
[p4_attn_T128_d96_L3_s0_lr0.2] step   1200  train 0.0157  val 0.0069  acc 0.9974  (108s)
[p4_attn_T128_d96_L3_s0_lr0.2] step   1300  train 0.0139  val 0.0036  acc 0.9983  (117s)
[p4_attn_T128_d96_L3_s0_lr0.2] step   1400  train 0.0140  val 0.0046  acc 0.9983  (125s)
[p4_attn_T128_d96_L3_s0_lr0.2] step   1500  train 0.0126  val 0.0045  acc 0.9975  (134s)
[p4_attn_T128_d96_L3_s0_lr0.2] step   1600  train 0.0129  val 0.0029  acc 0.9991  (143s)
[p4_attn_T128_d96_L3_s0_lr0.2] step   1700  train 0.0129  val 0.0024  acc 0.9991  (152s)
[p4_attn_T128_d96_L3_s0_lr0.2] step   1800  train 0.0135  val 0.0036  acc 0.9991  (161s)
[p4_attn_T128_d96_L3_s0_lr0.2] step   1900  train 0.0124  val 0.0025  acc 1.0000  (170s)
[p4_attn_T128_d96_L3_s0_lr0.2] step   2000  train 0.0135  val 0.0035  acc 0.9991  (179s)
[p4_attn_T128_d96_L3_s0_lr0.2] step   2100  train 0.0106  val 0.0037  acc 0.9983  (188s)
[p4_attn_T128_d96_L3_s0_lr0.2] step   2200  train 0.0107  val 0.0023  acc 1.0000  (197s)
[p4_attn_T128_d96_L3_s0_lr0.2] step   2300  train 0.0122  val 0.0025  acc 0.9991  (206s)
[p4_attn_T128_d96_L3_s0_lr0.2] step   2400  train 0.0109  val 0.0022  acc 1.0000  (215s)
[p4_attn_T128_d96_L3_s0_lr0.2] step   2500  train 0.0121  val 0.0026  acc 0.9991  (224s)
[p4_attn_T128_d96_L3_s0_lr0.2] step   2600  train 0.0094  val 0.0017  acc 1.0000  (232s)
[p4_attn_T128_d96_L3_s0_lr0.2] step   2700  train 0.0107  val 0.0017  acc 1.0000  (241s)
[p4_attn_T128_d96_L3_s0_lr0.2] step   2800  train 0.0103  val 0.0018  acc 1.0000  (250s)
[p4_attn_T128_d96_L3_s0_lr0.2] step   2900  train 0.0106  val 0.0017  acc 1.0000  (259s)
[p4_attn_T128_d96_L3_s0_lr0.2] zero-shot T=128  val 0.0027  acc 1.0000
[p4_attn_T128_d96_L3_s0_lr0.2] zero-shot T=256  val 1.3621  acc 0.7643
[p4_attn_T128_d96_L3_s0_lr0.2] zero-shot T=512  val 4.4927  acc 0.4202
[p4_attn_T128_d96_L3_s0_lr0.2] done in 269s; best val 0.0017  (11.17 steps/s)
