D:\dsh\work\scaleup\scripts\spectral_lm_torch.py:510: UserWarning: The given NumPy array is not writable, and PyTorch does not support non-writable tensors. This means writing to this tensor will result in undefined behavior. You may want to copy the array to protect its data or make it writable before converting it to a tensor. This type of warning will be suppressed for the rest of this program. (Triggered internally at C:\actions-runner\_work\pytorch\pytorch\pytorch\torch\csrc\utils\tensor_numpy.cpp:212.)
  self.train = torch.as_tensor(np.ascontiguousarray(corpus.train), device=device)
== run p4_fnet_T128_d96_L3_s0_lr0.8 | corpus 4.0MB vocab=33 | params=227136 (mix=0 active=0) | cuda torch.float32
[p4_fnet_T128_d96_L3_s0_lr0.8] step      0  train 0.0000  val 3.5068  acc 0.0784  (0s)
[p4_fnet_T128_d96_L3_s0_lr0.8] step    100  train 1.9761  val 0.4972  acc 0.8798  (5s)
[p4_fnet_T128_d96_L3_s0_lr0.8] step    200  train 0.3630  val 0.3000  acc 0.9197  (10s)
[p4_fnet_T128_d96_L3_s0_lr0.8] step    300  train 0.2717  val 0.2481  acc 0.9312  (15s)
[p4_fnet_T128_d96_L3_s0_lr0.8] step    400  train 0.2506  val 0.2138  acc 0.9321  (20s)
[p4_fnet_T128_d96_L3_s0_lr0.8] step    500  train 0.2298  val 0.1974  acc 0.9374  (25s)
[p4_fnet_T128_d96_L3_s0_lr0.8] step    600  train 0.2254  val 0.2202  acc 0.9358  (30s)
[p4_fnet_T128_d96_L3_s0_lr0.8] step    700  train 0.2105  val 0.2021  acc 0.9420  (35s)
[p4_fnet_T128_d96_L3_s0_lr0.8] step    800  train 0.2053  val 0.2097  acc 0.9400  (40s)
[p4_fnet_T128_d96_L3_s0_lr0.8] step    900  train 0.2047  val 0.1980  acc 0.9367  (45s)
[p4_fnet_T128_d96_L3_s0_lr0.8] step   1000  train 0.1962  val 0.1927  acc 0.9382  (50s)
[p4_fnet_T128_d96_L3_s0_lr0.8] step   1100  train 0.1953  val 0.1865  acc 0.9384  (55s)
[p4_fnet_T128_d96_L3_s0_lr0.8] step   1200  train 0.1897  val 0.1630  acc 0.9408  (60s)
[p4_fnet_T128_d96_L3_s0_lr0.8] step   1300  train 0.1813  val 0.1664  acc 0.9417  (65s)
[p4_fnet_T128_d96_L3_s0_lr0.8] step   1400  train 0.1733  val 0.1652  acc 0.9428  (70s)
[p4_fnet_T128_d96_L3_s0_lr0.8] step   1500  train 0.1688  val 0.1563  acc 0.9435  (75s)
[p4_fnet_T128_d96_L3_s0_lr0.8] step   1600  train 0.1615  val 0.1399  acc 0.9478  (80s)
[p4_fnet_T128_d96_L3_s0_lr0.8] step   1700  train 0.1558  val 0.1456  acc 0.9454  (85s)
[p4_fnet_T128_d96_L3_s0_lr0.8] step   1800  train 0.1428  val 0.1337  acc 0.9530  (90s)
[p4_fnet_T128_d96_L3_s0_lr0.8] step   1900  train 0.1365  val 0.1175  acc 0.9582  (95s)
[p4_fnet_T128_d96_L3_s0_lr0.8] step   2000  train 0.1405  val 0.1180  acc 0.9558  (100s)
[p4_fnet_T128_d96_L3_s0_lr0.8] step   2100  train 0.1265  val 0.1057  acc 0.9539  (105s)
[p4_fnet_T128_d96_L3_s0_lr0.8] step   2200  train 0.1322  val 0.1183  acc 0.9556  (110s)
[p4_fnet_T128_d96_L3_s0_lr0.8] step   2300  train 0.1305  val 0.1088  acc 0.9575  (115s)
[p4_fnet_T128_d96_L3_s0_lr0.8] step   2400  train 0.1213  val 0.1074  acc 0.9584  (120s)
[p4_fnet_T128_d96_L3_s0_lr0.8] step   2500  train 0.1219  val 0.1093  acc 0.9575  (125s)
[p4_fnet_T128_d96_L3_s0_lr0.8] step   2600  train 0.1196  val 0.1037  acc 0.9576  (130s)
[p4_fnet_T128_d96_L3_s0_lr0.8] step   2700  train 0.1174  val 0.1081  acc 0.9573  (135s)
[p4_fnet_T128_d96_L3_s0_lr0.8] step   2800  train 0.1127  val 0.0994  acc 0.9591  (140s)
[p4_fnet_T128_d96_L3_s0_lr0.8] step   2900  train 0.1123  val 0.0982  acc 0.9599  (145s)
[p4_fnet_T128_d96_L3_s0_lr0.8] zero-shot T=128  val 0.0796  acc 0.9616
[p4_fnet_T128_d96_L3_s0_lr0.8] zero-shot T=256  val 0.3309  acc 0.9116
[p4_fnet_T128_d96_L3_s0_lr0.8] zero-shot T=512  val 0.6603  acc 0.8543
[p4_fnet_T128_d96_L3_s0_lr0.8] done in 151s; best val 0.0958  (19.92 steps/s)
