D:\dsh\work\scaleup\scripts\spectral_lm_torch.py:510: UserWarning: The given NumPy array is not writable, and PyTorch does not support non-writable tensors. This means writing to this tensor will result in undefined behavior. You may want to copy the array to protect its data or make it writable before converting it to a tensor. This type of warning will be suppressed for the rest of this program. (Triggered internally at C:\actions-runner\_work\pytorch\pytorch\pytorch\torch\csrc\utils\tensor_numpy.cpp:212.)
  self.train = torch.as_tensor(np.ascontiguousarray(corpus.train), device=device)
== run p4_spectral_T128_d96_L3_s0_lr0.8 | corpus 4.0MB vocab=33 | params=375168 (mix=148032 active=37440) | cuda torch.float32
[p4_spectral_T128_d96_L3_s0_lr0.8] step      0  train 0.0000  val 3.5321  acc 0.0222  (0s)
[p4_spectral_T128_d96_L3_s0_lr0.8] step    100  train 2.9217  val 0.2001  acc 0.9894  (6s)
[p4_spectral_T128_d96_L3_s0_lr0.8] step    200  train 0.0932  val 0.0404  acc 0.9948  (11s)
[p4_spectral_T128_d96_L3_s0_lr0.8] step    300  train 0.0398  val 0.0409  acc 0.9948  (17s)
[p4_spectral_T128_d96_L3_s0_lr0.8] step    400  train 0.0290  val 0.0272  acc 0.9957  (22s)
[p4_spectral_T128_d96_L3_s0_lr0.8] step    500  train 0.0205  val 0.0185  acc 0.9974  (28s)
[p4_spectral_T128_d96_L3_s0_lr0.8] step    600  train 0.0213  val 0.0150  acc 0.9974  (33s)
[p4_spectral_T128_d96_L3_s0_lr0.8] step    700  train 0.0120  val 0.0143  acc 0.9974  (39s)
[p4_spectral_T128_d96_L3_s0_lr0.8] step    800  train 0.0111  val 0.0059  acc 0.9991  (44s)
[p4_spectral_T128_d96_L3_s0_lr0.8] step    900  train 0.0171  val 0.0150  acc 0.9957  (50s)
[p4_spectral_T128_d96_L3_s0_lr0.8] step   1000  train 0.0127  val 0.0064  acc 0.9983  (55s)
[p4_spectral_T128_d96_L3_s0_lr0.8] step   1100  train 0.0154  val 0.0077  acc 0.9983  (60s)
[p4_spectral_T128_d96_L3_s0_lr0.8] step   1200  train 0.0128  val 0.0087  acc 0.9974  (66s)
[p4_spectral_T128_d96_L3_s0_lr0.8] step   1300  train 0.0117  val 0.0065  acc 0.9974  (71s)
[p4_spectral_T128_d96_L3_s0_lr0.8] step   1400  train 0.0108  val 0.0058  acc 0.9983  (77s)
[p4_spectral_T128_d96_L3_s0_lr0.8] step   1500  train 0.0111  val 0.0048  acc 0.9991  (82s)
[p4_spectral_T128_d96_L3_s0_lr0.8] step   1600  train 0.0103  val 0.0048  acc 0.9991  (88s)
[p4_spectral_T128_d96_L3_s0_lr0.8] step   1700  train 0.0110  val 0.0042  acc 0.9991  (93s)
[p4_spectral_T128_d96_L3_s0_lr0.8] step   1800  train 0.0122  val 0.0069  acc 0.9983  (99s)
[p4_spectral_T128_d96_L3_s0_lr0.8] step   1900  train 0.0121  val 0.0051  acc 0.9983  (104s)
[p4_spectral_T128_d96_L3_s0_lr0.8] step   2000  train 0.0147  val 0.0055  acc 0.9991  (110s)
[p4_spectral_T128_d96_L3_s0_lr0.8] step   2100  train 0.0082  val 0.0057  acc 0.9983  (115s)
[p4_spectral_T128_d96_L3_s0_lr0.8] step   2200  train 0.0113  val 0.0065  acc 0.9974  (121s)
[p4_spectral_T128_d96_L3_s0_lr0.8] step   2300  train 0.0131  val 0.0096  acc 0.9974  (126s)
[p4_spectral_T128_d96_L3_s0_lr0.8] step   2400  train 0.0109  val 0.0061  acc 0.9974  (132s)
[p4_spectral_T128_d96_L3_s0_lr0.8] step   2500  train 0.0111  val 0.0071  acc 0.9983  (137s)
[p4_spectral_T128_d96_L3_s0_lr0.8] step   2600  train 0.0107  val 0.0056  acc 0.9983  (143s)
[p4_spectral_T128_d96_L3_s0_lr0.8] step   2700  train 0.0113  val 0.0058  acc 0.9991  (148s)
[p4_spectral_T128_d96_L3_s0_lr0.8] step   2800  train 0.0105  val 0.0050  acc 0.9983  (153s)
[p4_spectral_T128_d96_L3_s0_lr0.8] step   2900  train 0.0105  val 0.0059  acc 0.9983  (159s)
[p4_spectral_T128_d96_L3_s0_lr0.8] zero-shot T=128  val 0.0017  acc 1.0000
[p4_spectral_T128_d96_L3_s0_lr0.8] zero-shot T=256  val 0.2867  acc 0.9190
[p4_spectral_T128_d96_L3_s0_lr0.8] zero-shot T=512  val 3.8914  acc 0.2618
[p4_spectral_T128_d96_L3_s0_lr0.8] done in 165s; best val 0.0042  (18.19 steps/s)
