D:\dsh\work\scaleup\scripts\spectral_lm_torch.py:510: UserWarning: The given NumPy array is not writable, and PyTorch does not support non-writable tensors. This means writing to this tensor will result in undefined behavior. You may want to copy the array to protect its data or make it writable before converting it to a tensor. This type of warning will be suppressed for the rest of this program. (Triggered internally at C:\actions-runner\_work\pytorch\pytorch\pytorch\torch\csrc\utils\tensor_numpy.cpp:212.)
  self.train = torch.as_tensor(np.ascontiguousarray(corpus.train), device=device)
== run p4_stencil_T128_d96_L3_s0_lr0.8 | corpus 4.0MB vocab=33 | params=228576 (mix=1440 active=1440) | cuda torch.float32
[p4_stencil_T128_d96_L3_s0_lr0.8] step      0  train 0.0000  val 3.5444  acc 0.0244  (0s)
[p4_stencil_T128_d96_L3_s0_lr0.8] step    100  train 3.5223  val 3.4573  acc 0.0506  (6s)
[p4_stencil_T128_d96_L3_s0_lr0.8] step    200  train 2.2495  val 0.3348  acc 0.9317  (11s)
[p4_stencil_T128_d96_L3_s0_lr0.8] step    300  train 0.1824  val 0.1634  acc 0.9654  (16s)
[p4_stencil_T128_d96_L3_s0_lr0.8] step    400  train 0.1443  val 0.1556  acc 0.9656  (22s)
[p4_stencil_T128_d96_L3_s0_lr0.8] step    500  train 0.1316  val 0.1602  acc 0.9613  (27s)
[p4_stencil_T128_d96_L3_s0_lr0.8] step    600  train 0.1361  val 0.1494  acc 0.9636  (32s)
[p4_stencil_T128_d96_L3_s0_lr0.8] step    700  train 0.1296  val 0.1422  acc 0.9665  (37s)
[p4_stencil_T128_d96_L3_s0_lr0.8] step    800  train 0.1299  val 0.1583  acc 0.9638  (43s)
[p4_stencil_T128_d96_L3_s0_lr0.8] step    900  train 0.1308  val 0.1443  acc 0.9614  (48s)
[p4_stencil_T128_d96_L3_s0_lr0.8] step   1000  train 0.1245  val 0.1368  acc 0.9645  (53s)
[p4_stencil_T128_d96_L3_s0_lr0.8] step   1100  train 0.1218  val 0.1523  acc 0.9612  (59s)
[p4_stencil_T128_d96_L3_s0_lr0.8] step   1200  train 0.1179  val 0.1627  acc 0.9627  (64s)
[p4_stencil_T128_d96_L3_s0_lr0.8] step   1300  train 0.1182  val 0.1554  acc 0.9620  (69s)
[p4_stencil_T128_d96_L3_s0_lr0.8] step   1400  train 0.1168  val 0.1393  acc 0.9653  (74s)
[p4_stencil_T128_d96_L3_s0_lr0.8] step   1500  train 0.1218  val 0.1422  acc 0.9612  (80s)
[p4_stencil_T128_d96_L3_s0_lr0.8] step   1600  train 0.1206  val 0.1466  acc 0.9656  (85s)
[p4_stencil_T128_d96_L3_s0_lr0.8] step   1700  train 0.1206  val 0.1357  acc 0.9639  (90s)
[p4_stencil_T128_d96_L3_s0_lr0.8] step   1800  train 0.1153  val 0.1317  acc 0.9663  (95s)
[p4_stencil_T128_d96_L3_s0_lr0.8] step   1900  train 0.1172  val 0.1312  acc 0.9689  (101s)
[p4_stencil_T128_d96_L3_s0_lr0.8] step   2000  train 0.1127  val 0.1255  acc 0.9656  (106s)
[p4_stencil_T128_d96_L3_s0_lr0.8] step   2100  train 0.1164  val 0.1300  acc 0.9640  (111s)
[p4_stencil_T128_d96_L3_s0_lr0.8] step   2200  train 0.1202  val 0.1331  acc 0.9647  (116s)
[p4_stencil_T128_d96_L3_s0_lr0.8] step   2300  train 0.1161  val 0.1224  acc 0.9664  (122s)
[p4_stencil_T128_d96_L3_s0_lr0.8] step   2400  train 0.1102  val 0.1302  acc 0.9697  (127s)
[p4_stencil_T128_d96_L3_s0_lr0.8] step   2500  train 0.1054  val 0.1358  acc 0.9681  (132s)
[p4_stencil_T128_d96_L3_s0_lr0.8] step   2600  train 0.1083  val 0.1286  acc 0.9675  (137s)
[p4_stencil_T128_d96_L3_s0_lr0.8] step   2700  train 0.1092  val 0.1289  acc 0.9696  (143s)
[p4_stencil_T128_d96_L3_s0_lr0.8] step   2800  train 0.1125  val 0.1245  acc 0.9674  (145s)
[p4_stencil_T128_d96_L3_s0_lr0.8] step   2900  train 0.1154  val 0.1250  acc 0.9653  (147s)
[p4_stencil_T128_d96_L3_s0_lr0.8] zero-shot T=128  val 0.1883  acc 0.9568
[p4_stencil_T128_d96_L3_s0_lr0.8] zero-shot T=256  val 0.1288  acc 0.9644
[p4_stencil_T128_d96_L3_s0_lr0.8] zero-shot T=512  val 0.2157  acc 0.9578
[p4_stencil_T128_d96_L3_s0_lr0.8] done in 148s; best val 0.1224  (20.30 steps/s)
