D:\dsh\work\scaleup\scripts\spectral_lm_torch.py:510: UserWarning: The given NumPy array is not writable, and PyTorch does not support non-writable tensors. This means writing to this tensor will result in undefined behavior. You may want to copy the array to protect its data or make it writable before converting it to a tensor. This type of warning will be suppressed for the rest of this program. (Triggered internally at C:\actions-runner\_work\pytorch\pytorch\pytorch\torch\csrc\utils\tensor_numpy.cpp:212.)
  self.train = torch.as_tensor(np.ascontiguousarray(corpus.train), device=device)
== run p64_stencil_T128_d96_L3_s0_lr0.8 | corpus 4.0MB vocab=33 | params=228576 (mix=1440 active=1440) | cuda torch.float32
[p64_stencil_T128_d96_L3_s0_lr0.8] step      0  train 0.0000  val 3.5247  acc 0.0355  (0s)
[p64_stencil_T128_d96_L3_s0_lr0.8] step    100  train 3.5025  val 3.3911  acc 0.1079  (6s)
[p64_stencil_T128_d96_L3_s0_lr0.8] step    200  train 3.3454  val 3.2874  acc 0.1254  (11s)
[p64_stencil_T128_d96_L3_s0_lr0.8] step    300  train 3.2807  val 3.2881  acc 0.1318  (17s)
[p64_stencil_T128_d96_L3_s0_lr0.8] step    400  train 3.2837  val 3.2907  acc 0.1293  (22s)
[p64_stencil_T128_d96_L3_s0_lr0.8] step    500  train 3.2715  val 3.2926  acc 0.1226  (28s)
[p64_stencil_T128_d96_L3_s0_lr0.8] step    600  train 3.2690  val 3.2852  acc 0.1269  (33s)
[p64_stencil_T128_d96_L3_s0_lr0.8] step    700  train 3.2574  val 3.2673  acc 0.1233  (38s)
[p64_stencil_T128_d96_L3_s0_lr0.8] step    800  train 3.2588  val 3.2747  acc 0.1234  (44s)
[p64_stencil_T128_d96_L3_s0_lr0.8] step    900  train 3.2681  val 3.2881  acc 0.1178  (49s)
[p64_stencil_T128_d96_L3_s0_lr0.8] step   1000  train 3.2552  val 3.2771  acc 0.1290  (55s)
[p64_stencil_T128_d96_L3_s0_lr0.8] step   1100  train 3.2536  val 3.2595  acc 0.1388  (60s)
[p64_stencil_T128_d96_L3_s0_lr0.8] step   1200  train 3.2544  val 3.2779  acc 0.1297  (66s)
[p64_stencil_T128_d96_L3_s0_lr0.8] step   1300  train 3.2519  val 3.2735  acc 0.1236  (71s)
[p64_stencil_T128_d96_L3_s0_lr0.8] step   1400  train 3.2509  val 3.2640  acc 0.1208  (77s)
[p64_stencil_T128_d96_L3_s0_lr0.8] step   1500  train 3.2421  val 3.2714  acc 0.1295  (82s)
[p64_stencil_T128_d96_L3_s0_lr0.8] step   1600  train 3.2509  val 3.2778  acc 0.1228  (87s)
[p64_stencil_T128_d96_L3_s0_lr0.8] step   1700  train 3.2493  val 3.2671  acc 0.1267  (93s)
[p64_stencil_T128_d96_L3_s0_lr0.8] step   1800  train 3.2453  val 3.2642  acc 0.1279  (98s)
[p64_stencil_T128_d96_L3_s0_lr0.8] step   1900  train 3.2475  val 3.2648  acc 0.1267  (104s)
[p64_stencil_T128_d96_L3_s0_lr0.8] step   2000  train 3.2409  val 3.2621  acc 0.1255  (109s)
[p64_stencil_T128_d96_L3_s0_lr0.8] step   2100  train 3.2450  val 3.2589  acc 0.1253  (115s)
[p64_stencil_T128_d96_L3_s0_lr0.8] step   2200  train 3.2349  val 3.2662  acc 0.1177  (120s)
[p64_stencil_T128_d96_L3_s0_lr0.8] step   2300  train 3.2394  val 3.2565  acc 0.1254  (125s)
[p64_stencil_T128_d96_L3_s0_lr0.8] step   2400  train 3.2384  val 3.2778  acc 0.1158  (131s)
[p64_stencil_T128_d96_L3_s0_lr0.8] step   2500  train 3.2300  val 3.2609  acc 0.1216  (136s)
[p64_stencil_T128_d96_L3_s0_lr0.8] step   2600  train 3.2342  val 3.2633  acc 0.1124  (142s)
[p64_stencil_T128_d96_L3_s0_lr0.8] step   2700  train 3.2369  val 3.2601  acc 0.1210  (147s)
[p64_stencil_T128_d96_L3_s0_lr0.8] step   2800  train 3.2345  val 3.2671  acc 0.1183  (153s)
[p64_stencil_T128_d96_L3_s0_lr0.8] step   2900  train 3.2363  val 3.2635  acc 0.1151  (158s)
[p64_stencil_T128_d96_L3_s0_lr0.8] zero-shot T=128  val 3.2930  acc 0.1096
[p64_stencil_T128_d96_L3_s0_lr0.8] zero-shot T=256  val 3.3009  acc 0.1277
[p64_stencil_T128_d96_L3_s0_lr0.8] zero-shot T=512  val 3.3331  acc 0.1176
[p64_stencil_T128_d96_L3_s0_lr0.8] done in 164s; best val 3.2565  (18.32 steps/s)
