D:\dsh\work\scaleup\scripts\spectral_lm_torch.py:510: UserWarning: The given NumPy array is not writable, and PyTorch does not support non-writable tensors. This means writing to this tensor will result in undefined behavior. You may want to copy the array to protect its data or make it writable before converting it to a tensor. This type of warning will be suppressed for the rest of this program. (Triggered internally at C:\actions-runner\_work\pytorch\pytorch\pytorch\torch\csrc\utils\tensor_numpy.cpp:212.)
  self.train = torch.as_tensor(np.ascontiguousarray(corpus.train), device=device)
== run p64_spectral_T128_d96_L3_s0_lr0.8 | corpus 4.0MB vocab=33 | params=375168 (mix=148032 active=37440) | cuda torch.float32
[p64_spectral_T128_d96_L3_s0_lr0.8] step      0  train 0.0000  val 3.5262  acc 0.0330  (0s)
[p64_spectral_T128_d96_L3_s0_lr0.8] step    100  train 3.5055  val 3.4100  acc 0.0913  (6s)
[p64_spectral_T128_d96_L3_s0_lr0.8] step    200  train 2.1201  val 0.9820  acc 0.7854  (12s)
[p64_spectral_T128_d96_L3_s0_lr0.8] step    300  train 0.8211  val 0.8076  acc 0.8152  (17s)
[p64_spectral_T128_d96_L3_s0_lr0.8] step    400  train 0.7114  val 0.7550  acc 0.8437  (23s)
[p64_spectral_T128_d96_L3_s0_lr0.8] step    500  train 0.6600  val 0.7314  acc 0.8494  (29s)
[p64_spectral_T128_d96_L3_s0_lr0.8] step    600  train 0.6629  val 0.7298  acc 0.8490  (34s)
[p64_spectral_T128_d96_L3_s0_lr0.8] step    700  train 0.6409  val 0.7205  acc 0.8480  (40s)
[p64_spectral_T128_d96_L3_s0_lr0.8] step    800  train 0.6213  val 0.7062  acc 0.8482  (46s)
[p64_spectral_T128_d96_L3_s0_lr0.8] step    900  train 0.6698  val 0.6984  acc 0.8474  (51s)
[p64_spectral_T128_d96_L3_s0_lr0.8] step   1000  train 0.6435  val 0.7009  acc 0.8497  (57s)
[p64_spectral_T128_d96_L3_s0_lr0.8] step   1100  train 0.6500  val 0.6837  acc 0.8507  (62s)
[p64_spectral_T128_d96_L3_s0_lr0.8] step   1200  train 0.6208  val 0.6961  acc 0.8470  (68s)
[p64_spectral_T128_d96_L3_s0_lr0.8] step   1300  train 0.6381  val 0.7102  acc 0.8514  (74s)
[p64_spectral_T128_d96_L3_s0_lr0.8] step   1400  train 0.6054  val 0.6776  acc 0.8489  (79s)
[p64_spectral_T128_d96_L3_s0_lr0.8] step   1500  train 0.6149  val 0.6805  acc 0.8480  (85s)
[p64_spectral_T128_d96_L3_s0_lr0.8] step   1600  train 0.6273  val 0.6736  acc 0.8489  (91s)
[p64_spectral_T128_d96_L3_s0_lr0.8] step   1700  train 0.5956  val 0.6712  acc 0.8480  (96s)
[p64_spectral_T128_d96_L3_s0_lr0.8] step   1800  train 0.6034  val 0.6731  acc 0.8480  (102s)
[p64_spectral_T128_d96_L3_s0_lr0.8] step   1900  train 0.6105  val 0.7267  acc 0.8574  (108s)
[p64_spectral_T128_d96_L3_s0_lr0.8] step   2000  train 0.5961  val 0.6655  acc 0.8463  (113s)
[p64_spectral_T128_d96_L3_s0_lr0.8] step   2100  train 0.5865  val 0.6592  acc 0.8514  (119s)
[p64_spectral_T128_d96_L3_s0_lr0.8] step   2200  train 0.5973  val 0.6632  acc 0.8517  (124s)
[p64_spectral_T128_d96_L3_s0_lr0.8] step   2300  train 0.5941  val 0.6535  acc 0.8550  (130s)
[p64_spectral_T128_d96_L3_s0_lr0.8] step   2400  train 0.5678  val 0.6597  acc 0.8497  (136s)
[p64_spectral_T128_d96_L3_s0_lr0.8] step   2500  train 0.5759  val 0.6553  acc 0.8499  (141s)
[p64_spectral_T128_d96_L3_s0_lr0.8] step   2600  train 0.5855  val 0.6613  acc 0.8524  (147s)
[p64_spectral_T128_d96_L3_s0_lr0.8] step   2700  train 0.5814  val 0.6632  acc 0.8462  (153s)
[p64_spectral_T128_d96_L3_s0_lr0.8] step   2800  train 0.5852  val 0.6596  acc 0.8454  (158s)
[p64_spectral_T128_d96_L3_s0_lr0.8] step   2900  train 0.5980  val 0.6561  acc 0.8490  (164s)
[p64_spectral_T128_d96_L3_s0_lr0.8] zero-shot T=128  val 0.6579  acc 0.8466
[p64_spectral_T128_d96_L3_s0_lr0.8] zero-shot T=256  val 1.6788  acc 0.7361
[p64_spectral_T128_d96_L3_s0_lr0.8] zero-shot T=512  val 2.8518  acc 0.2673
[p64_spectral_T128_d96_L3_s0_lr0.8] done in 170s; best val 0.6535  (17.64 steps/s)
