D:\dsh\work\scaleup\scripts\spectral_lm_torch.py:510: UserWarning: The given NumPy array is not writable, and PyTorch does not support non-writable tensors. This means writing to this tensor will result in undefined behavior. You may want to copy the array to protect its data or make it writable before converting it to a tensor. This type of warning will be suppressed for the rest of this program. (Triggered internally at C:\actions-runner\_work\pytorch\pytorch\pytorch\torch\csrc\utils\tensor_numpy.cpp:212.)
  self.train = torch.as_tensor(np.ascontiguousarray(corpus.train), device=device)
== run p64_fnet_T128_d96_L3_s0_lr0.8 | corpus 4.0MB vocab=33 | params=227136 (mix=0 active=0) | cuda torch.float32
[p64_fnet_T128_d96_L3_s0_lr0.8] step      0  train 0.0000  val 3.5042  acc 0.0422  (0s)
[p64_fnet_T128_d96_L3_s0_lr0.8] step    100  train 3.0138  val 1.3765  acc 0.7228  (5s)
[p64_fnet_T128_d96_L3_s0_lr0.8] step    200  train 1.1565  val 1.1736  acc 0.7499  (10s)
[p64_fnet_T128_d96_L3_s0_lr0.8] step    300  train 1.0774  val 1.0674  acc 0.7431  (15s)
[p64_fnet_T128_d96_L3_s0_lr0.8] step    400  train 1.0121  val 1.0587  acc 0.7502  (20s)
[p64_fnet_T128_d96_L3_s0_lr0.8] step    500  train 0.9888  val 1.0155  acc 0.7476  (25s)
[p64_fnet_T128_d96_L3_s0_lr0.8] step    600  train 0.9736  val 1.0320  acc 0.7473  (30s)
[p64_fnet_T128_d96_L3_s0_lr0.8] step    700  train 0.9536  val 1.0009  acc 0.7456  (35s)
[p64_fnet_T128_d96_L3_s0_lr0.8] step    800  train 0.9402  val 1.0119  acc 0.7446  (40s)
[p64_fnet_T128_d96_L3_s0_lr0.8] step    900  train 0.9665  val 0.9983  acc 0.7499  (45s)
[p64_fnet_T128_d96_L3_s0_lr0.8] step   1000  train 0.9426  val 0.9659  acc 0.7440  (50s)
[p64_fnet_T128_d96_L3_s0_lr0.8] step   1100  train 0.9457  val 0.9685  acc 0.7488  (55s)
[p64_fnet_T128_d96_L3_s0_lr0.8] step   1200  train 0.9150  val 0.9902  acc 0.7469  (60s)
[p64_fnet_T128_d96_L3_s0_lr0.8] step   1300  train 0.9236  val 0.9547  acc 0.7549  (65s)
[p64_fnet_T128_d96_L3_s0_lr0.8] step   1400  train 0.9043  val 0.9590  acc 0.7490  (70s)
[p64_fnet_T128_d96_L3_s0_lr0.8] step   1500  train 0.9073  val 0.9637  acc 0.7531  (75s)
[p64_fnet_T128_d96_L3_s0_lr0.8] step   1600  train 0.9259  val 0.9615  acc 0.7480  (80s)
[p64_fnet_T128_d96_L3_s0_lr0.8] step   1700  train 0.8944  val 0.9482  acc 0.7543  (85s)
[p64_fnet_T128_d96_L3_s0_lr0.8] step   1800  train 0.9045  val 0.9534  acc 0.7449  (90s)
[p64_fnet_T128_d96_L3_s0_lr0.8] step   1900  train 0.9070  val 0.9412  acc 0.7463  (95s)
[p64_fnet_T128_d96_L3_s0_lr0.8] step   2000  train 0.8912  val 0.9497  acc 0.7430  (100s)
[p64_fnet_T128_d96_L3_s0_lr0.8] step   2100  train 0.8809  val 0.9341  acc 0.7543  (105s)
[p64_fnet_T128_d96_L3_s0_lr0.8] step   2200  train 0.8992  val 0.9309  acc 0.7491  (110s)
[p64_fnet_T128_d96_L3_s0_lr0.8] step   2300  train 0.8947  val 0.9297  acc 0.7463  (115s)
[p64_fnet_T128_d96_L3_s0_lr0.8] step   2400  train 0.8624  val 0.9360  acc 0.7483  (120s)
[p64_fnet_T128_d96_L3_s0_lr0.8] step   2500  train 0.8684  val 0.9233  acc 0.7504  (125s)
[p64_fnet_T128_d96_L3_s0_lr0.8] step   2600  train 0.8761  val 0.9287  acc 0.7475  (130s)
[p64_fnet_T128_d96_L3_s0_lr0.8] step   2700  train 0.8746  val 0.9232  acc 0.7484  (135s)
[p64_fnet_T128_d96_L3_s0_lr0.8] step   2800  train 0.8754  val 0.9281  acc 0.7467  (140s)
[p64_fnet_T128_d96_L3_s0_lr0.8] step   2900  train 0.8820  val 0.9217  acc 0.7491  (145s)
[p64_fnet_T128_d96_L3_s0_lr0.8] zero-shot T=128  val 0.8710  acc 0.7586
[p64_fnet_T128_d96_L3_s0_lr0.8] zero-shot T=256  val 3.1640  acc 0.1860
[p64_fnet_T128_d96_L3_s0_lr0.8] zero-shot T=512  val 5.7748  acc 0.0704
[p64_fnet_T128_d96_L3_s0_lr0.8] done in 150s; best val 0.9217  (19.95 steps/s)
