D:\dsh\work\scaleup\scripts\spectral_lm_torch.py:510: UserWarning: The given NumPy array is not writable, and PyTorch does not support non-writable tensors. This means writing to this tensor will result in undefined behavior. You may want to copy the array to protect its data or make it writable before converting it to a tensor. This type of warning will be suppressed for the rest of this program. (Triggered internally at C:\actions-runner\_work\pytorch\pytorch\pytorch\torch\csrc\utils\tensor_numpy.cpp:212.)
  self.train = torch.as_tensor(np.ascontiguousarray(corpus.train), device=device)
== run p64_attn_T128_d96_L3_s0_lr0.2 | corpus 4.0MB vocab=33 | params=338880 (mix=111744 active=111744) | cuda torch.float32
[p64_attn_T128_d96_L3_s0_lr0.2] step      0  train 0.0000  val 3.5100  acc 0.0361  (0s)
[p64_attn_T128_d96_L3_s0_lr0.2] step    100  train 3.4968  val 3.4782  acc 0.0320  (9s)
[p64_attn_T128_d96_L3_s0_lr0.2] step    200  train 3.4719  val 3.4749  acc 0.0224  (18s)
[p64_attn_T128_d96_L3_s0_lr0.2] step    300  train 3.4689  val 3.4688  acc 0.0333  (27s)
[p64_attn_T128_d96_L3_s0_lr0.2] step    400  train 3.4683  val 3.4685  acc 0.0343  (36s)
[p64_attn_T128_d96_L3_s0_lr0.2] step    500  train 3.4684  val 3.4660  acc 0.0268  (45s)
[p64_attn_T128_d96_L3_s0_lr0.2] step    600  train 3.4678  val 3.4651  acc 0.0366  (54s)
[p64_attn_T128_d96_L3_s0_lr0.2] step    700  train 3.4674  val 3.4676  acc 0.0484  (63s)
[p64_attn_T128_d96_L3_s0_lr0.2] step    800  train 3.4675  val 3.4711  acc 0.0333  (71s)
[p64_attn_T128_d96_L3_s0_lr0.2] step    900  train 3.4674  val 3.4661  acc 0.0270  (80s)
[p64_attn_T128_d96_L3_s0_lr0.2] step   1000  train 3.4668  val 3.4650  acc 0.0512  (89s)
[p64_attn_T128_d96_L3_s0_lr0.2] step   1100  train 3.4659  val 3.4654  acc 0.0268  (98s)
[p64_attn_T128_d96_L3_s0_lr0.2] step   1200  train 3.4662  val 3.4671  acc 0.0334  (107s)
[p64_attn_T128_d96_L3_s0_lr0.2] step   1300  train 3.4656  val 3.4647  acc 0.0354  (116s)
[p64_attn_T128_d96_L3_s0_lr0.2] step   1400  train 3.4659  val 3.4639  acc 0.0374  (125s)
[p64_attn_T128_d96_L3_s0_lr0.2] step   1500  train 3.4655  val 3.4692  acc 0.0339  (134s)
[p64_attn_T128_d96_L3_s0_lr0.2] step   1600  train 3.4650  val 3.4610  acc 0.0436  (143s)
[p64_attn_T128_d96_L3_s0_lr0.2] step   1700  train 3.4640  val 3.4641  acc 0.0470  (152s)
[p64_attn_T128_d96_L3_s0_lr0.2] step   1800  train 3.4605  val 3.4554  acc 0.0402  (160s)
[p64_attn_T128_d96_L3_s0_lr0.2] step   1900  train 3.4451  val 3.4415  acc 0.0627  (169s)
[p64_attn_T128_d96_L3_s0_lr0.2] step   2000  train 3.4028  val 3.3673  acc 0.0971  (178s)
[p64_attn_T128_d96_L3_s0_lr0.2] step   2100  train 3.3569  val 3.3306  acc 0.1228  (187s)
[p64_attn_T128_d96_L3_s0_lr0.2] step   2200  train 3.3030  val 3.2965  acc 0.1212  (196s)
[p64_attn_T128_d96_L3_s0_lr0.2] step   2300  train 3.2878  val 3.2801  acc 0.1257  (205s)
[p64_attn_T128_d96_L3_s0_lr0.2] step   2400  train 3.2770  val 3.2837  acc 0.1309  (214s)
[p64_attn_T128_d96_L3_s0_lr0.2] step   2500  train 3.2593  val 3.2710  acc 0.1375  (223s)
[p64_attn_T128_d96_L3_s0_lr0.2] step   2600  train 3.2601  val 3.2696  acc 0.1364  (232s)
[p64_attn_T128_d96_L3_s0_lr0.2] step   2700  train 3.2584  val 3.2583  acc 0.1308  (241s)
[p64_attn_T128_d96_L3_s0_lr0.2] step   2800  train 3.2519  val 3.2598  acc 0.1302  (249s)
[p64_attn_T128_d96_L3_s0_lr0.2] step   2900  train 3.2515  val 3.2551  acc 0.1311  (258s)
[p64_attn_T128_d96_L3_s0_lr0.2] zero-shot T=128  val 3.2664  acc 0.1324
[p64_attn_T128_d96_L3_s0_lr0.2] zero-shot T=256  val 3.4646  acc 0.0723
[p64_attn_T128_d96_L3_s0_lr0.2] zero-shot T=512  val 3.5924  acc 0.0542
[p64_attn_T128_d96_L3_s0_lr0.2] done in 268s; best val 3.2477  (11.21 steps/s)
